Component: ARM Compiler 5.06 update 7 (build 960) Tool: armlink [4d3601]

==============================================================================

Section Cross References

    alg_pid.o(i.ALG_PID_Init) refers to alg_pid.o(i.ALG_PID_Reset) for ALG_PID_Reset
    main.o(i.SystemClock_Config) refers to memseta.o(.text) for __aeabi_memclr4
    main.o(i.SystemClock_Config) refers to stm32f4xx_hal_rcc.o(i.HAL_RCC_OscConfig) for HAL_RCC_OscConfig
    main.o(i.SystemClock_Config) refers to main.o(i.Error_Handler) for Error_Handler
    main.o(i.SystemClock_Config) refers to stm32f4xx_hal_rcc.o(i.HAL_RCC_ClockConfig) for HAL_RCC_ClockConfig
    main.o(i.main) refers to stm32f4xx_hal.o(i.HAL_Init) for HAL_Init
    main.o(i.main) refers to main.o(i.SystemClock_Config) for SystemClock_Config
    main.o(i.main) refers to app_uart.o(i.APP_UART_Init) for APP_UART_Init
    main.o(i.main) refers to app_encoder.o(i.APP_ENCODER_Init) for APP_ENCODER_Init
    main.o(i.main) refers to app_encoder.o(i.APP_ENCODER_Start) for APP_ENCODER_Start
    main.o(i.main) refers to app_encoder.o(i.APP_ENCODER_Clear) for APP_ENCODER_Clear
    main.o(i.main) refers to app_motor.o(i.APP_MOTOR_Init) for APP_MOTOR_Init
    main.o(i.main) refers to app_motor.o(i.APP_MOTOR_PID_Init) for APP_MOTOR_PID_Init
    main.o(i.main) refers to printfa.o(i.__0printf) for __2printf
    main.o(i.main) refers to app_motor.o(i.APP_MOTOR_Go2Revolutions) for APP_MOTOR_Go2Revolutions
    main.o(i.main) refers to app_motor.o(i.APP_MOTOR_RunToPosition) for APP_MOTOR_RunToPosition
    main.o(i.main) refers to app_encoder.o(i.APP_ENCODER_Count) for APP_ENCODER_Count
    main.o(i.main) refers to app_motor.o(i.APP_MOTOR_GetPIDOutput) for APP_MOTOR_GetPIDOutput
    main.o(i.main) refers to f2d.o(.text) for __aeabi_f2d
    main.o(i.main) refers to stm32f4xx_hal.o(i.HAL_Delay) for HAL_Delay
    main.o(i.main) refers to main.o(.data) for count
    main.o(i.main) refers to main.o(.conststring) for .conststring
    app_motor.o(i.APP_MOTOR_Ctrl) refers to if_motor.o(i.IF_MOTOR_Reversal) for IF_MOTOR_Reversal
    app_motor.o(i.APP_MOTOR_Ctrl) refers to if_motor.o(i.IF_MOTOR_Forward) for IF_MOTOR_Forward
    app_motor.o(i.APP_MOTOR_Ctrl) refers to if_motor.o(i.IF_MOTOR_SetSpeed) for IF_MOTOR_SetSpeed
    app_motor.o(i.APP_MOTOR_Ctrl) refers to if_motor.o(i.IF_MOTOR_Start) for IF_MOTOR_Start
    app_motor.o(i.APP_MOTOR_Ctrl) refers to app_motor.o(.data) for motor_speed
    app_motor.o(i.APP_MOTOR_GetPIDOutput) refers to alg_pid.o(i.ALG_PID_GetOutput) for ALG_PID_GetOutput
    app_motor.o(i.APP_MOTOR_GetPIDOutput) refers to app_motor.o(.bss) for pid_position
    app_motor.o(i.APP_MOTOR_Go2Revolutions) refers to app_motor.o(i.APP_MOTOR_RunToPosition) for APP_MOTOR_RunToPosition
    app_motor.o(i.APP_MOTOR_Init) refers to if_motor.o(i.IF_MOTOR_Init) for IF_MOTOR_Init
    app_motor.o(i.APP_MOTOR_Init) refers to if_motor.o(i.IF_MOTOR_Forward) for IF_MOTOR_Forward
    app_motor.o(i.APP_MOTOR_Init) refers to app_motor.o(.data) for motor_status
    app_motor.o(i.APP_MOTOR_PID_Init) refers to alg_pid.o(i.ALG_PID_Init) for ALG_PID_Init
    app_motor.o(i.APP_MOTOR_PID_Init) refers to alg_pid.o(i.ALG_PID_Reset) for ALG_PID_Reset
    app_motor.o(i.APP_MOTOR_PID_Init) refers to app_motor.o(.bss) for pid_position
    app_motor.o(i.APP_MOTOR_RunToPosition) refers to alg_pid.o(i.ALG_PID_SetTarget) for ALG_PID_SetTarget
    app_motor.o(i.APP_MOTOR_RunToPosition) refers to app_encoder.o(i.APP_ENCODER_Count) for APP_ENCODER_Count
    app_motor.o(i.APP_MOTOR_RunToPosition) refers to alg_pid.o(i.ALG_PID_Update) for ALG_PID_Update
    app_motor.o(i.APP_MOTOR_RunToPosition) refers to if_motor.o(i.IF_MOTOR_Forward) for IF_MOTOR_Forward
    app_motor.o(i.APP_MOTOR_RunToPosition) refers to if_motor.o(i.IF_MOTOR_SetSpeed) for IF_MOTOR_SetSpeed
    app_motor.o(i.APP_MOTOR_RunToPosition) refers to if_motor.o(i.IF_MOTOR_Start) for IF_MOTOR_Start
    app_motor.o(i.APP_MOTOR_RunToPosition) refers to if_motor.o(i.IF_MOTOR_Reversal) for IF_MOTOR_Reversal
    app_motor.o(i.APP_MOTOR_RunToPosition) refers to if_motor.o(i.IF_MOTOR_Stop) for IF_MOTOR_Stop
    app_motor.o(i.APP_MOTOR_RunToPosition) refers to app_motor.o(.bss) for pid_position
    app_motor.o(i.APP_MOTOR_Start) refers to if_motor.o(i.IF_MOTOR_Start) for IF_MOTOR_Start
    app_motor.o(i.APP_MOTOR_Start) refers to app_motor.o(.data) for motor_status
    app_motor.o(i.APP_MOTOR_Stop) refers to if_motor.o(i.IF_MOTOR_Stop) for IF_MOTOR_Stop
    app_motor.o(i.APP_MOTOR_Stop) refers to app_motor.o(.data) for motor_status
    app_uart.o(i.APP_UART_Init) refers to bsp_uart.o(i.BSP_UART_Init) for BSP_UART_Init
    app_uart.o(i.APP_UART_SendData) refers to bsp_uart.o(i.BSP_UART_SendData) for BSP_UART_SendData
    app_uart.o(i.APP_UART_SendString) refers to bsp_uart.o(i.BSP_UART_SendString) for BSP_UART_SendString
    app_uart.o(i.APP_UART_StartReceive) refers to stm32f4xx_hal_uart.o(i.HAL_UART_Receive_IT) for HAL_UART_Receive_IT
[...]
    Removing stm32f4xx_hal_tim.o(.rrx_text), (6 bytes).
    Removing stm32f4xx_hal_tim.o(i.HAL_TIM_Base_DeInit), (70 bytes).
    Removing stm32f4xx_hal_tim.o(i.HAL_TIM_Base_GetState), (8 bytes).
    Removing stm32f4xx_hal_tim.o(i.HAL_TIM_Base_Init), (52 bytes).
    Removing stm32f4xx_hal_tim.o(i.HAL_TIM_Base_MspDeInit), (2 bytes).
    Removing stm32f4xx_hal_tim.o(i.HAL_TIM_Base_MspInit), (2 bytes).
    Removing stm32f4xx_hal_tim.o(i.HAL_TIM_Base_Start), (30 bytes).
    Removing stm32f4xx_hal_tim.o(i.HAL_TIM_Base_Start_DMA), (104 bytes).
    Removing stm32f4xx_hal_tim.o(i.HAL_TIM_Base_Start_IT), (30 bytes).
    Removing stm32f4xx_hal_tim.o(i.HAL_TIM_Base_Stop), (56 bytes).
    Removing stm32f4xx_hal_tim.o(i.HAL_TIM_Base_Stop_DMA), (62 bytes).
    Removing stm32f4xx_hal_tim.o(i.HAL_TIM_Base_Stop_IT), (56 bytes).
    Removing stm32f4xx_hal_tim.o(i.HAL_TIM_ConfigClockSource), (306 bytes).
    Removing stm32f4xx_hal_tim.o(i.HAL_TIM_ConfigOCrefClear), (226 bytes).
    Removing stm32f4xx_hal_tim.o(i.HAL_TIM_ConfigTI1Input), (24 bytes).
    Removing stm32f4xx_hal_tim.o(i.HAL_TIM_DMABurst_ReadStart), (388 bytes).
    Removing stm32f4xx_hal_tim.o(i.HAL_TIM_DMABurst_ReadStop), (128 bytes).
    Removing stm32f4xx_hal_tim.o(i.HAL_TIM_DMABurst_WriteStart), (388 bytes).
    Removing stm32f4xx_hal_tim.o(i.HAL_TIM_DMABurst_WriteStop), (128 bytes).
    Removing stm32f4xx_hal_tim.o(i.HAL_TIM_Encoder_DeInit), (70 bytes).
    Removing stm32f4xx_hal_tim.o(i.HAL_TIM_Encoder_GetState), (8 bytes).
    Removing stm32f4xx_hal_tim.o(i.HAL_TIM_Encoder_MspDeInit), (2 bytes).
    Removing stm32f4xx_hal_tim.o(i.HAL_TIM_Encoder_MspInit), (2 bytes).
    Removing stm32f4xx_hal_tim.o(i.HAL_TIM_Encoder_Start_DMA), (328 bytes).
    Removing stm32f4xx_hal_tim.o(i.HAL_TIM_Encoder_Start_IT), (126 bytes).
    Removing stm32f4xx_hal_tim.o(i.HAL_TIM_Encoder_Stop), (104 bytes).
    Removing stm32f4xx_hal_tim.o(i.HAL_TIM_Encoder_Stop_DMA), (152 bytes).
    Removing stm32f4xx_hal_tim.o(i.HAL_TIM_Encoder_Stop_IT), (152 bytes).
    Removing stm32f4xx_hal_tim.o(i.HAL_TIM_ErrorCallback), (2 bytes).
    Removing stm32f4xx_hal_tim.o(i.HAL_TIM_GenerateEvent), (54 bytes).
    Removing stm32f4xx_hal_tim.o(i.HAL_TIM_IC_CaptureCallback), (2 bytes).
    Removing stm32f4xx_hal_tim.o(i.HAL_TIM_IC_ConfigChannel), (224 bytes).
    Removing stm32f4xx_hal_tim.o(i.HAL_TIM_IC_DeInit), (70 bytes).
    Removing stm32f4xx_hal_tim.o(i.HAL_TIM_IC_GetState), (8 bytes).
    Removing stm32f4xx_hal_tim.o(i.HAL_TIM_IC_Init), (52 bytes).
    Removing stm32f4xx_hal_tim.o(i.HAL_TIM_IC_MspDeInit), (2 bytes).
    Removing stm32f4xx_hal_tim.o(i.HAL_TIM_IC_MspInit), (2 bytes).
    Removing stm32f4xx_hal_tim.o(i.HAL_TIM_IC_Start), (32 bytes).
    Removing stm32f4xx_hal_tim.o(i.HAL_TIM_IC_Start_DMA), (268 bytes).
    Removing stm32f4xx_hal_tim.o(i.HAL_TIM_IC_Start_IT), (108 bytes).
    Removing stm32f4xx_hal_tim.o(i.HAL_TIM_IC_Stop), (58 bytes).
    Removing stm32f4xx_hal_tim.o(i.HAL_TIM_IC_Stop_DMA), (140 bytes).
    Removing stm32f4xx_hal_tim.o(i.HAL_TIM_IC_Stop_IT), (134 bytes).
    Removing stm32f4xx_hal_tim.o(i.HAL_TIM_IRQHandler), (406 bytes).
    Removing stm32f4xx_hal_tim.o(i.HAL_TIM_OC_ConfigChannel), (116 bytes).
    Removing stm32f4xx_hal_tim.o(i.HAL_TIM_OC_DeInit), (70 bytes).
    Removing stm32f4xx_hal_tim.o(i.HAL_TIM_OC_DelayElapsedCallback), (2 bytes).
    Removing stm32f4xx_hal_tim.o(i.HAL_TIM_OC_GetState), (8 bytes).
    Removing stm32f4xx_hal_tim.o(i.HAL_TIM_OC_Init), (52 bytes).
    Removing stm32f4xx_hal_tim.o(i.HAL_TIM_OC_MspDeInit), (2 bytes).
    Removing stm32f4xx_hal_tim.o(i.HAL_TIM_OC_MspInit), (2 bytes).
    Removing stm32f4xx_hal_tim.o(i.HAL_TIM_OC_Start), (76 bytes).
    Removing stm32f4xx_hal_tim.o(i.HAL_TIM_OC_Start_DMA), (312 bytes).
    Removing stm32f4xx_hal_tim.o(i.HAL_TIM_OC_Start_IT), (152 bytes).
    Removing stm32f4xx_hal_tim.o(i.HAL_TIM_OC_Stop), (128 bytes).
    Removing stm32f4xx_hal_tim.o(i.HAL_TIM_OC_Stop_DMA), (212 bytes).
    Removing stm32f4xx_hal_tim.o(i.HAL_TIM_OC_Stop_IT), (204 bytes).
    Removing stm32f4xx_hal_tim.o(i.HAL_TIM_OnePulse_ConfigChannel), (286 bytes).
    Removing stm32f4xx_hal_tim.o(i.HAL_TIM_OnePulse_DeInit), (70 bytes).
    Removing stm32f4xx_hal_tim.o(i.HAL_TIM_OnePulse_GetState), (8 bytes).
    Removing stm32f4xx_hal_tim.o(i.HAL_TIM_OnePulse_Init), (76 bytes).
    Removing stm32f4xx_hal_tim.o(i.HAL_TIM_OnePulse_MspDeInit), (2 bytes).
    Removing stm32f4xx_hal_tim.o(i.HAL_TIM_OnePulse_MspInit), (2 bytes).
    Removing stm32f4xx_hal_tim.o(i.HAL_TIM_OnePulse_Start), (76 bytes).
    Removing stm32f4xx_hal_tim.o(i.HAL_TIM_OnePulse_Start_IT), (100 bytes).
    Removing stm32f4xx_hal_tim.o(i.HAL_TIM_OnePulse_Stop), (140 bytes).
    Removing stm32f4xx_hal_tim.o(i.HAL_TIM_OnePulse_Stop_IT), (164 bytes).
    Removing stm32f4xx_hal_tim.o(i.HAL_TIM_PWM_DeInit), (70 bytes).
    Removing stm32f4xx_hal_tim.o(i.HAL_TIM_PWM_GetState), (8 bytes).
    Removing stm32f4xx_hal_tim.o(i.HAL_TIM_PWM_MspDeInit), (2 bytes).
    Removing stm32f4xx_hal_tim.o(i.HAL_TIM_PWM_MspInit), (2 bytes).
    Removing stm32f4xx_hal_tim.o(i.HAL_TIM_PWM_PulseFinishedCallback), (2 bytes).
    Removing stm32f4xx_hal_tim.o(i.HAL_TIM_PWM_Start_DMA), (312 bytes).
    Removing stm32f4xx_hal_tim.o(i.HAL_TIM_PWM_Start_IT), (152 bytes).
    Removing stm32f4xx_hal_tim.o(i.HAL_TIM_PWM_Stop_DMA), (212 bytes).
    Removing stm32f4xx_hal_tim.o(i.HAL_TIM_PWM_Stop_IT), (204 bytes).
    Removing stm32f4xx_hal_tim.o(i.HAL_TIM_PeriodElapsedCallback), (2 bytes).
    Removing stm32f4xx_hal_tim.o(i.HAL_TIM_ReadCapturedValue), (84 bytes).
    Removing stm32f4xx_hal_tim.o(i.HAL_TIM_SlaveConfigSynchronization), (86 bytes).
    Removing stm32f4xx_hal_tim.o(i.HAL_TIM_SlaveConfigSynchronization_IT), (86 bytes).
    Removing stm32f4xx_hal_tim.o(i.HAL_TIM_TriggerCallback), (2 bytes).
    Removing stm32f4xx_hal_tim.o(i.TIM_DMACaptureCplt), (70 bytes).
    Removing stm32f4xx_hal_tim.o(i.TIM_DMADelayPulseCplt), (70 bytes).
    Removing stm32f4xx_hal_tim.o(i.TIM_DMAError), (20 bytes).
    Removing stm32f4xx_hal_tim.o(i.TIM_DMAPeriodElapsedCplt), (20 bytes).
    Removing stm32f4xx_hal_tim.o(i.TIM_DMATriggerCplt), (20 bytes).
    Removing stm32f4xx_hal_tim.o(i.TIM_ETR_SetConfig), (24 bytes).
    Removing stm32f4xx_hal_tim.o(i.TIM_ITRx_SetConfig), (20 bytes).
    Removing stm32f4xx_hal_tim.o(i.TIM_SlaveTimer_SetConfig), (164 bytes).
    Removing stm32f4xx_hal_tim.o(i.TIM_TI1_ConfigInputStage), (42 bytes).
    Removing stm32f4xx_hal_tim.o(i.TIM_TI1_SetConfig), (152 bytes).
    Removing stm32f4xx_hal_tim.o(i.TIM_TI2_ConfigInputStage), (44 bytes).
    Removing stm32f4xx_hal_tim.o(i.TIM_TI2_SetConfig), (62 bytes).
    Removing stm32f4xx_hal_tim.o(i.TIM_TI3_SetConfig), (60 bytes).
    Removing stm32f4xx_hal_tim.o(i.TIM_TI4_SetConfig), (64 bytes).
    Removing stm32f4xx_hal_dma.o(.rev16_text), (4 bytes).
    Removing stm32f4xx_hal_dma.o(.revsh_text), (4 bytes).
    Removing stm32f4xx_hal_dma.o(.rrx_text), (6 bytes).
    Removing stm32f4xx_hal_dma.o(i.DMA_CalcBaseAndBitshift), (52 bytes).
    Removing stm32f4xx_hal_dma.o(i.DMA_CheckFifoParam), (170 bytes).
    Removing stm32f4xx_hal_dma.o(i.DMA_SetConfig), (44 bytes).
    Removing stm32f4xx_hal_dma.o(i.HAL_DMA_Abort), (170 bytes).
    Removing stm32f4xx_hal_dma.o(i.HAL_DMA_DeInit), (98 bytes).
    Removing stm32f4xx_hal_dma.o(i.HAL_DMA_GetError), (6 bytes).
    Removing stm32f4xx_hal_dma.o(i.HAL_DMA_GetState), (8 bytes).
    Removing stm32f4xx_hal_dma.o(i.HAL_DMA_IRQHandler), (584 bytes).
    Removing stm32f4xx_hal_dma.o(i.HAL_DMA_Init), (236 bytes).
    Removing stm32f4xx_hal_dma.o(i.HAL_DMA_PollForTransfer), (356 bytes).
    Removing stm32f4xx_hal_dma.o(i.HAL_DMA_RegisterCallback), (94 bytes).
    Removing stm32f4xx_hal_dma.o(i.HAL_DMA_Start), (102 bytes).
    Removing stm32f4xx_hal_dma.o(i.HAL_DMA_Start_IT), (158 bytes).
    Removing stm32f4xx_hal_dma.o(i.HAL_DMA_UnRegisterCallback), (124 bytes).
    Removing stm32f4xx_hal_dma.o(.constdata), (8 bytes).
    Removing stm32f4xx_hal_pwr.o(.rev16_text), (4 bytes).
    Removing stm32f4xx_hal_pwr.o(.revsh_text), (4 bytes).
    Removing stm32f4xx_hal_pwr.o(.rrx_text), (6 bytes).
    Removing stm32f4xx_hal_pwr.o(i.HAL_PWR_ConfigPVD), (180 bytes).
    Removing stm32f4xx_hal_pwr.o(i.HAL_PWR_DeInit), (28 bytes).
    Removing stm32f4xx_hal_pwr.o(i.HAL_PWR_DisableBkUpAccess), (28 bytes).
    Removing stm32f4xx_hal_pwr.o(i.HAL_PWR_DisablePVD), (24 bytes).
    Removing stm32f4xx_hal_pwr.o(i.HAL_PWR_DisableSEVOnPend), (20 bytes).
    Removing stm32f4xx_hal_pwr.o(i.HAL_PWR_DisableSleepOnExit), (20 bytes).
    Removing stm32f4xx_hal_pwr.o(i.HAL_PWR_DisableWakeUpPin), (16 bytes).
    Removing stm32f4xx_hal_pwr.o(i.HAL_PWR_EnableBkUpAccess), (24 bytes).
    Removing stm32f4xx_hal_pwr.o(i.HAL_PWR_EnablePVD), (24 bytes).
    Removing stm32f4xx_hal_pwr.o(i.HAL_PWR_EnableSEVOnPend), (20 bytes).
    Removing stm32f4xx_hal_pwr.o(i.HAL_PWR_EnableSleepOnExit), (20 bytes).
    Removing stm32f4xx_hal_pwr.o(i.HAL_PWR_EnableWakeUpPin), (16 bytes).
    Removing stm32f4xx_hal_pwr.o(i.HAL_PWR_EnterSLEEPMode), (32 bytes).
    Removing stm32f4xx_hal_pwr.o(i.HAL_PWR_EnterSTANDBYMode), (40 bytes).
    Removing stm32f4xx_hal_pwr.o(i.HAL_PWR_EnterSTOPMode), (64 bytes).
    Removing stm32f4xx_hal_pwr.o(i.HAL_PWR_PVDCallback), (2 bytes).
    Removing stm32f4xx_hal_pwr.o(i.HAL_PWR_PVD_IRQHandler), (32 bytes).
    Removing stm32f4xx_hal_rcc.o(.rev16_text), (4 bytes).
    Removing stm32f4xx_hal_rcc.o(.revsh_text), (4 bytes).
    Removing stm32f4xx_hal_rcc.o(.rrx_text), (6 bytes).
    Removing stm32f4xx_hal_rcc.o(i.HAL_RCC_CSSCallback), (2 bytes).
    Removing stm32f4xx_hal_rcc.o(i.HAL_RCC_DeInit), (2 bytes).
    Removing stm32f4xx_hal_rcc.o(i.HAL_RCC_DisableCSS), (12 bytes).
    Removing stm32f4xx_hal_rcc.o(i.HAL_RCC_EnableCSS), (12 bytes).
    Removing stm32f4xx_hal_rcc.o(i.HAL_RCC_GetClockConfig), (68 bytes).
    Removing stm32f4xx_hal_rcc.o(i.HAL_RCC_GetOscConfig), (296 bytes).
    Removing stm32f4xx_hal_rcc.o(i.HAL_RCC_MCOConfig), (192 bytes).
    Removing stm32f4xx_hal_rcc.o(i.HAL_RCC_NMI_IRQHandler), (32 bytes).
    Removing stm32f4xx_hal_tim_ex.o(.rev16_text), (4 bytes).
    Removing stm32f4xx_hal_tim_ex.o(.revsh_text), (4 bytes).
    Removing stm32f4xx_hal_tim_ex.o(.rrx_text), (6 bytes).
    Removing stm32f4xx_hal_tim_ex.o(i.HAL_TIMEx_BreakCallback), (2 bytes).
    Removing stm32f4xx_hal_tim_ex.o(i.HAL_TIMEx_CommutationCallback), (2 bytes).
    Removing stm32f4xx_hal_tim_ex.o(i.HAL_TIMEx_ConfigCommutationEvent), (110 bytes).
    Removing stm32f4xx_hal_tim_ex.o(i.HAL_TIMEx_ConfigCommutationEvent_DMA), (144 bytes).
    Removing stm32f4xx_hal_tim_ex.o(i.HAL_TIMEx_ConfigCommutationEvent_IT), (122 bytes).
    Removing stm32f4xx_hal_tim_ex.o(i.HAL_TIMEx_HallSensor_DeInit), (70 bytes).
    Removing stm32f4xx_hal_tim_ex.o(i.HAL_TIMEx_HallSensor_GetState), (8 bytes).
    Removing stm32f4xx_hal_tim_ex.o(i.HAL_TIMEx_HallSensor_Init), (196 bytes).
    Removing stm32f4xx_hal_tim_ex.o(i.HAL_TIMEx_HallSensor_MspDeInit), (2 bytes).
    Removing stm32f4xx_hal_tim_ex.o(i.HAL_TIMEx_HallSensor_MspInit), (2 bytes).
    Removing stm32f4xx_hal_tim_ex.o(i.HAL_TIMEx_HallSensor_Start), (30 bytes).
    Removing stm32f4xx_hal_tim_ex.o(i.HAL_TIMEx_HallSensor_Start_DMA), (116 bytes).
    Removing stm32f4xx_hal_tim_ex.o(i.HAL_TIMEx_HallSensor_Start_IT), (42 bytes).
    Removing stm32f4xx_hal_tim_ex.o(i.HAL_TIMEx_HallSensor_Stop), (56 bytes).
    Removing stm32f4xx_hal_tim_ex.o(i.HAL_TIMEx_HallSensor_Stop_DMA), (68 bytes).
    Removing stm32f4xx_hal_tim_ex.o(i.HAL_TIMEx_HallSensor_Stop_IT), (68 bytes).
    Removing stm32f4xx_hal_tim_ex.o(i.HAL_TIMEx_OCN_Start), (44 bytes).
    Removing stm32f4xx_hal_tim_ex.o(i.HAL_TIMEx_OCN_Start_DMA), (280 bytes).
    Removing stm32f4xx_hal_tim_ex.o(i.HAL_TIMEx_OCN_Start_IT), (132 bytes).
    Removing stm32f4xx_hal_tim_ex.o(i.HAL_TIMEx_OCN_Stop), (96 bytes).
    Removing stm32f4xx_hal_tim_ex.o(i.HAL_TIMEx_OCN_Stop_DMA), (178 bytes).
    Removing stm32f4xx_hal_tim_ex.o(i.HAL_TIMEx_OCN_Stop_IT), (196 bytes).
    Removing stm32f4xx_hal_tim_ex.o(i.HAL_TIMEx_OnePulseN_Start), (32 bytes).
    Removing stm32f4xx_hal_tim_ex.o(i.HAL_TIMEx_OnePulseN_Start_IT), (56 bytes).
    Removing stm32f4xx_hal_tim_ex.o(i.HAL_TIMEx_OnePulseN_Stop), (96 bytes).
    Removing stm32f4xx_hal_tim_ex.o(i.HAL_TIMEx_OnePulseN_Stop_IT), (120 bytes).
    Removing stm32f4xx_hal_tim_ex.o(i.HAL_TIMEx_PWMN_Start), (44 bytes).
    Removing stm32f4xx_hal_tim_ex.o(i.HAL_TIMEx_PWMN_Start_DMA), (280 bytes).
    Removing stm32f4xx_hal_tim_ex.o(i.HAL_TIMEx_PWMN_Start_IT), (132 bytes).
    Removing stm32f4xx_hal_tim_ex.o(i.HAL_TIMEx_PWMN_Stop), (96 bytes).
    Removing stm32f4xx_hal_tim_ex.o(i.HAL_TIMEx_PWMN_Stop_DMA), (178 bytes).
    Removing stm32f4xx_hal_tim_ex.o(i.HAL_TIMEx_PWMN_Stop_IT), (196 bytes).
    Removing stm32f4xx_hal_tim_ex.o(i.HAL_TIMEx_RemapConfig), (48 bytes).
    Removing stm32f4xx_hal_tim_ex.o(i.TIMEx_DMACommutationCplt), (20 bytes).
    Removing stm32f4xx_hal_tim_ex.o(i.TIM_CCxNChannelCmd), (28 bytes).
    Removing pt_uart.o(.rev16_text), (4 bytes).
    Removing pt_uart.o(.revsh_text), (4 bytes).
    Removing pt_uart.o(.rrx_text), (6 bytes).
    Removing pt_uart.o(i.PROTOCOL_Pack), (18 bytes).
    Removing pt_uart.o(i.PROTOCOL_Parse), (60 bytes).

327 unused section(s) (total 21394 bytes) removed from the image.

==============================================================================

Image Symbol Table

    Local Symbols

    Symbol Name                              Value     Ov Type        Size  Object(Section)

    ../clib/microlib/division.c              0x00000000   Number         0  uidiv.o ABSOLUTE
    ../clib/microlib/division.c              0x00000000   Number         0  uldiv.o ABSOLUTE
    ../clib/microlib/init/entry.s            0x00000000   Number         0  entry12b.o ABSOLUTE
    ../clib/microlib/init/entry.s            0x00000000   Number         0  entry5.o ABSOLUTE
    ../clib/microlib/init/entry.s            0x00000000   Number         0  entry10a.o ABSOLUTE
    ../clib/microlib/init/entry.s            0x00000000   Number         0  entry7a.o ABSOLUTE
    ../clib/microlib/init/entry.s            0x00000000   Number         0  entry7b.o ABSOLUTE
    ../clib/microlib/init/entry.s            0x00000000   Number         0  entry9b.o ABSOLUTE
    ../clib/microlib/init/entry.s            0x00000000   Number         0  entry2.o ABSOLUTE
    ../clib/microlib/init/entry.s            0x00000000   Number         0  entry10b.o ABSOLUTE
    ../clib/microlib/init/entry.s            0x00000000   Number         0  entry8a.o ABSOLUTE
    ../clib/microlib/init/entry.s            0x00000000   Number         0  entry.o ABSOLUTE
    ../clib/microlib/init/entry.s            0x00000000   Number         0  entry11a.o ABSOLUTE
    ../clib/microlib/init/entry.s            0x00000000   Number         0  entry12a.o ABSOLUTE
    ../clib/microlib/init/entry.s            0x00000000   Number         0  entry11b.o ABSOLUTE
    ../clib/microlib/init/entry.s            0x00000000   Number         0  entry9a.o ABSOLUTE
    ../clib/microlib/init/entry.s            0x00000000   Number         0  entry8b.o ABSOLUTE
    ../clib/microlib/longlong.c              0x00000000   Number         0  llsshr.o ABSOLUTE
    ../clib/microlib/longlong.c              0x00000000   Number         0  llshl.o ABSOLUTE
    ../clib/microlib/longlong.c              0x00000000   Number         0  llushr.o ABSOLUTE
    ../clib/microlib/printf/printf.c         0x00000000   Number         0  printf4.o ABSOLUTE
    ../clib/microlib/printf/printf.c         0x00000000   Number         0  printf1.o ABSOLUTE
    ../clib/microlib/printf/printf.c         0x00000000   Number         0  printf5.o ABSOLUTE
    ../clib/microlib/printf/printf.c         0x00000000   Number         0  printf3.o ABSOLUTE
    ../clib/microlib/printf/printf.c         0x00000000   Number         0  printf2.o ABSOLUTE
    ../clib/microlib/printf/printf.c         0x00000000   Number         0  printf7.o ABSOLUTE
    ../clib/microlib/printf/printf.c         0x00000000   Number         0  printf0.o ABSOLUTE
    ../clib/microlib/printf/printf.c         0x00000000   Number         0  printfa.o ABSOLUTE
    ../clib/microlib/printf/printf.c         0x00000000   Number         0  printf8.o ABSOLUTE
    ../clib/microlib/printf/printf.c         0x00000000   Number         0  printfb.o ABSOLUTE
    ../clib/microlib/printf/printf.c         0x00000000   Number         0  printf6.o ABSOLUTE
    ../clib/microlib/printf/stubs.s          0x00000000   Number         0  stubs.o ABSOLUTE
    ../clib/microlib/stdio/streams.c         0x00000000   Number         0  stdout.o ABSOLUTE
    ../clib/microlib/string/memset.c         0x00000000   Number         0  memseta.o ABSOLUTE
    ../clib/microlib/string/strlen.c         0x00000000   Number         0  strlen.o ABSOLUTE
    ../clib/microlib/stubs.s                 0x00000000   Number         0  iusefp.o ABSOLUTE
    ../fplib/microlib/f2d.c                  0x00000000   Number         0  f2d.o ABSOLUTE
    ../fplib/microlib/fpadd.c                0x00000000   Number         0  dadd.o ABSOLUTE
    ../fplib/microlib/fpdiv.c                0x00000000   Number         0  ddiv.o ABSOLUTE
    ../fplib/microlib/fpepilogue.c           0x00000000   Number         0  depilogue.o ABSOLUTE
    ../fplib/microlib/fpfix.c                0x00000000   Number         0  dfixul.o ABSOLUTE
    ../fplib/microlib/fpmul.c                0x00000000   Number         0  dmul.o ABSOLUTE
    ALGORITHM\Src\alg_pid.c                  0x00000000   Number         0  alg_pid.o ABSOLUTE
    APP\Src\app_encoder.c                    0x00000000   Number         0  app_encoder.o ABSOLUTE
    APP\Src\app_motor.c                      0x00000000   Number         0  app_motor.o ABSOLUTE
    APP\Src\app_uart.c                       0x00000000   Number         0  app_uart.o ABSOLUTE
    APP\Src\main.c                           0x00000000   Number         0  main.o ABSOLUTE
    APP\\Src\\app_encoder.c                  0x00000000   Number         0  app_encoder.o ABSOLUTE
    APP\\Src\\app_motor.c                    0x00000000   Number         0  app_motor.o ABSOLUTE
    APP\\Src\\app_uart.c                     0x00000000   Number         0  app_uart.o ABSOLUTE
    APP\\Src\\main.c                         0x00000000   Number         0  main.o ABSOLUTE
    BSP\Src\bsp_encoder.c                    0x00000000   Number         0  bsp_encoder.o ABSOLUTE
    BSP\Src\bsp_motor.c                      0x00000000   Number         0  bsp_motor.o ABSOLUTE
    BSP\Src\bsp_uart.c                       0x00000000   Number         0  bsp_uart.o ABSOLUTE
    BSP\\Src\\bsp_encoder.c                  0x00000000   Number         0  bsp_encoder.o ABSOLUTE
    BSP\\Src\\bsp_motor.c                    0x00000000   Number         0  bsp_motor.o ABSOLUTE
    BSP\\Src\\bsp_uart.c                     0x00000000   Number         0  bsp_uart.o ABSOLUTE
    CORE\Src\startup_stm32f407xx.s           0x00000000   Number         0  startup_stm32f407xx.o ABSOLUTE
    CORE\Src\stm32f4xx_hal_msp.c             0x00000000   Number         0  stm32f4xx_hal_msp.o ABSOLUTE
    CORE\Src\stm32f4xx_it.c                  0x00000000   Number         0  stm32f4xx_it.o ABSOLUTE
    CORE\Src\system_stm32f4xx.c              0x00000000   Number         0  system_stm32f4xx.o ABSOLUTE
    CORE\\Src\\stm32f4xx_hal_msp.c           0x00000000   Number         0  stm32f4xx_hal_msp.o ABSOLUTE
    CORE\\Src\\stm32f4xx_it.c                0x00000000   Number         0  stm32f4xx_it.o ABSOLUTE
    CORE\\Src\\system_stm32f4xx.c            0x00000000   Number         0  system_stm32f4xx.o ABSOLUTE
    DRIVERS\STM32F4xx_HAL_Driver\Src\stm32f4xx_hal.c 0x00000000   Number         0  stm32f4xx_hal.o ABSOLUTE
    DRIVERS\STM32F4xx_HAL_Driver\Src\stm32f4xx_hal_cortex.c 0x00000000   Number         0  stm32f4xx_hal_cortex.o ABSOLUTE
    DRIVERS\STM32F4xx_HAL_Driver\Src\stm32f4xx_hal_dma.c 0x00000000   Number         0  stm32f4xx_hal_dma.o ABSOLUTE
    DRIVERS\STM32F4xx_HAL_Driver\Src\stm32f4xx_hal_gpio.c 0x00000000   Number         0  stm32f4xx_hal_gpio.o ABSOLUTE
    DRIVERS\STM32F4xx_HAL_Driver\Src\stm32f4xx_hal_pwr.c 0x00000000   Number         0  stm32f4xx_hal_pwr.o ABSOLUTE
    DRIVERS\STM32F4xx_HAL_Driver\Src\stm32f4xx_hal_rcc.c 0x00000000   Number         0  stm32f4xx_hal_rcc.o ABSOLUTE
    DRIVERS\STM32F4xx_HAL_Driver\Src\stm32f4xx_hal_tim.c 0x00000000   Number         0  stm32f4xx_hal_tim.o ABSOLUTE
    DRIVERS\STM32F4xx_HAL_Driver\Src\stm32f4xx_hal_tim_ex.c 0x00000000   Number         0  stm32f4xx_hal_tim_ex.o ABSOLUTE
    DRIVERS\STM32F4xx_HAL_Driver\Src\stm32f4xx_hal_uart.c 0x00000000   Number         0  stm32f4xx_hal_uart.o ABSOLUTE
    DRIVERS\\STM32F4xx_HAL_Driver\\Src\\stm32f4xx_hal.c 0x00000000   Number         0  stm32f4xx_hal.o ABSOLUTE
    DRIVERS\\STM32F4xx_HAL_Driver\\Src\\stm32f4xx_hal_cortex.c 0x00000000   Number         0  stm32f4xx_hal_cortex.o ABSOLUTE
    DRIVERS\\STM32F4xx_HAL_Driver\\Src\\stm32f4xx_hal_dma.c 0x00000000   Number         0  stm32f4xx_hal_dma.o ABSOLUTE
    DRIVERS\\STM32F4xx_HAL_Driver\\Src\\stm32f4xx_hal_gpio.c 0x00000000   Number         0  stm32f4xx_hal_gpio.o ABSOLUTE
    DRIVERS\\STM32F4xx_HAL_Driver\\Src\\stm32f4xx_hal_pwr.c 0x00000000   Number         0  stm32f4xx_hal_pwr.o ABSOLUTE
    DRIVERS\\STM32F4xx_HAL_Driver\\Src\\stm32f4xx_hal_rcc.c 0x00000000   Number         0  stm32f4xx_hal_rcc.o ABSOLUTE
    DRIVERS\\STM32F4xx_HAL_Driver\\Src\\stm32f4xx_hal_tim.c 0x00000000   Number         0  stm32f4xx_hal_tim.o ABSOLUTE
    DRIVERS\\STM32F4xx_HAL_Driver\\Src\\stm32f4xx_hal_tim_ex.c 0x00000000   Number         0  stm32f4xx_hal_tim_ex.o ABSOLUTE
    DRIVERS\\STM32F4xx_HAL_Driver\\Src\\stm32f4xx_hal_uart.c 0x00000000   Number         0  stm32f4xx_hal_uart.o ABSOLUTE
    DRIVER\Src\drv_pwm.c                     0x00000000   Number         0  drv_pwm.o ABSOLUTE
    DRIVER\\Src\\drv_pwm.c                   0x00000000   Number         0  drv_pwm.o ABSOLUTE
    INTERFACE\Src\if_motor.c                 0x00000000   Number         0  if_motor.o ABSOLUTE
    INTERFACE\\Src\\if_motor.c               0x00000000   Number         0  if_motor.o ABSOLUTE
    PROTOCOL\Src\pt_uart.c                   0x00000000   Number         0  pt_uart.o ABSOLUTE
    PROTOCOL\\Src\\pt_uart.c                 0x00000000   Number         0  pt_uart.o ABSOLUTE
    cdrcmple.s                               0x00000000   Number         0  cdrcmple.o ABSOLUTE
    dc.s                                     0x00000000   Number         0  dc.o ABSOLUTE
    handlers.s                               0x00000000   Number         0  handlers.o ABSOLUTE
    init.s                                   0x00000000   Number         0  init.o ABSOLUTE
    RESET                                    0x08000000   Section      392  startup_stm32f407xx.o(RESET)
    .ARM.Collect$$$$00000000                 0x08000188   Section        0  entry.o(.ARM.Collect$$$$00000000)
    .ARM.Collect$$$$00000001                 0x08000188   Section        4  entry2.o(.ARM.Collect$$$$00000001)
    .ARM.Collect$$$$00000004                 0x0800018c   Section        4  entry5.o(.ARM.Collect$$$$00000004)
    .ARM.Collect$$$$00000008                 0x08000190   Section        0  entry7b.o(.ARM.Collect$$$$00000008)
    .ARM.Collect$$$$0000000A                 0x08000190   Section        0  entry8b.o(.ARM.Collect$$$$0000000A)
    .ARM.Collect$$$$0000000B                 0x08000190   Section        8  entry9a.o(.ARM.Collect$$$$0000000B)
    .ARM.Collect$$$$0000000E                 0x08000198   Section        4  entry12b.o(.ARM.Collect$$$$0000000E)
    .ARM.Collect$$$$0000000F                 0x0800019c   Section        0  entry10a.o(.ARM.Collect$$$$0000000F)
    .ARM.Collect$$$$00000011                 0x0800019c   Section        0  entry11a.o(.ARM.Collect$$$$00000011)
    .ARM.Collect$$$$00002712                 0x0800019c   Section        4  entry2.o(.ARM.Collect$$$$00002712)
    __lit__00000000                          0x0800019c   Data           4  entry2.o(.ARM.Collect$$$$00002712)
    .text                                    0x080001a0   Section       36  startup_stm32f407xx.o(.text)
    $v0                                      0x080001a0   Number         0  startup_stm32f407xx.o(.text)
    .text                                    0x080001c4   Section        0  memseta.o(.text)
    .text                                    0x080001e8   Section        0  strlen.o(.text)
    .text                                    0x080001f6   Section        0  f2d.o(.text)
    .text                                    0x0800021c   Section        0  uidiv.o(.text)
    .text                                    0x08000248   Section        0  uldiv.o(.text)
    .text                                    0x080002aa   Section        0  iusefp.o(.text)
    .text                                    0x080002aa   Section        0  dadd.o(.text)
    .text                                    0x080003f8   Section        0  dmul.o(.text)
    .text                                    0x080004dc   Section        0  ddiv.o(.text)
    .text                                    0x080005ba   Section        0  dfixul.o(.text)
    .text                                    0x080005ec   Section       48  cdrcmple.o(.text)
    .text                                    0x0800061c   Section       36  init.o(.text)
    .text                                    0x08000640   Section        0  llshl.o(.text)
    .text                                    0x0800065e   Section        0  llushr.o(.text)
    .text                                    0x0800067e   Section        0  llsshr.o(.text)
    .text                                    0x080006a2   Section        0  depilogue.o(.text)
    i.ALG_PID_GetOutput                      0x0800075c   Section        0  alg_pid.o(i.ALG_PID_GetOutput)
    i.ALG_PID_Init                           0x08000762   Section        0  alg_pid.o(i.ALG_PID_Init)
    i.ALG_PID_Reset                          0x0800078c   Section        0  alg_pid.o(i.ALG_PID_Reset)
    i.ALG_PID_SetTarget                      0x080007c4   Section        0  alg_pid.o(i.ALG_PID_SetTarget)
    i.ALG_PID_Update                         0x080007cc   Section        0  alg_pid.o(i.ALG_PID_Update)
    i.APP_ENCODER_Clear                      0x080008b8   Section        0  app_encoder.o(i.APP_ENCODER_Clear)
    i.APP_ENCODER_Count                      0x080008c0   Section        0  app_encoder.o(i.APP_ENCODER_Count)
    i.APP_ENCODER_Init                       0x080008d0   Section        0  app_encoder.o(i.APP_ENCODER_Init)
    i.APP_ENCODER_Start                      0x080008dc   Section        0  app_encoder.o(i.APP_ENCODER_Start)
    i.APP_MOTOR_GetPIDOutput                 0x080008e4   Section        0  app_motor.o(i.APP_MOTOR_GetPIDOutput)
    i.APP_MOTOR_Go2Revolutions               0x080008f4   Section        0  app_motor.o(i.APP_MOTOR_Go2Revolutions)
    i.APP_MOTOR_Init                         0x08000920   Section        0  app_motor.o(i.APP_MOTOR_Init)
    i.APP_MOTOR_PID_Init                     0x08000948   Section        0  app_motor.o(i.APP_MOTOR_PID_Init)
    i.APP_MOTOR_RunToPosition                0x08000974   Section        0  app_motor.o(i.APP_MOTOR_RunToPosition)
    i.APP_UART_Init                          0x08000a14   Section        0  app_uart.o(i.APP_UART_Init)
    i.APP_UART_StartReceive                  0x08000a20   Section        0  app_uart.o(i.APP_UART_StartReceive)
    i.BSP_ENCODER_Clear                      0x08000a40   Section        0  bsp_encoder.o(i.BSP_ENCODER_Clear)
    i.BSP_ENCODER_Count                      0x08000a50   Section        0  bsp_encoder.o(i.BSP_ENCODER_Count)
    i.BSP_ENCODER_Init                       0x08000a60   Section        0  bsp_encoder.o(i.BSP_ENCODER_Init)
    i.BSP_ENCODER_Start                      0x08000ae0   Section        0  bsp_encoder.o(i.BSP_ENCODER_Start)
    i.BSP_MOTOR_Init                         0x08000af0   Section        0  bsp_motor.o(i.BSP_MOTOR_Init)
    i.BSP_UART_Init                          0x08000ba0   Section        0  bsp_uart.o(i.BSP_UART_Init)
    i.BSP_UART_SendData                      0x08000bd4   Section        0  bsp_uart.o(i.BSP_UART_SendData)
    i.BSP_UART_SendString                    0x08000bec   Section        0  bsp_uart.o(i.BSP_UART_SendString)
    i.BusFault_Handler                       0x08000c0c   Section        0  stm32f4xx_it.o(i.BusFault_Handler)
    i.DRV_PWM_Init                           0x08000c10   Section        0  drv_pwm.o(i.DRV_PWM_Init)
    i.DRV_PWM_SetDuty                        0x08000cdc   Section        0  drv_pwm.o(i.DRV_PWM_SetDuty)
    i.DRV_PWM_Start                          0x08000cf4   Section        0  drv_pwm.o(i.DRV_PWM_Start)
    i.DRV_PWM_Stop                           0x08000d04   Section        0  drv_pwm.o(i.DRV_PWM_Stop)
    i.DebugMon_Handler                       0x08000d14   Section        0  stm32f4xx_it.o(i.DebugMon_Handler)
    i.Error_Handler                          0x08000d16   Section        0  main.o(i.Error_Handler)
    i.HAL_DMA_Abort_IT                       0x08000d1c   Section        0  stm32f4xx_hal_dma.o(i.HAL_DMA_Abort_IT)
    i.HAL_Delay                              0x08000d44   Section        0  stm32f4xx_hal.o(i.HAL_Delay)
    i.HAL_GPIO_Init                          0x08000d64   Section        0  stm32f4xx_hal_gpio.o(i.HAL_GPIO_Init)
    i.HAL_GPIO_WritePin                      0x08000f64   Section        0  stm32f4xx_hal_gpio.o(i.HAL_GPIO_WritePin)
    i.HAL_GetTick                            0x08000f70   Section        0  stm32f4xx_hal.o(i.HAL_GetTick)
    i.HAL_IncTick                            0x08000f7c   Section        0  stm32f4xx_hal.o(i.HAL_IncTick)
    i.HAL_Init                               0x08000f8c   Section        0  stm32f4xx_hal.o(i.HAL_Init)
    i.HAL_InitTick                           0x08000fbc   Section        0  stm32f4xx_hal.o(i.HAL_InitTick)
    i.HAL_MspInit                            0x08000fe4   Section        0  stm32f4xx_hal_msp.o(i.HAL_MspInit)
    i.HAL_NVIC_EnableIRQ                     0x0800102c   Section        0  stm32f4xx_hal_cortex.o(i.HAL_NVIC_EnableIRQ)
    i.HAL_NVIC_SetPriority                   0x08001054   Section        0  stm32f4xx_hal_cortex.o(i.HAL_NVIC_SetPriority)
    i.HAL_NVIC_SetPriorityGrouping           0x080010d0   Section        0  stm32f4xx_hal_cortex.o(i.HAL_NVIC_SetPriorityGrouping)
    i.HAL_RCC_ClockConfig                    0x080010f8   Section        0  stm32f4xx_hal_rcc.o(i.HAL_RCC_ClockConfig)
    i.HAL_RCC_GetHCLKFreq                    0x080012c8   Section        0  stm32f4xx_hal_rcc.o(i.HAL_RCC_GetHCLKFreq)
    i.HAL_RCC_GetPCLK1Freq                   0x080012d4   Section        0  stm32f4xx_hal_rcc.o(i.HAL_RCC_GetPCLK1Freq)
    i.HAL_RCC_GetPCLK2Freq                   0x08001300   Section        0  stm32f4xx_hal_rcc.o(i.HAL_RCC_GetPCLK2Freq)
    i.HAL_RCC_GetSysClockFreq                0x0800132c   Section        0  stm32f4xx_hal_rcc.o(i.HAL_RCC_GetSysClockFreq)
    i.HAL_RCC_OscConfig                      0x080013e0   Section        0  stm32f4xx_hal_rcc.o(i.HAL_RCC_OscConfig)
    i.HAL_SYSTICK_Config                     0x0800182c   Section        0  stm32f4xx_hal_cortex.o(i.HAL_SYSTICK_Config)
    i.HAL_TIMEx_ConfigBreakDeadTime          0x08001860   Section        0  stm32f4xx_hal_tim_ex.o(i.HAL_TIMEx_ConfigBreakDeadTime)
    i.HAL_TIMEx_MasterConfigSynchronization  0x080018de   Section        0  stm32f4xx_hal_tim_ex.o(i.HAL_TIMEx_MasterConfigSynchronization)
    i.HAL_TIM_Encoder_Init                   0x08001940   Section        0  stm32f4xx_hal_tim.o(i.HAL_TIM_Encoder_Init)
    i.HAL_TIM_Encoder_MspInit                0x080019f4   Section        0  bsp_encoder.o(i.HAL_TIM_Encoder_MspInit)
    i.HAL_TIM_Encoder_Start                  0x08001a7c   Section        0  stm32f4xx_hal_tim.o(i.HAL_TIM_Encoder_Start)
    i.HAL_TIM_PWM_ConfigChannel              0x08001aca   Section        0  stm32f4xx_hal_tim.o(i.HAL_TIM_PWM_ConfigChannel)
    i.HAL_TIM_PWM_Init                       0x08001bd2   Section        0  stm32f4xx_hal_tim.o(i.HAL_TIM_PWM_Init)
    i.HAL_TIM_PWM_MspInit                    0x08001c08   Section        0  stm32f4xx_hal_msp.o(i.HAL_TIM_PWM_MspInit)
    i.HAL_TIM_PWM_Start                      0x08001c3c   Section        0  stm32f4xx_hal_tim.o(i.HAL_TIM_PWM_Start)
    i.HAL_TIM_PWM_Stop                       0x08001c88   Section        0  stm32f4xx_hal_tim.o(i.HAL_TIM_PWM_Stop)
    i.HAL_UART_ErrorCallback                 0x08001d10   Section        0  stm32f4xx_hal_uart.o(i.HAL_UART_ErrorCallback)
    i.HAL_UART_IRQHandler                    0x08001d14   Section        0  stm32f4xx_hal_uart.o(i.HAL_UART_IRQHandler)
    i.HAL_UART_Init                          0x08001e60   Section        0  stm32f4xx_hal_uart.o(i.HAL_UART_Init)
    i.HAL_UART_MspInit                       0x08001ed4   Section        0  bsp_uart.o(i.HAL_UART_MspInit)
    i.HAL_UART_Receive_IT                    0x08001f6c   Section        0  stm32f4xx_hal_uart.o(i.HAL_UART_Receive_IT)
    i.HAL_UART_RxCpltCallback                0x08001fd0   Section        0  app_uart.o(i.HAL_UART_RxCpltCallback)
    i.HAL_UART_Transmit                      0x08002010   Section        0  stm32f4xx_hal_uart.o(i.HAL_UART_Transmit)
    i.HAL_UART_TxCpltCallback                0x080020e6   Section        0  stm32f4xx_hal_uart.o(i.HAL_UART_TxCpltCallback)
    i.HardFault_Handler                      0x080020e8   Section        0  stm32f4xx_it.o(i.HardFault_Handler)
    i.IF_MOTOR_Forward                       0x080020ec   Section        0  if_motor.o(i.IF_MOTOR_Forward)
    i.IF_MOTOR_Init                          0x0800210c   Section        0  if_motor.o(i.IF_MOTOR_Init)
    i.IF_MOTOR_Reversal                      0x08002118   Section        0  if_motor.o(i.IF_MOTOR_Reversal)
    i.IF_MOTOR_SetSpeed                      0x08002138   Section        0  if_motor.o(i.IF_MOTOR_SetSpeed)
    i.IF_MOTOR_Start                         0x08002158   Section        0  if_motor.o(i.IF_MOTOR_Start)
    i.IF_MOTOR_Stop                          0x08002170   Section        0  if_motor.o(i.IF_MOTOR_Stop)
    i.MemManage_Handler                      0x080021a0   Section        0  stm32f4xx_it.o(i.MemManage_Handler)
    i.NMI_Handler                            0x080021a4   Section        0  stm32f4xx_it.o(i.NMI_Handler)
    i.PendSV_Handler                         0x080021a8   Section        0  stm32f4xx_it.o(i.PendSV_Handler)
    i.SVC_Handler                            0x080021aa   Section        0  stm32f4xx_it.o(i.SVC_Handler)
    i.SysTick_Handler                        0x080021ac   Section        0  stm32f4xx_it.o(i.SysTick_Handler)
    i.SystemClock_Config                     0x080021b4   Section        0  main.o(i.SystemClock_Config)
    i.SystemInit                             0x0800226c   Section        0  system_stm32f4xx.o(i.SystemInit)
    i.TIM_Base_SetConfig                     0x08002280   Section        0  stm32f4xx_hal_tim.o(i.TIM_Base_SetConfig)
    i.TIM_CCxChannelCmd                      0x08002364   Section        0  stm32f4xx_hal_tim.o(i.TIM_CCxChannelCmd)
    i.TIM_OC1_SetConfig                      0x08002380   Section        0  stm32f4xx_hal_tim.o(i.TIM_OC1_SetConfig)
    TIM_OC1_SetConfig                        0x08002381   Thumb Code   102  stm32f4xx_hal_tim.o(i.TIM_OC1_SetConfig)
    i.TIM_OC2_SetConfig                      0x080023f0   Section        0  stm32f4xx_hal_tim.o(i.TIM_OC2_SetConfig)
    i.TIM_OC3_SetConfig                      0x08002468   Section        0  stm32f4xx_hal_tim.o(i.TIM_OC3_SetConfig)
    TIM_OC3_SetConfig                        0x08002469   Thumb Code   110  stm32f4xx_hal_tim.o(i.TIM_OC3_SetConfig)
    i.TIM_OC4_SetConfig                      0x080024e0   Section        0  stm32f4xx_hal_tim.o(i.TIM_OC4_SetConfig)
    TIM_OC4_SetConfig                        0x080024e1   Thumb Code    88  stm32f4xx_hal_tim.o(i.TIM_OC4_SetConfig)
    i.UART_DMAAbortOnError                   0x08002540   Section        0  stm32f4xx_hal_uart.o(i.UART_DMAAbortOnError)
    UART_DMAAbortOnError                     0x08002541   Thumb Code    20  stm32f4xx_hal_uart.o(i.UART_DMAAbortOnError)
    i.UART_EndRxTransfer                     0x08002554   Section        0  stm32f4xx_hal_uart.o(i.UART_EndRxTransfer)
    UART_EndRxTransfer                       0x08002555   Thumb Code    32  stm32f4xx_hal_uart.o(i.UART_EndRxTransfer)
    i.UART_EndTransmit_IT                    0x08002574   Section        0  stm32f4xx_hal_uart.o(i.UART_EndTransmit_IT)
    UART_EndTransmit_IT                      0x08002575   Thumb Code    32  stm32f4xx_hal_uart.o(i.UART_EndTransmit_IT)
    i.UART_Receive_IT                        0x08002594   Section        0  stm32f4xx_hal_uart.o(i.UART_Receive_IT)
    UART_Receive_IT                          0x08002595   Thumb Code   154  stm32f4xx_hal_uart.o(i.UART_Receive_IT)
    i.UART_SetConfig                         0x08002630   Section        0  stm32f4xx_hal_uart.o(i.UART_SetConfig)
    UART_SetConfig                           0x08002631   Thumb Code   864  stm32f4xx_hal_uart.o(i.UART_SetConfig)
    i.UART_Transmit_IT                       0x08002998   Section        0  stm32f4xx_hal_uart.o(i.UART_Transmit_IT)
    UART_Transmit_IT                         0x08002999   Thumb Code   104  stm32f4xx_hal_uart.o(i.UART_Transmit_IT)
    i.UART_WaitOnFlagUntilTimeout            0x08002a00   Section        0  stm32f4xx_hal_uart.o(i.UART_WaitOnFlagUntilTimeout)
    UART_WaitOnFlagUntilTimeout              0x08002a01   Thumb Code   108  stm32f4xx_hal_uart.o(i.UART_WaitOnFlagUntilTimeout)
    i.USART1_IRQHandler                      0x08002a6c   Section        0  stm32f4xx_it.o(i.USART1_IRQHandler)
    i.UsageFault_Handler                     0x08002a7c   Section        0  stm32f4xx_it.o(i.UsageFault_Handler)
    i.__0printf                              0x08002a80   Section        0  printfa.o(i.__0printf)
    i.__NVIC_GetPriorityGrouping             0x08002aa0   Section        0  stm32f4xx_hal_cortex.o(i.__NVIC_GetPriorityGrouping)
    __NVIC_GetPriorityGrouping               0x08002aa1   Thumb Code    10  stm32f4xx_hal_cortex.o(i.__NVIC_GetPriorityGrouping)
    i.__NVIC_SetPriority                     0x08002ab0   Section        0  stm32f4xx_hal_cortex.o(i.__NVIC_SetPriority)
    __NVIC_SetPriority                       0x08002ab1   Thumb Code    32  stm32f4xx_hal_cortex.o(i.__NVIC_SetPriority)
    i.__scatterload_copy                     0x08002ad8   Section       14  handlers.o(i.__scatterload_copy)
    i.__scatterload_null                     0x08002ae6   Section        2  handlers.o(i.__scatterload_null)
    i.__scatterload_zeroinit                 0x08002ae8   Section       14  handlers.o(i.__scatterload_zeroinit)
    i._fp_digits                             0x08002af8   Section        0  printfa.o(i._fp_digits)
    _fp_digits                               0x08002af9   Thumb Code   366  printfa.o(i._fp_digits)
    i._printf_core                           0x08002c7c   Section        0  printfa.o(i._printf_core)
    _printf_core                             0x08002c7d   Thumb Code  1704  printfa.o(i._printf_core)
    i._printf_post_padding                   0x08003330   Section        0  printfa.o(i._printf_post_padding)
    _printf_post_padding                     0x08003331   Thumb Code    36  printfa.o(i._printf_post_padding)
    i._printf_pre_padding                    0x08003354   Section        0  printfa.o(i._printf_pre_padding)
    _printf_pre_padding                      0x08003355   Thumb Code    46  printfa.o(i._printf_pre_padding)
    i.fputc                                  0x08003384   Section        0  bsp_uart.o(i.fputc)
    i.main                                   0x080033a0   Section        0  main.o(i.main)
    .constdata                               0x080034e0   Section       24  system_stm32f4xx.o(.constdata)
    .conststring                             0x080034f8   Section       78  main.o(.conststring)
    .data                                    0x20000000   Section        4  main.o(.data)
    .data                                    0x20000004   Section        3  app_motor.o(.data)
    .data                                    0x20000008   Section        4  system_stm32f4xx.o(.data)
    .data                                    0x2000000c   Section        4  stm32f4xx_hal.o(.data)
    .data                                    0x20000010   Section        4  stdout.o(.data)
    .bss                                     0x20000014   Section       44  app_motor.o(.bss)
    pid_position                             0x20000014   Data          44  app_motor.o(.bss)
    .bss                                     0x20000040   Section       10  app_uart.o(.bss)
    rx_buffer                                0x20000040   Data          10  app_uart.o(.bss)
    .bss                                     0x2000004c   Section       64  bsp_uart.o(.bss)
    .bss                                     0x2000008c   Section       60  bsp_encoder.o(.bss)
    .bss                                     0x200000c8   Section       60  drv_pwm.o(.bss)
    STACK                                    0x20000108   Section     1024  startup_stm32f407xx.o(STACK)

    Global Symbols

    Symbol Name                              Value     Ov Type        Size  Object(Section)

    BuildAttributes$$THM_ISAv4$E$P$D$K$B$S$7EM$VFPi3$EXTD16$VFPS$VFMA$PE$A:L22UL41UL21$X:L11$S22US41US21$IEEE1$IW$USESV6$~STKCKD$USESV7$~SHL$OSPACE$ROPI$EBA8$MICROLIB$REQ8$PRES8$EABIv2 0x00000000   Number         0  anon$$obj.o ABSOLUTE
    __ARM_use_no_argv                        0x00000000   Number         0  main.o ABSOLUTE
    _printf_a                                0x00000000   Number         0  stubs.o ABSOLUTE
    _printf_c                                0x00000000   Number         0  stubs.o ABSOLUTE
    _printf_charcount                        0x00000000   Number         0  stubs.o ABSOLUTE
    _printf_d                                0x00000000   Number         0  stubs.o ABSOLUTE
    _printf_e                                0x00000000   Number         0  stubs.o ABSOLUTE
    _printf_f                                0x00000000   Number         0  stubs.o ABSOLUTE
    _printf_flags                            0x00000000   Number         0  stubs.o ABSOLUTE
    _printf_fp_dec                           0x00000000   Number         0  stubs.o ABSOLUTE
    _printf_fp_hex                           0x00000000   Number         0  stubs.o ABSOLUTE
    _printf_g                                0x00000000   Number         0  stubs.o ABSOLUTE
    _printf_i                                0x00000000   Number         0  stubs.o ABSOLUTE
    _printf_int_dec                          0x00000000   Number         0  stubs.o ABSOLUTE
    _printf_l                                0x00000000   Number         0  stubs.o ABSOLUTE
    _printf_lc                               0x00000000   Number         0  stubs.o ABSOLUTE
    _printf_ll                               0x00000000   Number         0  stubs.o ABSOLUTE
    _printf_lld                              0x00000000   Number         0  stubs.o ABSOLUTE
    _printf_lli                              0x00000000   Number         0  stubs.o ABSOLUTE
    _printf_llo                              0x00000000   Number         0  stubs.o ABSOLUTE
    _printf_llu                              0x00000000   Number         0  stubs.o ABSOLUTE
    _printf_llx                              0x00000000   Number         0  stubs.o ABSOLUTE
    _printf_longlong_dec                     0x00000000   Number         0  stubs.o ABSOLUTE
    _printf_longlong_hex                     0x00000000   Number         0  stubs.o ABSOLUTE
    _printf_longlong_oct                     0x00000000   Number         0  stubs.o ABSOLUTE
    _printf_ls                               0x00000000   Number         0  stubs.o ABSOLUTE
    _printf_mbtowc                           0x00000000   Number         0  stubs.o ABSOLUTE
    _printf_n                                0x00000000   Number         0  stubs.o ABSOLUTE
    _printf_o                                0x00000000   Number         0  stubs.o ABSOLUTE
    _printf_p                                0x00000000   Number         0  stubs.o ABSOLUTE
    _printf_percent                          0x00000000   Number         0  stubs.o ABSOLUTE
    _printf_pre_padding                      0x00000000   Number         0  stubs.o ABSOLUTE
    _printf_return_value                     0x00000000   Number         0  stubs.o ABSOLUTE
    _printf_s                                0x00000000   Number         0  stubs.o ABSOLUTE
    _printf_sizespec                         0x00000000   Number         0  stubs.o ABSOLUTE
    _printf_str                              0x00000000   Number         0  stubs.o ABSOLUTE
    _printf_truncate_signed                  0x00000000   Number         0  stubs.o ABSOLUTE
    _printf_truncate_unsigned                0x00000000   Number         0  stubs.o ABSOLUTE
    _printf_u                                0x00000000   Number         0  stubs.o ABSOLUTE
    _printf_wc                               0x00000000   Number         0  stubs.o ABSOLUTE
    _printf_wctomb                           0x00000000   Number         0  stubs.o ABSOLUTE
    _printf_widthprec                        0x00000000   Number         0  stubs.o ABSOLUTE
    _printf_x                                0x00000000   Number         0  stubs.o ABSOLUTE
    __arm_fini_                               - Undefined Weak Reference
    __cpp_initialize__aeabi_                  - Undefined Weak Reference
    __cxa_finalize                            - Undefined Weak Reference
    __decompress                              - Undefined Weak Reference
    _clock_init                               - Undefined Weak Reference
    _microlib_exit                            - Undefined Weak Reference
    __Vectors_Size                           0x00000188   Number         0  startup_stm32f407xx.o ABSOLUTE
    __Vectors                                0x08000000   Data           4  startup_stm32f407xx.o(RESET)
    __Vectors_End                            0x08000188   Data           0  startup_stm32f407xx.o(RESET)
    __main                                   0x08000189   Thumb Code     0  entry.o(.ARM.Collect$$$$00000000)
    _main_stk                                0x08000189   Thumb Code     0  entry2.o(.ARM.Collect$$$$00000001)
    _main_scatterload                        0x0800018d   Thumb Code     0  entry5.o(.ARM.Collect$$$$00000004)
    __main_after_scatterload                 0x08000191   Thumb Code     0  entry5.o(.ARM.Collect$$$$00000004)
    _main_clock                              0x08000191   Thumb Code     0  entry7b.o(.ARM.Collect$$$$00000008)
    _main_cpp_init                           0x08000191   Thumb Code     0  entry8b.o(.ARM.Collect$$$$0000000A)
    _main_init                               0x08000191   Thumb Code     0  entry9a.o(.ARM.Collect$$$$0000000B)
    __rt_lib_shutdown_fini                   0x08000199   Thumb Code     0  entry12b.o(.ARM.Collect$$$$0000000E)
    __rt_final_cpp                           0x0800019d   Thumb Code     0  entry10a.o(.ARM.Collect$$$$0000000F)
    __rt_final_exit                          0x0800019d   Thumb Code     0  entry11a.o(.ARM.Collect$$$$00000011)
    Reset_Handler                            0x080001a1   Thumb Code     8  startup_stm32f407xx.o(.text)
    ADC_IRQHandler                           0x080001bb   Thumb Code     0  startup_stm32f407xx.o(.text)
    CAN1_RX0_IRQHandler                      0x080001bb   Thumb Code     0  startup_stm32f407xx.o(.text)
    CAN1_RX1_IRQHandler                      0x080001bb   Thumb Code     0  startup_stm32f407xx.o(.text)
    CAN1_SCE_IRQHandler                      0x080001bb   Thumb Code     0  startup_stm32f407xx.o(.text)
    CAN1_TX_IRQHandler                       0x080001bb   Thumb Code     0  startup_stm32f407xx.o(.text)
    CAN2_RX0_IRQHandler                      0x080001bb   Thumb Code     0  startup_stm32f407xx.o(.text)
    CAN2_RX1_IRQHandler                      0x080001bb   Thumb Code     0  startup_stm32f407xx.o(.text)
    CAN2_SCE_IRQHandler                      0x080001bb   Thumb Code     0  startup_stm32f407xx.o(.text)
    CAN2_TX_IRQHandler                       0x080001bb   Thumb Code     0  startup_stm32f407xx.o(.text)
    DCMI_IRQHandler                          0x080001bb   Thumb Code     0  startup_stm32f407xx.o(.text)
    DMA1_Stream0_IRQHandler                  0x080001bb   Thumb Code     0  startup_stm32f407xx.o(.text)
    DMA1_Stream1_IRQHandler                  0x080001bb   Thumb Code     0  startup_stm32f407xx.o(.text)
    DMA1_Stream2_IRQHandler                  0x080001bb   Thumb Code     0  startup_stm32f407xx.o(.text)
    DMA1_Stream3_IRQHandler                  0x080001bb   Thumb Code     0  startup_stm32f407xx.o(.text)
    DMA1_Stream4_IRQHandler                  0x080001bb   Thumb Code     0  startup_stm32f407xx.o(.text)
    DMA1_Stream5_IRQHandler                  0x080001bb   Thumb Code     0  startup_stm32f407xx.o(.text)
    DMA1_Stream6_IRQHandler                  0x080001bb   Thumb Code     0  startup_stm32f407xx.o(.text)
    DMA1_Stream7_IRQHandler                  0x080001bb   Thumb Code     0  startup_stm32f407xx.o(.text)
    DMA2_Stream0_IRQHandler                  0x080001bb   Thumb Code     0  startup_stm32f407xx.o(.text)
    DMA2_Stream1_IRQHandler                  0x080001bb   Thumb Code     0  startup_stm32f407xx.o(.text)
    DMA2_Stream2_IRQHandler                  0x080001bb   Thumb Code     0  startup_stm32f407xx.o(.text)
    DMA2_Stream3_IRQHandler                  0x080001bb   Thumb Code     0  startup_stm32f407xx.o(.text)
    DMA2_Stream4_IRQHandler                  0x080001bb   Thumb Code     0  startup_stm32f407xx.o(.text)
    DMA2_Stream5_IRQHandler                  0x080001bb   Thumb Code     0  startup_stm32f407xx.o(.text)
    DMA2_Stream6_IRQHandler                  0x080001bb   Thumb Code     0  startup_stm32f407xx.o(.text)
    DMA2_Stream7_IRQHandler                  0x080001bb   Thumb Code     0  startup_stm32f407xx.o(.text)
    ETH_IRQHandler                           0x080001bb   Thumb Code     0  startup_stm32f407xx.o(.text)
    ETH_WKUP_IRQHandler                      0x080001bb   Thumb Code     0  startup_stm32f407xx.o(.text)
    EXTI0_IRQHandler                         0x080001bb   Thumb Code     0  startup_stm32f407xx.o(.text)
    EXTI15_10_IRQHandler                     0x080001bb   Thumb Code     0  startup_stm32f407xx.o(.text)
    EXTI1_IRQHandler                         0x080001bb   Thumb Code     0  startup_stm32f407xx.o(.text)
    EXTI2_IRQHandler                         0x080001bb   Thumb Code     0  startup_stm32f407xx.o(.text)
    EXTI3_IRQHandler                         0x080001bb   Thumb Code     0  startup_stm32f407xx.o(.text)
    EXTI4_IRQHandler                         0x080001bb   Thumb Code     0  startup_stm32f407xx.o(.text)
    EXTI9_5_IRQHandler                       0x080001bb   Thumb Code     0  startup_stm32f407xx.o(.text)
    FLASH_IRQHandler                         0x080001bb   Thumb Code     0  startup_stm32f407xx.o(.text)
    FMC_IRQHandler                           0x080001bb   Thumb Code     0  startup_stm32f407xx.o(.text)
    FPU_IRQHandler                           0x080001bb   Thumb Code     0  startup_stm32f407xx.o(.text)
    HASH_RNG_IRQHandler                      0x080001bb   Thumb Code     0  startup_stm32f407xx.o(.text)
    I2C1_ER_IRQHandler                       0x080001bb   Thumb Code     0  startup_stm32f407xx.o(.text)
    I2C1_EV_IRQHandler                       0x080001bb   Thumb Code     0  startup_stm32f407xx.o(.text)
    I2C2_ER_IRQHandler                       0x080001bb   Thumb Code     0  startup_stm32f407xx.o(.text)
    I2C2_EV_IRQHandler                       0x080001bb   Thumb Code     0  startup_stm32f407xx.o(.text)
    I2C3_ER_IRQHandler                       0x080001bb   Thumb Code     0  startup_stm32f407xx.o(.text)
    I2C3_EV_IRQHandler                       0x080001bb   Thumb Code     0  startup_stm32f407xx.o(.text)
    OTG_FS_IRQHandler                        0x080001bb   Thumb Code     0  startup_stm32f407xx.o(.text)
    OTG_FS_WKUP_IRQHandler                   0x080001bb   Thumb Code     0  startup_stm32f407xx.o(.text)
    OTG_HS_EP1_IN_IRQHandler                 0x080001bb   Thumb Code     0  startup_stm32f407xx.o(.text)
    OTG_HS_EP1_OUT_IRQHandler                0x080001bb   Thumb Code     0  startup_stm32f407xx.o(.text)
    OTG_HS_IRQHandler                        0x080001bb   Thumb Code     0  startup_stm32f407xx.o(.text)
    OTG_HS_WKUP_IRQHandler                   0x080001bb   Thumb Code     0  startup_stm32f407xx.o(.text)
    PVD_IRQHandler                           0x080001bb   Thumb Code     0  startup_stm32f407xx.o(.text)
    RCC_IRQHandler                           0x080001bb   Thumb Code     0  startup_stm32f407xx.o(.text)
    RTC_Alarm_IRQHandler                     0x080001bb   Thumb Code     0  startup_stm32f407xx.o(.text)
    RTC_WKUP_IRQHandler                      0x080001bb   Thumb Code     0  startup_stm32f407xx.o(.text)
    SDIO_IRQHandler                          0x080001bb   Thumb Code     0  startup_stm32f407xx.o(.text)
    SPI1_IRQHandler                          0x080001bb   Thumb Code     0  startup_stm32f407xx.o(.text)
    SPI2_IRQHandler                          0x080001bb   Thumb Code     0  startup_stm32f407xx.o(.text)
    SPI3_IRQHandler                          0x080001bb   Thumb Code     0  startup_stm32f407xx.o(.text)
    TAMP_STAMP_IRQHandler                    0x080001bb   Thumb Code     0  startup_stm32f407xx.o(.text)
    TIM1_BRK_TIM9_IRQHandler                 0x080001bb   Thumb Code     0  startup_stm32f407xx.o(.text)
    TIM1_CC_IRQHandler                       0x080001bb   Thumb Code     0  startup_stm32f407xx.o(.text)
    TIM1_TRG_COM_TIM11_IRQHandler            0x080001bb   Thumb Code     0  startup_stm32f407xx.o(.text)
    TIM1_UP_TIM10_IRQHandler                 0x080001bb   Thumb Code     0  startup_stm32f407xx.o(.text)
    TIM2_IRQHandler                          0x080001bb   Thumb Code     0  startup_stm32f407xx.o(.text)
    TIM3_IRQHandler                          0x080001bb   Thumb Code     0  startup_stm32f407xx.o(.text)
    TIM4_IRQHandler                          0x080001bb   Thumb Code     0  startup_stm32f407xx.o(.text)
    TIM5_IRQHandler                          0x080001bb   Thumb Code     0  startup_stm32f407xx.o(.text)
    TIM6_DAC_IRQHandler                      0x080001bb   Thumb Code     0  startup_stm32f407xx.o(.text)
    TIM7_IRQHandler                          0x080001bb   Thumb Code     0  startup_stm32f407xx.o(.text)
    TIM8_BRK_TIM12_IRQHandler                0x080001bb   Thumb Code     0  startup_stm32f407xx.o(.text)
    TIM8_CC_IRQHandler                       0x080001bb   Thumb Code     0  startup_stm32f407xx.o(.text)
    TIM8_TRG_COM_TIM14_IRQHandler            0x080001bb   Thumb Code     0  startup_stm32f407xx.o(.text)
    TIM8_UP_TIM13_IRQHandler                 0x080001bb   Thumb Code     0  startup_stm32f407xx.o(.text)
    UART4_IRQHandler                         0x080001bb   Thumb Code     0  startup_stm32f407xx.o(.text)
    UART5_IRQHandler                         0x080001bb   Thumb Code     0  startup_stm32f407xx.o(.text)
    USART2_IRQHandler                        0x080001bb   Thumb Code     0  startup_stm32f407xx.o(.text)
    USART3_IRQHandler                        0x080001bb   Thumb Code     0  startup_stm32f407xx.o(.text)
    USART6_IRQHandler                        0x080001bb   Thumb Code     0  startup_stm32f407xx.o(.text)
    WWDG_IRQHandler                          0x080001bb   Thumb Code     0  startup_stm32f407xx.o(.text)
    __aeabi_memset                           0x080001c5   Thumb Code    14  memseta.o(.text)
    __aeabi_memset4                          0x080001c5   Thumb Code     0  memseta.o(.text)
    __aeabi_memset8                          0x080001c5   Thumb Code     0  memseta.o(.text)
    __aeabi_memclr                           0x080001d3   Thumb Code     4  memseta.o(.text)
    __aeabi_memclr4                          0x080001d3   Thumb Code     0  memseta.o(.text)
    __aeabi_memclr8                          0x080001d3   Thumb Code     0  memseta.o(.text)
    _memset$wrapper                          0x080001d7   Thumb Code    18  memseta.o(.text)
    strlen                                   0x080001e9   Thumb Code    14  strlen.o(.text)
    __aeabi_f2d                              0x080001f7   Thumb Code    38  f2d.o(.text)
    __aeabi_uidiv                            0x0800021d   Thumb Code     0  uidiv.o(.text)
    __aeabi_uidivmod                         0x0800021d   Thumb Code    44  uidiv.o(.text)
    __aeabi_uldivmod                         0x08000249   Thumb Code    98  uldiv.o(.text)
    __I$use$fp                               0x080002ab   Thumb Code     0  iusefp.o(.text)
    __aeabi_dadd                             0x080002ab   Thumb Code   322  dadd.o(.text)
    __aeabi_dsub                             0x080003ed   Thumb Code     6  dadd.o(.text)
    __aeabi_drsub                            0x080003f3   Thumb Code     6  dadd.o(.text)
    __aeabi_dmul                             0x080003f9   Thumb Code   228  dmul.o(.text)
    __aeabi_ddiv                             0x080004dd   Thumb Code   222  ddiv.o(.text)
    __aeabi_d2ulz                            0x080005bb   Thumb Code    48  dfixul.o(.text)
    __aeabi_cdrcmple                         0x080005ed   Thumb Code    48  cdrcmple.o(.text)
    __scatterload                            0x0800061d   Thumb Code    28  init.o(.text)
    __scatterload_rt2                        0x0800061d   Thumb Code     0  init.o(.text)
    __aeabi_llsl                             0x08000641   Thumb Code    30  llshl.o(.text)
    _ll_shift_l                              0x08000641   Thumb Code     0  llshl.o(.text)
    __aeabi_llsr                             0x0800065f   Thumb Code    32  llushr.o(.text)
    _ll_ushift_r                             0x0800065f   Thumb Code     0  llushr.o(.text)
    __aeabi_lasr                             0x0800067f   Thumb Code    36  llsshr.o(.text)
    _ll_sshift_r                             0x0800067f   Thumb Code     0  llsshr.o(.text)
    _double_round                            0x080006a3   Thumb Code    30  depilogue.o(.text)
    _double_epilogue                         0x080006c1   Thumb Code   156  depilogue.o(.text)
    ALG_PID_GetOutput                        0x0800075d   Thumb Code     6  alg_pid.o(i.ALG_PID_GetOutput)
    ALG_PID_Init                             0x08000763   Thumb Code    40  alg_pid.o(i.ALG_PID_Init)
    ALG_PID_Reset                            0x0800078d   Thumb Code    50  alg_pid.o(i.ALG_PID_Reset)
    ALG_PID_SetTarget                        0x080007c5   Thumb Code     6  alg_pid.o(i.ALG_PID_SetTarget)
    ALG_PID_Update                           0x080007cd   Thumb Code   230  alg_pid.o(i.ALG_PID_Update)
    APP_ENCODER_Clear                        0x080008b9   Thumb Code     8  app_encoder.o(i.APP_ENCODER_Clear)
    APP_ENCODER_Count                        0x080008c1   Thumb Code    16  app_encoder.o(i.APP_ENCODER_Count)
    APP_ENCODER_Init                         0x080008d1   Thumb Code    12  app_encoder.o(i.APP_ENCODER_Init)
    APP_ENCODER_Start                        0x080008dd   Thumb Code     8  app_encoder.o(i.APP_ENCODER_Start)
    APP_MOTOR_GetPIDOutput                   0x080008e5   Thumb Code    10  app_motor.o(i.APP_MOTOR_GetPIDOutput)
    APP_MOTOR_Go2Revolutions                 0x080008f5   Thumb Code    38  app_motor.o(i.APP_MOTOR_Go2Revolutions)
    APP_MOTOR_Init                           0x08000921   Thumb Code    28  app_motor.o(i.APP_MOTOR_Init)
    APP_MOTOR_PID_Init                       0x08000949   Thumb Code    32  app_motor.o(i.APP_MOTOR_PID_Init)
    APP_MOTOR_RunToPosition                  0x08000975   Thumb Code   146  app_motor.o(i.APP_MOTOR_RunToPosition)
    APP_UART_Init                            0x08000a15   Thumb Code    12  app_uart.o(i.APP_UART_Init)
    APP_UART_StartReceive                    0x08000a21   Thumb Code    24  app_uart.o(i.APP_UART_StartReceive)
    BSP_ENCODER_Clear                        0x08000a41   Thumb Code    10  bsp_encoder.o(i.BSP_ENCODER_Clear)
    BSP_ENCODER_Count                        0x08000a51   Thumb Code    10  bsp_encoder.o(i.BSP_ENCODER_Count)
    BSP_ENCODER_Init                         0x08000a61   Thumb Code   118  bsp_encoder.o(i.BSP_ENCODER_Init)
    BSP_ENCODER_Start                        0x08000ae1   Thumb Code    12  bsp_encoder.o(i.BSP_ENCODER_Start)
    BSP_MOTOR_Init                           0x08000af1   Thumb Code   166  bsp_motor.o(i.BSP_MOTOR_Init)
    BSP_UART_Init                            0x08000ba1   Thumb Code    44  bsp_uart.o(i.BSP_UART_Init)
    BSP_UART_SendData                        0x08000bd5   Thumb Code    20  bsp_uart.o(i.BSP_UART_SendData)
    BSP_UART_SendString                      0x08000bed   Thumb Code    26  bsp_uart.o(i.BSP_UART_SendString)
    BusFault_Handler                         0x08000c0d   Thumb Code     4  stm32f4xx_it.o(i.BusFault_Handler)
    DRV_PWM_Init                             0x08000c11   Thumb Code   190  drv_pwm.o(i.DRV_PWM_Init)
    DRV_PWM_SetDuty                          0x08000cdd   Thumb Code    18  drv_pwm.o(i.DRV_PWM_SetDuty)
    DRV_PWM_Start                            0x08000cf5   Thumb Code    12  drv_pwm.o(i.DRV_PWM_Start)
    DRV_PWM_Stop                             0x08000d05   Thumb Code    12  drv_pwm.o(i.DRV_PWM_Stop)
    DebugMon_Handler                         0x08000d15   Thumb Code     2  stm32f4xx_it.o(i.DebugMon_Handler)
    Error_Handler                            0x08000d17   Thumb Code     6  main.o(i.Error_Handler)
    HAL_DMA_Abort_IT                         0x08000d1d   Thumb Code    40  stm32f4xx_hal_dma.o(i.HAL_DMA_Abort_IT)
    HAL_Delay                                0x08000d45   Thumb Code    30  stm32f4xx_hal.o(i.HAL_Delay)
    HAL_GPIO_Init                            0x08000d65   Thumb Code   466  stm32f4xx_hal_gpio.o(i.HAL_GPIO_Init)
    HAL_GPIO_WritePin                        0x08000f65   Thumb Code    12  stm32f4xx_hal_gpio.o(i.HAL_GPIO_WritePin)
    HAL_GetTick                              0x08000f71   Thumb Code     6  stm32f4xx_hal.o(i.HAL_GetTick)
    HAL_IncTick                              0x08000f7d   Thumb Code    12  stm32f4xx_hal.o(i.HAL_IncTick)
    HAL_Init                                 0x08000f8d   Thumb Code    44  stm32f4xx_hal.o(i.HAL_Init)
    HAL_InitTick                             0x08000fbd   Thumb Code    36  stm32f4xx_hal.o(i.HAL_InitTick)
    HAL_MspInit                              0x08000fe5   Thumb Code    68  stm32f4xx_hal_msp.o(i.HAL_MspInit)
    HAL_NVIC_EnableIRQ                       0x0800102d   Thumb Code    40  stm32f4xx_hal_cortex.o(i.HAL_NVIC_EnableIRQ)
    HAL_NVIC_SetPriority                     0x08001055   Thumb Code   124  stm32f4xx_hal_cortex.o(i.HAL_NVIC_SetPriority)
    HAL_NVIC_SetPriorityGrouping             0x080010d1   Thumb Code    32  stm32f4xx_hal_cortex.o(i.HAL_NVIC_SetPriorityGrouping)
    HAL_RCC_ClockConfig                      0x080010f9   Thumb Code   446  stm32f4xx_hal_rcc.o(i.HAL_RCC_ClockConfig)
    HAL_RCC_GetHCLKFreq                      0x080012c9   Thumb Code     6  stm32f4xx_hal_rcc.o(i.HAL_RCC_GetHCLKFreq)
    HAL_RCC_GetPCLK1Freq                     0x080012d5   Thumb Code    36  stm32f4xx_hal_rcc.o(i.HAL_RCC_GetPCLK1Freq)
    HAL_RCC_GetPCLK2Freq                     0x08001301   Thumb Code    36  stm32f4xx_hal_rcc.o(i.HAL_RCC_GetPCLK2Freq)
    HAL_RCC_GetSysClockFreq                  0x0800132d   Thumb Code   168  stm32f4xx_hal_rcc.o(i.HAL_RCC_GetSysClockFreq)
    HAL_RCC_OscConfig                        0x080013e1   Thumb Code  1090  stm32f4xx_hal_rcc.o(i.HAL_RCC_OscConfig)
    HAL_SYSTICK_Config                       0x0800182d   Thumb Code    52  stm32f4xx_hal_cortex.o(i.HAL_SYSTICK_Config)
    HAL_TIMEx_ConfigBreakDeadTime            0x08001861   Thumb Code   126  stm32f4xx_hal_tim_ex.o(i.HAL_TIMEx_ConfigBreakDeadTime)
    HAL_TIMEx_MasterConfigSynchronization    0x080018df   Thumb Code    98  stm32f4xx_hal_tim_ex.o(i.HAL_TIMEx_MasterConfigSynchronization)
    HAL_TIM_Encoder_Init                     0x08001941   Thumb Code   180  stm32f4xx_hal_tim.o(i.HAL_TIM_Encoder_Init)
    HAL_TIM_Encoder_MspInit                  0x080019f5   Thumb Code   122  bsp_encoder.o(i.HAL_TIM_Encoder_MspInit)
    HAL_TIM_Encoder_Start                    0x08001a7d   Thumb Code    78  stm32f4xx_hal_tim.o(i.HAL_TIM_Encoder_Start)
    HAL_TIM_PWM_ConfigChannel                0x08001acb   Thumb Code   264  stm32f4xx_hal_tim.o(i.HAL_TIM_PWM_ConfigChannel)
    HAL_TIM_PWM_Init                         0x08001bd3   Thumb Code    52  stm32f4xx_hal_tim.o(i.HAL_TIM_PWM_Init)
    HAL_TIM_PWM_MspInit                      0x08001c09   Thumb Code    44  stm32f4xx_hal_msp.o(i.HAL_TIM_PWM_MspInit)
    HAL_TIM_PWM_Start                        0x08001c3d   Thumb Code    68  stm32f4xx_hal_tim.o(i.HAL_TIM_PWM_Start)
    HAL_TIM_PWM_Stop                         0x08001c89   Thumb Code   126  stm32f4xx_hal_tim.o(i.HAL_TIM_PWM_Stop)
    HAL_UART_ErrorCallback                   0x08001d11   Thumb Code     2  stm32f4xx_hal_uart.o(i.HAL_UART_ErrorCallback)
    HAL_UART_IRQHandler                      0x08001d15   Thumb Code   326  stm32f4xx_hal_uart.o(i.HAL_UART_IRQHandler)
    HAL_UART_Init                            0x08001e61   Thumb Code   114  stm32f4xx_hal_uart.o(i.HAL_UART_Init)
    HAL_UART_MspInit                         0x08001ed5   Thumb Code   138  bsp_uart.o(i.HAL_UART_MspInit)
    HAL_UART_Receive_IT                      0x08001f6d   Thumb Code   100  stm32f4xx_hal_uart.o(i.HAL_UART_Receive_IT)
    HAL_UART_RxCpltCallback                  0x08001fd1   Thumb Code    38  app_uart.o(i.HAL_UART_RxCpltCallback)
    HAL_UART_Transmit                        0x08002011   Thumb Code   214  stm32f4xx_hal_uart.o(i.HAL_UART_Transmit)
    HAL_UART_TxCpltCallback                  0x080020e7   Thumb Code     2  stm32f4xx_hal_uart.o(i.HAL_UART_TxCpltCallback)
    HardFault_Handler                        0x080020e9   Thumb Code     4  stm32f4xx_it.o(i.HardFault_Handler)
    IF_MOTOR_Forward                         0x080020ed   Thumb Code    26  if_motor.o(i.IF_MOTOR_Forward)
    IF_MOTOR_Init                            0x0800210d   Thumb Code    12  if_motor.o(i.IF_MOTOR_Init)
    IF_MOTOR_Reversal                        0x08002119   Thumb Code    26  if_motor.o(i.IF_MOTOR_Reversal)
    IF_MOTOR_SetSpeed                        0x08002139   Thumb Code    32  if_motor.o(i.IF_MOTOR_SetSpeed)
    IF_MOTOR_Start                           0x08002159   Thumb Code    18  if_motor.o(i.IF_MOTOR_Start)
    IF_MOTOR_Stop                            0x08002171   Thumb Code    44  if_motor.o(i.IF_MOTOR_Stop)
    MemManage_Handler                        0x080021a1   Thumb Code     4  stm32f4xx_it.o(i.MemManage_Handler)
    NMI_Handler                              0x080021a5   Thumb Code     4  stm32f4xx_it.o(i.NMI_Handler)
    PendSV_Handler                           0x080021a9   Thumb Code     2  stm32f4xx_it.o(i.PendSV_Handler)
    SVC_Handler                              0x080021ab   Thumb Code     2  stm32f4xx_it.o(i.SVC_Handler)
    SysTick_Handler                          0x080021ad   Thumb Code     8  stm32f4xx_it.o(i.SysTick_Handler)
    SystemClock_Config                       0x080021b5   Thumb Code   174  main.o(i.SystemClock_Config)
    SystemInit                               0x0800226d   Thumb Code    14  system_stm32f4xx.o(i.SystemInit)
    TIM_Base_SetConfig                       0x08002281   Thumb Code   184  stm32f4xx_hal_tim.o(i.TIM_Base_SetConfig)
    TIM_CCxChannelCmd                        0x08002365   Thumb Code    28  stm32f4xx_hal_tim.o(i.TIM_CCxChannelCmd)
    TIM_OC2_SetConfig                        0x080023f1   Thumb Code   112  stm32f4xx_hal_tim.o(i.TIM_OC2_SetConfig)
    USART1_IRQHandler                        0x08002a6d   Thumb Code    10  stm32f4xx_it.o(i.USART1_IRQHandler)
    UsageFault_Handler                       0x08002a7d   Thumb Code     4  stm32f4xx_it.o(i.UsageFault_Handler)
    __0printf                                0x08002a81   Thumb Code    22  printfa.o(i.__0printf)
    __1printf                                0x08002a81   Thumb Code     0  printfa.o(i.__0printf)
    __2printf                                0x08002a81   Thumb Code     0  printfa.o(i.__0printf)
    __c89printf                              0x08002a81   Thumb Code     0  printfa.o(i.__0printf)
    printf                                   0x08002a81   Thumb Code     0  printfa.o(i.__0printf)
    __scatterload_copy                       0x08002ad9   Thumb Code    14  handlers.o(i.__scatterload_copy)
    __scatterload_null                       0x08002ae7   Thumb Code     2  handlers.o(i.__scatterload_null)
    __scatterload_zeroinit                   0x08002ae9   Thumb Code    14  handlers.o(i.__scatterload_zeroinit)
    fputc                                    0x08003385   Thumb Code    22  bsp_uart.o(i.fputc)
    main                                     0x080033a1   Thumb Code   236  main.o(i.main)
    AHBPrescTable                            0x080034e0   Data          16  system_stm32f4xx.o(.constdata)
    APBPrescTable                            0x080034f0   Data           8  system_stm32f4xx.o(.constdata)
    Region$$Table$$Base                      0x08003548   Number         0  anon$$obj.o(Region$$Table)
    Region$$Table$$Limit                     0x08003568   Number         0  anon$$obj.o(Region$$Table)
    count                                    0x20000000   Data           4  main.o(.data)
    motor_speed                              0x20000004   Data           1  app_motor.o(.data)
    motor_status                             0x20000005   Data           1  app_motor.o(.data)
    motor_direction                          0x20000006   Data           1  app_motor.o(.data)
    SystemCoreClock                          0x20000008   Data           4  system_stm32f4xx.o(.data)
    uwTick                                   0x2000000c   Data           4  stm32f4xx_hal.o(.data)
    __stdout                                 0x20000010   Data           4  stdout.o(.data)
    huart1                                   0x2000004c   Data          64  bsp_uart.o(.bss)
    htim3                                    0x2000008c   Data          60  bsp_encoder.o(.bss)
    htim1                                    0x200000c8   Data          60  drv_pwm.o(.bss)
    __initial_sp                             0x20000508   Data           0  startup_stm32f407xx.o(STACK)



==============================================================================

Memory Map of the image

  Image Entry point : 0x080001a1

  Load Region LR_1 (Base: 0x08000000, Size: 0x0000357c, Max: 0xffffffff, ABSOLUTE)

    Execution Region ER_RO (Exec base: 0x08000000, Load base: 0x08000000, Size: 0x00003568, Max: 0xffffffff, ABSOLUTE)

    Exec Addr    Load Addr    Size         Type   Attr      Idx    E Section Name        Object

    0x08000000   0x08000000   0x00000188   Data   RO          887    RESET               startup_stm32f407xx.o
    0x08000188   0x08000188   0x00000000   Code   RO         2823  * .ARM.Collect$$$$00000000  mc_w.l(entry.o)
    0x08000188   0x08000188   0x00000004   Code   RO         3093    .ARM.Collect$$$$00000001  mc_w.l(entry2.o)
    0x0800018c   0x0800018c   0x00000004   Code   RO         3096    .ARM.Collect$$$$00000004  mc_w.l(entry5.o)
    0x08000190   0x08000190   0x00000000   Code   RO         3098    .ARM.Collect$$$$00000008  mc_w.l(entry7b.o)
    0x08000190   0x08000190   0x00000000   Code   RO         3100    .ARM.Collect$$$$0000000A  mc_w.l(entry8b.o)
    0x08000190   0x08000190   0x00000008   Code   RO         3101    .ARM.Collect$$$$0000000B  mc_w.l(entry9a.o)
    0x08000198   0x08000198   0x00000004   Code   RO         3108    .ARM.Collect$$$$0000000E  mc_w.l(entry12b.o)
    0x0800019c   0x0800019c   0x00000000   Code   RO         3103    .ARM.Collect$$$$0000000F  mc_w.l(entry10a.o)
    0x0800019c   0x0800019c   0x00000000   Code   RO         3105    .ARM.Collect$$$$00000011  mc_w.l(entry11a.o)
    0x0800019c   0x0800019c   0x00000004   Code   RO         3094    .ARM.Collect$$$$00002712  mc_w.l(entry2.o)
    0x080001a0   0x080001a0   0x00000024   Code   RO          888  * .text               startup_stm32f407xx.o
    0x080001c4   0x080001c4   0x00000024   Code   RO         2826    .text               mc_w.l(memseta.o)
    0x080001e8   0x080001e8   0x0000000e   Code   RO         2828    .text               mc_w.l(strlen.o)
    0x080001f6   0x080001f6   0x00000026   Code   RO         3091    .text               mf_w.l(f2d.o)
    0x0800021c   0x0800021c   0x0000002c   Code   RO         3110    .text               mc_w.l(uidiv.o)
    0x08000248   0x08000248   0x00000062   Code   RO         3112    .text               mc_w.l(uldiv.o)
    0x080002aa   0x080002aa   0x00000000   Code   RO         3114    .text               mc_w.l(iusefp.o)
    0x080002aa   0x080002aa   0x0000014e   Code   RO         3115    .text               mf_w.l(dadd.o)
    0x080003f8   0x080003f8   0x000000e4   Code   RO         3117    .text               mf_w.l(dmul.o)
    0x080004dc   0x080004dc   0x000000de   Code   RO         3119    .text               mf_w.l(ddiv.o)
    0x080005ba   0x080005ba   0x00000030   Code   RO         3121    .text               mf_w.l(dfixul.o)
    0x080005ea   0x080005ea   0x00000002   PAD
    0x080005ec   0x080005ec   0x00000030   Code   RO         3123    .text               mf_w.l(cdrcmple.o)
    0x0800061c   0x0800061c   0x00000024   Code   RO         3125    .text               mc_w.l(init.o)
    0x08000640   0x08000640   0x0000001e   Code   RO         3127    .text               mc_w.l(llshl.o)
    0x0800065e   0x0800065e   0x00000020   Code   RO         3129    .text               mc_w.l(llushr.o)
    0x0800067e   0x0800067e   0x00000024   Code   RO         3131    .text               mc_w.l(llsshr.o)
    0x080006a2   0x080006a2   0x000000ba   Code   RO         3133    .text               mf_w.l(depilogue.o)
    0x0800075c   0x0800075c   0x00000006   Code   RO            1    i.ALG_PID_GetOutput  alg_pid.o
    0x08000762   0x08000762   0x00000028   Code   RO            2    i.ALG_PID_Init      alg_pid.o
    0x0800078a   0x0800078a   0x00000002   PAD
    0x0800078c   0x0800078c   0x00000038   Code   RO            3    i.ALG_PID_Reset     alg_pid.o
    0x080007c4   0x080007c4   0x00000006   Code   RO            4    i.ALG_PID_SetTarget  alg_pid.o
    0x080007ca   0x080007ca   0x00000002   PAD
    0x080007cc   0x080007cc   0x000000ec   Code   RO            5    i.ALG_PID_Update    alg_pid.o
    0x080008b8   0x080008b8   0x00000008   Code   RO          433    i.APP_ENCODER_Clear  app_encoder.o
    0x080008c0   0x080008c0   0x00000010   Code   RO          434    i.APP_ENCODER_Count  app_encoder.o
    0x080008d0   0x080008d0   0x0000000c   Code   RO          436    i.APP_ENCODER_Init  app_encoder.o
    0x080008dc   0x080008dc   0x00000008   Code   RO          437    i.APP_ENCODER_Start  app_encoder.o
    0x080008e4   0x080008e4   0x00000010   Code   RO          304    i.APP_MOTOR_GetPIDOutput  app_motor.o
    0x080008f4   0x080008f4   0x0000002c   Code   RO          305    i.APP_MOTOR_Go2Revolutions  app_motor.o
    0x08000920   0x08000920   0x00000028   Code   RO          306    i.APP_MOTOR_Init    app_motor.o
    0x08000948   0x08000948   0x0000002c   Code   RO          307    i.APP_MOTOR_PID_Init  app_motor.o
    0x08000974   0x08000974   0x000000a0   Code   RO          308    i.APP_MOTOR_RunToPosition  app_motor.o
    0x08000a14   0x08000a14   0x0000000c   Code   RO          379    i.APP_UART_Init     app_uart.o
    0x08000a20   0x08000a20   0x00000020   Code   RO          382    i.APP_UART_StartReceive  app_uart.o
    0x08000a40   0x08000a40   0x00000010   Code   RO          574    i.BSP_ENCODER_Clear  bsp_encoder.o
    0x08000a50   0x08000a50   0x00000010   Code   RO          575    i.BSP_ENCODER_Count  bsp_encoder.o
    0x08000a60   0x08000a60   0x00000080   Code   RO          576    i.BSP_ENCODER_Init  bsp_encoder.o
    0x08000ae0   0x08000ae0   0x00000010   Code   RO          577    i.BSP_ENCODER_Start  bsp_encoder.o
    0x08000af0   0x08000af0   0x000000b0   Code   RO          487    i.BSP_MOTOR_Init    bsp_motor.o
    0x08000ba0   0x08000ba0   0x00000034   Code   RO          514    i.BSP_UART_Init     bsp_uart.o
    0x08000bd4   0x08000bd4   0x00000018   Code   RO          515    i.BSP_UART_SendData  bsp_uart.o
    0x08000bec   0x08000bec   0x00000020   Code   RO          516    i.BSP_UART_SendString  bsp_uart.o
    0x08000c0c   0x08000c0c   0x00000004   Code   RO          769    i.BusFault_Handler  stm32f4xx_it.o
    0x08000c10   0x08000c10   0x000000cc   Code   RO          631    i.DRV_PWM_Init      drv_pwm.o
    0x08000cdc   0x08000cdc   0x00000018   Code   RO          632    i.DRV_PWM_SetDuty   drv_pwm.o
    0x08000cf4   0x08000cf4   0x00000010   Code   RO          633    i.DRV_PWM_Start     drv_pwm.o
    0x08000d04   0x08000d04   0x00000010   Code   RO          634    i.DRV_PWM_Stop      drv_pwm.o
    0x08000d14   0x08000d14   0x00000002   Code   RO          770    i.DebugMon_Handler  stm32f4xx_it.o
    0x08000d16   0x08000d16   0x00000006   Code   RO           48    i.Error_Handler     main.o
    0x08000d1c   0x08000d1c   0x00000028   Code   RO         2230    i.HAL_DMA_Abort_IT  stm32f4xx_hal_dma.o
    0x08000d44   0x08000d44   0x0000001e   Code   RO          902    i.HAL_Delay         stm32f4xx_hal.o
    0x08000d62   0x08000d62   0x00000002   PAD
    0x08000d64   0x08000d64   0x00000200   Code   RO         1051    i.HAL_GPIO_Init     stm32f4xx_hal_gpio.o
    0x08000f64   0x08000f64   0x0000000c   Code   RO         1055    i.HAL_GPIO_WritePin  stm32f4xx_hal_gpio.o
    0x08000f70   0x08000f70   0x0000000c   Code   RO          908    i.HAL_GetTick       stm32f4xx_hal.o
    0x08000f7c   0x08000f7c   0x00000010   Code   RO          910    i.HAL_IncTick       stm32f4xx_hal.o
    0x08000f8c   0x08000f8c   0x00000030   Code   RO          911    i.HAL_Init          stm32f4xx_hal.o
    0x08000fbc   0x08000fbc   0x00000028   Code   RO          912    i.HAL_InitTick      stm32f4xx_hal.o
    0x08000fe4   0x08000fe4   0x00000048   Code   RO          739    i.HAL_MspInit       stm32f4xx_hal_msp.o
    0x0800102c   0x0800102c   0x00000028   Code   RO         1119    i.HAL_NVIC_EnableIRQ  stm32f4xx_hal_cortex.o
    0x08001054   0x08001054   0x0000007c   Code   RO         1125    i.HAL_NVIC_SetPriority  stm32f4xx_hal_cortex.o
    0x080010d0   0x080010d0   0x00000028   Code   RO         1126    i.HAL_NVIC_SetPriorityGrouping  stm32f4xx_hal_cortex.o
    0x080010f8   0x080010f8   0x000001d0   Code   RO         2453    i.HAL_RCC_ClockConfig  stm32f4xx_hal_rcc.o
    0x080012c8   0x080012c8   0x0000000c   Code   RO         2458    i.HAL_RCC_GetHCLKFreq  stm32f4xx_hal_rcc.o
    0x080012d4   0x080012d4   0x0000002c   Code   RO         2460    i.HAL_RCC_GetPCLK1Freq  stm32f4xx_hal_rcc.o
    0x08001300   0x08001300   0x0000002c   Code   RO         2461    i.HAL_RCC_GetPCLK2Freq  stm32f4xx_hal_rcc.o
    0x0800132c   0x0800132c   0x000000b4   Code   RO         2462    i.HAL_RCC_GetSysClockFreq  stm32f4xx_hal_rcc.o
    0x080013e0   0x080013e0   0x0000044c   Code   RO         2465    i.HAL_RCC_OscConfig  stm32f4xx_hal_rcc.o
    0x0800182c   0x0800182c   0x00000034   Code   RO         1130    i.HAL_SYSTICK_Config  stm32f4xx_hal_cortex.o
    0x08001860   0x08001860   0x0000007e   Code   RO         2556    i.HAL_TIMEx_ConfigBreakDeadTime  stm32f4xx_hal_tim_ex.o
    0x080018de   0x080018de   0x00000062   Code   RO         2571    i.HAL_TIMEx_MasterConfigSynchronization  stm32f4xx_hal_tim_ex.o
    0x08001940   0x08001940   0x000000b4   Code   RO         1605    i.HAL_TIM_Encoder_Init  stm32f4xx_hal_tim.o
    0x080019f4   0x080019f4   0x00000088   Code   RO          579    i.HAL_TIM_Encoder_MspInit  bsp_encoder.o
    0x08001a7c   0x08001a7c   0x0000004e   Code   RO         1608    i.HAL_TIM_Encoder_Start  stm32f4xx_hal_tim.o
    0x08001aca   0x08001aca   0x00000108   Code   RO         1653    i.HAL_TIM_PWM_ConfigChannel  stm32f4xx_hal_tim.o
    0x08001bd2   0x08001bd2   0x00000034   Code   RO         1656    i.HAL_TIM_PWM_Init  stm32f4xx_hal_tim.o
    0x08001c06   0x08001c06   0x00000002   PAD
    0x08001c08   0x08001c08   0x00000034   Code   RO          740    i.HAL_TIM_PWM_MspInit  stm32f4xx_hal_msp.o
    0x08001c3c   0x08001c3c   0x0000004c   Code   RO         1660    i.HAL_TIM_PWM_Start  stm32f4xx_hal_tim.o
    0x08001c88   0x08001c88   0x00000088   Code   RO         1663    i.HAL_TIM_PWM_Stop  stm32f4xx_hal_tim.o
    0x08001d10   0x08001d10   0x00000002   Code   RO         1275    i.HAL_UART_ErrorCallback  stm32f4xx_hal_uart.o
    0x08001d12   0x08001d12   0x00000002   PAD
    0x08001d14   0x08001d14   0x0000014c   Code   RO         1278    i.HAL_UART_IRQHandler  stm32f4xx_hal_uart.o
    0x08001e60   0x08001e60   0x00000072   Code   RO         1279    i.HAL_UART_Init     stm32f4xx_hal_uart.o
    0x08001ed2   0x08001ed2   0x00000002   PAD
    0x08001ed4   0x08001ed4   0x00000098   Code   RO          518    i.HAL_UART_MspInit  bsp_uart.o
    0x08001f6c   0x08001f6c   0x00000064   Code   RO         1284    i.HAL_UART_Receive_IT  stm32f4xx_hal_uart.o
    0x08001fd0   0x08001fd0   0x00000040   Code   RO          383    i.HAL_UART_RxCpltCallback  app_uart.o
    0x08002010   0x08002010   0x000000d6   Code   RO         1287    i.HAL_UART_Transmit  stm32f4xx_hal_uart.o
    0x080020e6   0x080020e6   0x00000002   Code   RO         1290    i.HAL_UART_TxCpltCallback  stm32f4xx_hal_uart.o
    0x080020e8   0x080020e8   0x00000004   Code   RO          771    i.HardFault_Handler  stm32f4xx_it.o
    0x080020ec   0x080020ec   0x00000020   Code   RO          679    i.IF_MOTOR_Forward  if_motor.o
    0x0800210c   0x0800210c   0x0000000c   Code   RO          680    i.IF_MOTOR_Init     if_motor.o
    0x08002118   0x08002118   0x00000020   Code   RO          682    i.IF_MOTOR_Reversal  if_motor.o
    0x08002138   0x08002138   0x00000020   Code   RO          683    i.IF_MOTOR_SetSpeed  if_motor.o
    0x08002158   0x08002158   0x00000018   Code   RO          684    i.IF_MOTOR_Start    if_motor.o
    0x08002170   0x08002170   0x00000030   Code   RO          685    i.IF_MOTOR_Stop     if_motor.o
    0x080021a0   0x080021a0   0x00000004   Code   RO          772    i.MemManage_Handler  stm32f4xx_it.o
    0x080021a4   0x080021a4   0x00000004   Code   RO          773    i.NMI_Handler       stm32f4xx_it.o
    0x080021a8   0x080021a8   0x00000002   Code   RO          774    i.PendSV_Handler    stm32f4xx_it.o
    0x080021aa   0x080021aa   0x00000002   Code   RO          775    i.SVC_Handler       stm32f4xx_it.o
    0x080021ac   0x080021ac   0x00000008   Code   RO          776    i.SysTick_Handler   stm32f4xx_it.o
    0x080021b4   0x080021b4   0x000000b8   Code   RO           49    i.SystemClock_Config  main.o
    0x0800226c   0x0800226c   0x00000014   Code   RO          852    i.SystemInit        system_stm32f4xx.o
    0x08002280   0x08002280   0x000000e4   Code   RO         1671    i.TIM_Base_SetConfig  stm32f4xx_hal_tim.o
    0x08002364   0x08002364   0x0000001c   Code   RO         1672    i.TIM_CCxChannelCmd  stm32f4xx_hal_tim.o
    0x08002380   0x08002380   0x00000070   Code   RO         1680    i.TIM_OC1_SetConfig  stm32f4xx_hal_tim.o
    0x080023f0   0x080023f0   0x00000078   Code   RO         1681    i.TIM_OC2_SetConfig  stm32f4xx_hal_tim.o
    0x08002468   0x08002468   0x00000078   Code   RO         1682    i.TIM_OC3_SetConfig  stm32f4xx_hal_tim.o
    0x080024e0   0x080024e0   0x00000060   Code   RO         1683    i.TIM_OC4_SetConfig  stm32f4xx_hal_tim.o
    0x08002540   0x08002540   0x00000014   Code   RO         1292    i.UART_DMAAbortOnError  stm32f4xx_hal_uart.o
    0x08002554   0x08002554   0x00000020   Code   RO         1302    i.UART_EndRxTransfer  stm32f4xx_hal_uart.o
    0x08002574   0x08002574   0x00000020   Code   RO         1303    i.UART_EndTransmit_IT  stm32f4xx_hal_uart.o
    0x08002594   0x08002594   0x0000009a   Code   RO         1305    i.UART_Receive_IT   stm32f4xx_hal_uart.o
    0x0800262e   0x0800262e   0x00000002   PAD
    0x08002630   0x08002630   0x00000368   Code   RO         1306    i.UART_SetConfig    stm32f4xx_hal_uart.o
    0x08002998   0x08002998   0x00000068   Code   RO         1307    i.UART_Transmit_IT  stm32f4xx_hal_uart.o
    0x08002a00   0x08002a00   0x0000006c   Code   RO         1308    i.UART_WaitOnFlagUntilTimeout  stm32f4xx_hal_uart.o
    0x08002a6c   0x08002a6c   0x00000010   Code   RO          777    i.USART1_IRQHandler  stm32f4xx_it.o
    0x08002a7c   0x08002a7c   0x00000004   Code   RO          778    i.UsageFault_Handler  stm32f4xx_it.o
    0x08002a80   0x08002a80   0x00000020   Code   RO         3063    i.__0printf         mc_w.l(printfa.o)
    0x08002aa0   0x08002aa0   0x00000010   Code   RO         1132    i.__NVIC_GetPriorityGrouping  stm32f4xx_hal_cortex.o
    0x08002ab0   0x08002ab0   0x00000028   Code   RO         1133    i.__NVIC_SetPriority  stm32f4xx_hal_cortex.o
    0x08002ad8   0x08002ad8   0x0000000e   Code   RO         3137    i.__scatterload_copy  mc_w.l(handlers.o)
    0x08002ae6   0x08002ae6   0x00000002   Code   RO         3138    i.__scatterload_null  mc_w.l(handlers.o)
    0x08002ae8   0x08002ae8   0x0000000e   Code   RO         3139    i.__scatterload_zeroinit  mc_w.l(handlers.o)
    0x08002af6   0x08002af6   0x00000002   PAD
    0x08002af8   0x08002af8   0x00000184   Code   RO         3070    i._fp_digits        mc_w.l(printfa.o)
    0x08002c7c   0x08002c7c   0x000006b4   Code   RO         3071    i._printf_core      mc_w.l(printfa.o)
    0x08003330   0x08003330   0x00000024   Code   RO         3072    i._printf_post_padding  mc_w.l(printfa.o)
    0x08003354   0x08003354   0x0000002e   Code   RO         3073    i._printf_pre_padding  mc_w.l(printfa.o)
    0x08003382   0x08003382   0x00000002   PAD
    0x08003384   0x08003384   0x0000001c   Code   RO          519    i.fputc             bsp_uart.o
    0x080033a0   0x080033a0   0x00000140   Code   RO           50    i.main              main.o
    0x080034e0   0x080034e0   0x00000018   Data   RO          853    .constdata          system_stm32f4xx.o
    0x080034f8   0x080034f8   0x0000004e   Data   RO           51    .conststring        main.o
    0x08003546   0x08003546   0x00000002   PAD
    0x08003548   0x08003548   0x00000020   Data   RO         3135    Region$$Table       anon$$obj.o


    Execution Region ER_RW (Exec base: 0x20000000, Load base: 0x08003568, Size: 0x00000014, Max: 0xffffffff, ABSOLUTE)

    Exec Addr    Load Addr    Size         Type   Attr      Idx    E Section Name        Object

    0x20000000   0x08003568   0x00000004   Data   RW           52    .data               main.o
    0x20000004   0x0800356c   0x00000003   Data   RW          312    .data               app_motor.o
    0x20000007   0x0800356f   0x00000001   PAD
    0x20000008   0x08003570   0x00000004   Data   RW          854    .data               system_stm32f4xx.o
    0x2000000c   0x08003574   0x00000004   Data   RW          917    .data               stm32f4xx_hal.o
    0x20000010   0x08003578   0x00000004   Data   RW         3109    .data               mc_w.l(stdout.o)


    Execution Region ER_ZI (Exec base: 0x20000014, Load base: 0x0800357c, Size: 0x000004f4, Max: 0xffffffff, ABSOLUTE)

    Exec Addr    Load Addr    Size         Type   Attr      Idx    E Section Name        Object

    0x20000014        -       0x0000002c   Zero   RW          311    .bss                app_motor.o
    0x20000040        -       0x0000000a   Zero   RW          384    .bss                app_uart.o
    0x2000004a   0x0800357c   0x00000002   PAD
    0x2000004c        -       0x00000040   Zero   RW          520    .bss                bsp_uart.o
    0x2000008c        -       0x0000003c   Zero   RW          580    .bss                bsp_encoder.o
    0x200000c8        -       0x0000003c   Zero   RW          635    .bss                drv_pwm.o
    0x20000104   0x0800357c   0x00000004   PAD
    0x20000108        -       0x00000400   Zero   RW          885    STACK               startup_stm32f407xx.o


==============================================================================

Image component sizes


      Code (inc. data)   RO Data    RW Data    ZI Data      Debug   Object Name

       344         12          0          0          0       8248   alg_pid.o
        44          0          0          0          0       1951   app_encoder.o
       304         50          0          3         44       3215   app_motor.o
       108         34          0          0         10       2022   app_uart.o
       312         40          0          0         60       3221   bsp_encoder.o
       176         10          0          0          0        865   bsp_motor.o
       288         38          0          0         64       3318   bsp_uart.o
       260         28          0          0         60       2592   drv_pwm.o
       180         22          0          0          0       2944   if_motor.o
       510         94         78          4          0     681056   main.o
        36          8        392          0       1024        812   startup_stm32f407xx.o
       146         18          0          4          0       4283   stm32f4xx_hal.o
       312         22          0          0          0      34191   stm32f4xx_hal_cortex.o
        40          0          0          0          0       1091   stm32f4xx_hal_dma.o
       524         46          0          0          0       2252   stm32f4xx_hal_gpio.o
       124         12          0          0          0       1388   stm32f4xx_hal_msp.o
      1844         80          0          0          0       5324   stm32f4xx_hal_rcc.o
      1490         98          0          0          0       9214   stm32f4xx_hal_tim.o
       224          0          0          0          0       1932   stm32f4xx_hal_tim_ex.o
      2086         14          0          0          0       9619   stm32f4xx_hal_uart.o
        50          6          0          0          0       4494   stm32f4xx_it.o
        20          6         24          4          0       1135   system_stm32f4xx.o

    ----------------------------------------------------------------------
      9436        638        528         16       1268     785167   Object Totals
         0          0         32          0          0          0   (incl. Generated)
        14          0          2          1          6          0   (incl. Padding)

    ----------------------------------------------------------------------

      Code (inc. data)   RO Data    RW Data    ZI Data      Debug   Library Member Name

         0          0          0          0          0          0   entry.o
         0          0          0          0          0          0   entry10a.o
         0          0          0          0          0          0   entry11a.o
         4          0          0          0          0          0   entry12b.o
         8          4          0          0          0          0   entry2.o
         4          0          0          0          0          0   entry5.o
         0          0          0          0          0          0   entry7b.o
         0          0          0          0          0          0   entry8b.o
         8          4          0          0          0          0   entry9a.o
        30          0          0          0          0          0   handlers.o
        36          8          0          0          0         68   init.o
         0          0          0          0          0          0   iusefp.o
        30          0          0          0          0         68   llshl.o
        36          0          0          0          0         68   llsshr.o
        32          0          0          0          0         68   llushr.o
        36          0          0          0          0        108   memseta.o
      2218         90          0          0          0        464   printfa.o
         0          0          0          4          0          0   stdout.o
        14          0          0          0          0         68   strlen.o
        44          0          0          0          0         80   uidiv.o
        98          0          0          0          0         92   uldiv.o
        48          0          0          0          0         68   cdrcmple.o
       334          0          0          0          0        148   dadd.o
       222          0          0          0          0        100   ddiv.o
       186          0          0          0          0        176   depilogue.o
        48          0          0          0          0         68   dfixul.o
       228          0          0          0          0         96   dmul.o
        38          0          0          0          0         68   f2d.o

    ----------------------------------------------------------------------
      3708        106          0          4          0       1808   Library Totals
         6          0          0          0          0          0   (incl. Padding)

    ----------------------------------------------------------------------

      Code (inc. data)   RO Data    RW Data    ZI Data      Debug   Library Name

      2598        106          0          4          0       1084   mc_w.l
      1104          0          0          0          0        724   mf_w.l

    ----------------------------------------------------------------------
      3708        106          0          4          0       1808   Library Totals

    ----------------------------------------------------------------------

==============================================================================


      Code (inc. data)   RO Data    RW Data    ZI Data      Debug   

     13144        744        528         20       1268     777195   Grand Totals
     13144        744        528         20       1268     777195   ELF Image Totals
     13144        744        528         20          0          0   ROM Totals

==============================================================================

    Total RO  Size (Code + RO Data)                13672 (  13.35kB)
    Total RW  Size (RW Data + ZI Data)              1288 (   1.26kB)
    Total ROM Size (Code + RO Data + RW Data)      13692 (  13.37kB)

==============================================================================

