Component: ARM Compiler 5.06 update 7 (build 960) Tool: armlink [4d3601]

==============================================================================

Section Cross References

    main.o(i.SystemClock_Config) refers to memseta.o(.text) for __aeabi_memclr4
    main.o(i.SystemClock_Config) refers to stm32f4xx_hal_rcc.o(i.HAL_RCC_OscConfig) for HAL_RCC_OscConfig
    main.o(i.SystemClock_Config) refers to main.o(i.Error_Handler) for Error_Handler
    main.o(i.SystemClock_Config) refers to stm32f4xx_hal_rcc.o(i.HAL_RCC_ClockConfig) for HAL_RCC_ClockConfig
    main.o(i.main) refers to stm32f4xx_hal.o(i.HAL_Init) for HAL_Init
    main.o(i.main) refers to main.o(i.SystemClock_Config) for SystemClock_Config
    main.o(i.main) refers to app.o(i.APP_ALL_Init) for APP_ALL_Init
    main.o(i.main) refers to app.o(i.APP_ALL_Start) for APP_ALL_Start
    main.o(i.main) refers to stm32f4xx_hal.o(i.HAL_GetTick) for HAL_GetTick
    main.o(i.main) refers to app.o(i.APP_SetSpeed) for APP_SetSpeed
    main.o(i.main) refers to speed_control.o(i.SPEED_SetTarget) for SPEED_SetTarget
    main.o(i.main) refers to speed_control.o(i.SPEED_Update) for SPEED_Update
    main.o(i.main) refers to speed_control.o(i.SEPPD_GetPWM) for SEPPD_GetPWM
    main.o(i.main) refers to f2d.o(.text) for __aeabi_f2d
    main.o(i.main) refers to speed_control.o(i.SPEED_GetCurrentRPM) for SPEED_GetCurrentRPM
    main.o(i.main) refers to speed_control.o(i.SPEED_GetTargetRPM) for SPEED_GetTargetRPM
    main.o(i.main) refers to printfa.o(i.__0printf) for __2printf
    main.o(i.main) refers to main.o(.data) for key_time
    stm32f4xx_it.o(i.DMA2_Stream5_IRQHandler) refers to stm32f4xx_hal_dma.o(i.HAL_DMA_IRQHandler) for HAL_DMA_IRQHandler
    stm32f4xx_it.o(i.DMA2_Stream5_IRQHandler) refers to usart.o(.bss) for hdma_usart1_rx
    stm32f4xx_it.o(i.DMA2_Stream7_IRQHandler) refers to stm32f4xx_hal_dma.o(i.HAL_DMA_IRQHandler) for HAL_DMA_IRQHandler
    stm32f4xx_it.o(i.DMA2_Stream7_IRQHandler) refers to usart.o(.bss) for hdma_usart1_tx
    stm32f4xx_it.o(i.SysTick_Handler) refers to stm32f4xx_hal.o(i.HAL_IncTick) for HAL_IncTick
    stm32f4xx_it.o(i.USART1_IRQHandler) refers to stm32f4xx_hal_uart.o(i.HAL_UART_IRQHandler) for HAL_UART_IRQHandler
    stm32f4xx_it.o(i.USART1_IRQHandler) refers to usart.o(i.USART_IDLE_Handler) for USART_IDLE_Handler
    stm32f4xx_it.o(i.USART1_IRQHandler) refers to usart.o(.bss) for huart1
    system_stm32f4xx.o(i.SystemCoreClockUpdate) refers to system_stm32f4xx.o(.data) for SystemCoreClock
    system_stm32f4xx.o(i.SystemCoreClockUpdate) refers to system_stm32f4xx.o(.constdata) for AHBPrescTable
    startup_stm32f407xx.o(RESET) refers to startup_stm32f407xx.o(STACK) for __initial_sp
    startup_stm32f407xx.o(RESET) refers to startup_stm32f407xx.o(.text) for Reset_Handler
    startup_stm32f407xx.o(RESET) refers to stm32f4xx_it.o(i.NMI_Handler) for NMI_Handler
    startup_stm32f407xx.o(RESET) refers to stm32f4xx_it.o(i.HardFault_Handler) for HardFault_Handler
    startup_stm32f407xx.o(RESET) refers to stm32f4xx_it.o(i.MemManage_Handler) for MemManage_Handler
    startup_stm32f407xx.o(RESET) refers to stm32f4xx_it.o(i.BusFault_Handler) for BusFault_Handler
    startup_stm32f407xx.o(RESET) refers to stm32f4xx_it.o(i.UsageFault_Handler) for UsageFault_Handler
    startup_stm32f407xx.o(RESET) refers to stm32f4xx_it.o(i.SVC_Handler) for SVC_Handler
    startup_stm32f407xx.o(RESET) refers to stm32f4xx_it.o(i.DebugMon_Handler) for DebugMon_Handler
    startup_stm32f407xx.o(RESET) refers to stm32f4xx_it.o(i.PendSV_Handler) for PendSV_Handler
    startup_stm32f407xx.o(RESET) refers to stm32f4xx_it.o(i.SysTick_Handler) for SysTick_Handler
    startup_stm32f407xx.o(RESET) refers to stm32f4xx_it.o(i.USART1_IRQHandler) for USART1_IRQHandler
    startup_stm32f407xx.o(RESET) refers to stm32f4xx_it.o(i.DMA2_Stream5_IRQHandler) for DMA2_Stream5_IRQHandler
    startup_stm32f407xx.o(RESET) refers to stm32f4xx_it.o(i.DMA2_Stream7_IRQHandler) for DMA2_Stream7_IRQHandler
    startup_stm32f407xx.o(.text) refers to system_stm32f4xx.o(i.SystemInit) for SystemInit
    startup_stm32f407xx.o(.text) refers to entry.o(.ARM.Collect$$$$00000000) for __main
    stm32f4xx_hal.o(i.HAL_DeInit) refers to stm32f4xx_hal.o(i.HAL_MspDeInit) for HAL_MspDeInit
    stm32f4xx_hal.o(i.HAL_Delay) refers to stm32f4xx_hal.o(i.HAL_GetTick) for HAL_GetTick
    stm32f4xx_hal.o(i.HAL_Delay) refers to stm32f4xx_hal.o(.data) for uwTickFreq
    stm32f4xx_hal.o(i.HAL_GetTick) refers to stm32f4xx_hal.o(.data) for uwTick
    stm32f4xx_hal.o(i.HAL_GetTickFreq) refers to stm32f4xx_hal.o(.data) for uwTickFreq
    stm32f4xx_hal.o(i.HAL_GetTickPrio) refers to stm32f4xx_hal.o(.data) for uwTickPrio
    stm32f4xx_hal.o(i.HAL_IncTick) refers to stm32f4xx_hal.o(.data) for uwTick
    stm32f4xx_hal.o(i.HAL_Init) refers to stm32f4xx_hal_cortex.o(i.HAL_NVIC_SetPriorityGrouping) for HAL_NVIC_SetPriorityGrouping
    stm32f4xx_hal.o(i.HAL_Init) refers to stm32f4xx_hal.o(i.HAL_InitTick) for HAL_InitTick
[...]
    Removing stm32f4xx_hal_uart.o(i.HAL_UART_Abort), (282 bytes).
    Removing stm32f4xx_hal_uart.o(i.HAL_UART_AbortCpltCallback), (2 bytes).
    Removing stm32f4xx_hal_uart.o(i.HAL_UART_AbortReceive), (196 bytes).
    Removing stm32f4xx_hal_uart.o(i.HAL_UART_AbortReceiveCpltCallback), (2 bytes).
    Removing stm32f4xx_hal_uart.o(i.HAL_UART_AbortReceive_IT), (220 bytes).
    Removing stm32f4xx_hal_uart.o(i.HAL_UART_AbortTransmit), (126 bytes).
    Removing stm32f4xx_hal_uart.o(i.HAL_UART_AbortTransmitCpltCallback), (2 bytes).
    Removing stm32f4xx_hal_uart.o(i.HAL_UART_AbortTransmit_IT), (144 bytes).
    Removing stm32f4xx_hal_uart.o(i.HAL_UART_Abort_IT), (336 bytes).
    Removing stm32f4xx_hal_uart.o(i.HAL_UART_DMAPause), (166 bytes).
    Removing stm32f4xx_hal_uart.o(i.HAL_UART_DMAResume), (170 bytes).
    Removing stm32f4xx_hal_uart.o(i.HAL_UART_DeInit), (62 bytes).
    Removing stm32f4xx_hal_uart.o(i.HAL_UART_GetError), (6 bytes).
    Removing stm32f4xx_hal_uart.o(i.HAL_UART_GetState), (20 bytes).
    Removing stm32f4xx_hal_uart.o(i.HAL_UART_MspDeInit), (2 bytes).
    Removing stm32f4xx_hal_uart.o(i.HAL_UART_MspInit), (2 bytes).
    Removing stm32f4xx_hal_uart.o(i.HAL_UART_Receive), (194 bytes).
    Removing stm32f4xx_hal_uart.o(i.HAL_UART_Receive_IT), (44 bytes).
    Removing stm32f4xx_hal_uart.o(i.HAL_UART_Transmit_DMA), (156 bytes).
    Removing stm32f4xx_hal_uart.o(i.HAL_UART_Transmit_IT), (56 bytes).
    Removing stm32f4xx_hal_uart.o(i.HAL_UART_TxHalfCpltCallback), (2 bytes).
    Removing stm32f4xx_hal_uart.o(i.UART_DMARxAbortCallback), (56 bytes).
    Removing stm32f4xx_hal_uart.o(i.UART_DMARxOnlyAbortCallback), (28 bytes).
    Removing stm32f4xx_hal_uart.o(i.UART_DMATransmitCplt), (88 bytes).
    Removing stm32f4xx_hal_uart.o(i.UART_DMATxAbortCallback), (56 bytes).
    Removing stm32f4xx_hal_uart.o(i.UART_DMATxHalfCplt), (14 bytes).
    Removing stm32f4xx_hal_uart.o(i.UART_DMATxOnlyAbortCallback), (24 bytes).
    Removing stm32f4xx_hal_uart.o(i.UART_Start_Receive_IT), (64 bytes).
    Removing stm32f4xx_hal_dma.o(.rev16_text), (4 bytes).
    Removing stm32f4xx_hal_dma.o(.revsh_text), (4 bytes).
    Removing stm32f4xx_hal_dma.o(.rrx_text), (6 bytes).
    Removing stm32f4xx_hal_dma.o(i.HAL_DMA_DeInit), (112 bytes).
    Removing stm32f4xx_hal_dma.o(i.HAL_DMA_GetError), (6 bytes).
    Removing stm32f4xx_hal_dma.o(i.HAL_DMA_GetState), (8 bytes).
    Removing stm32f4xx_hal_dma.o(i.HAL_DMA_PollForTransfer), (346 bytes).
    Removing stm32f4xx_hal_dma.o(i.HAL_DMA_RegisterCallback), (96 bytes).
    Removing stm32f4xx_hal_dma.o(i.HAL_DMA_Start), (102 bytes).
    Removing stm32f4xx_hal_dma.o(i.HAL_DMA_UnRegisterCallback), (124 bytes).
    Removing stm32f4xx_hal_usart.o(.rev16_text), (4 bytes).
    Removing stm32f4xx_hal_usart.o(.revsh_text), (4 bytes).
    Removing stm32f4xx_hal_usart.o(.rrx_text), (6 bytes).
    Removing stm32f4xx_hal_dma_ex.o(.rev16_text), (4 bytes).
    Removing stm32f4xx_hal_dma_ex.o(.revsh_text), (4 bytes).
    Removing stm32f4xx_hal_dma_ex.o(.rrx_text), (6 bytes).
    Removing stm32f4xx_hal_dma_ex.o(i.DMA_MultiBufferSetConfig), (32 bytes).
    Removing stm32f4xx_hal_dma_ex.o(i.HAL_DMAEx_ChangeMemory), (18 bytes).
    Removing stm32f4xx_hal_dma_ex.o(i.HAL_DMAEx_MultiBufferStart), (124 bytes).
    Removing stm32f4xx_hal_dma_ex.o(i.HAL_DMAEx_MultiBufferStart_IT), (4056 bytes).
    Removing encoder.o(.rev16_text), (4 bytes).
    Removing encoder.o(.revsh_text), (4 bytes).
    Removing encoder.o(.rrx_text), (6 bytes).
    Removing encoder.o(i.ENCODER_Clear), (16 bytes).
    Removing encoder.o(i.ENCODER_GetRevolutions), (28 bytes).
    Removing encoder.o(i.HAL_TIM_Encoder_MspDeInit), (48 bytes).
    Removing key.o(.rev16_text), (4 bytes).
    Removing key.o(.revsh_text), (4 bytes).
    Removing key.o(.rrx_text), (6 bytes).
    Removing key.o(i.KEY_Init), (128 bytes).
    Removing led.o(.rev16_text), (4 bytes).
    Removing led.o(.revsh_text), (4 bytes).
    Removing led.o(.rrx_text), (6 bytes).
    Removing led.o(i.LED0_OFF), (20 bytes).
    Removing led.o(i.LED0_ON), (20 bytes).
    Removing led.o(i.LED1_OFF), (20 bytes).
    Removing led.o(i.LED1_ON), (20 bytes).
    Removing led.o(i.LED_ALL_OFF), (28 bytes).
    Removing led.o(i.LED_ALL_ON), (32 bytes).
    Removing motor.o(.rev16_text), (4 bytes).
    Removing motor.o(.revsh_text), (4 bytes).
    Removing motor.o(.rrx_text), (6 bytes).
    Removing motor.o(i.HAL_TIM_PWM_MspDeInit), (48 bytes).
    Removing motor.o(i.MOTOR_Stop), (44 bytes).
    Removing motor.o(i.PWM_SetDuty), (24 bytes).
    Removing motor.o(i.PWM_Stop), (16 bytes).
    Removing usart.o(.rev16_text), (4 bytes).
    Removing usart.o(.revsh_text), (4 bytes).
    Removing usart.o(.rrx_text), (6 bytes).
    Removing usart.o(i.HAL_UART_MspDeInit), (76 bytes).
    Removing usart.o(i.USART_DMA_Receive_IT), (44 bytes).
    Removing usart.o(i.USART_DMA_Transmit), (24 bytes).
    Removing usart.o(i.USART_SendData), (24 bytes).
    Removing usart.o(i.USART_SendString), (32 bytes).
    Removing pid.o(.rev16_text), (4 bytes).
    Removing pid.o(.revsh_text), (4 bytes).
    Removing pid.o(.rrx_text), (6 bytes).
    Removing speed_control.o(.rev16_text), (4 bytes).
    Removing speed_control.o(.revsh_text), (4 bytes).
    Removing speed_control.o(.rrx_text), (6 bytes).
    Removing app.o(.rev16_text), (4 bytes).
    Removing app.o(.revsh_text), (4 bytes).
    Removing app.o(.rrx_text), (6 bytes).
    Removing app.o(i.APP_DMA_LED_Ctrl), (188 bytes).
    Removing app.o(i.APP_GetEncoder), (8 bytes).
    Removing app_motor.o(.rev16_text), (4 bytes).
    Removing app_motor.o(.revsh_text), (4 bytes).
    Removing app_motor.o(.rrx_text), (6 bytes).
    Removing app_motor.o(i.APP_MOTOR_Stop), (8 bytes).

346 unused section(s) (total 32606 bytes) removed from the image.

==============================================================================

Image Symbol Table

    Local Symbols

    Symbol Name                              Value     Ov Type        Size  Object(Section)

    ../clib/microlib/division.c              0x00000000   Number         0  uldiv.o ABSOLUTE
    ../clib/microlib/division.c              0x00000000   Number         0  uidiv.o ABSOLUTE
    ../clib/microlib/init/entry.s            0x00000000   Number         0  entry2.o ABSOLUTE
    ../clib/microlib/init/entry.s            0x00000000   Number         0  entry5.o ABSOLUTE
    ../clib/microlib/init/entry.s            0x00000000   Number         0  entry7a.o ABSOLUTE
    ../clib/microlib/init/entry.s            0x00000000   Number         0  entry7b.o ABSOLUTE
    ../clib/microlib/init/entry.s            0x00000000   Number         0  entry8a.o ABSOLUTE
    ../clib/microlib/init/entry.s            0x00000000   Number         0  entry9b.o ABSOLUTE
    ../clib/microlib/init/entry.s            0x00000000   Number         0  entry8b.o ABSOLUTE
    ../clib/microlib/init/entry.s            0x00000000   Number         0  entry.o ABSOLUTE
    ../clib/microlib/init/entry.s            0x00000000   Number         0  entry10a.o ABSOLUTE
    ../clib/microlib/init/entry.s            0x00000000   Number         0  entry10b.o ABSOLUTE
    ../clib/microlib/init/entry.s            0x00000000   Number         0  entry11a.o ABSOLUTE
    ../clib/microlib/init/entry.s            0x00000000   Number         0  entry11b.o ABSOLUTE
    ../clib/microlib/init/entry.s            0x00000000   Number         0  entry12a.o ABSOLUTE
    ../clib/microlib/init/entry.s            0x00000000   Number         0  entry9a.o ABSOLUTE
    ../clib/microlib/init/entry.s            0x00000000   Number         0  entry12b.o ABSOLUTE
    ../clib/microlib/longlong.c              0x00000000   Number         0  llushr.o ABSOLUTE
    ../clib/microlib/longlong.c              0x00000000   Number         0  llshl.o ABSOLUTE
    ../clib/microlib/longlong.c              0x00000000   Number         0  llsshr.o ABSOLUTE
    ../clib/microlib/printf/printf.c         0x00000000   Number         0  printf3.o ABSOLUTE
    ../clib/microlib/printf/printf.c         0x00000000   Number         0  printfa.o ABSOLUTE
    ../clib/microlib/printf/printf.c         0x00000000   Number         0  printf8.o ABSOLUTE
    ../clib/microlib/printf/printf.c         0x00000000   Number         0  printf7.o ABSOLUTE
    ../clib/microlib/printf/printf.c         0x00000000   Number         0  printf6.o ABSOLUTE
    ../clib/microlib/printf/printf.c         0x00000000   Number         0  printf5.o ABSOLUTE
    ../clib/microlib/printf/printf.c         0x00000000   Number         0  printf4.o ABSOLUTE
    ../clib/microlib/printf/printf.c         0x00000000   Number         0  printf2.o ABSOLUTE
    ../clib/microlib/printf/printf.c         0x00000000   Number         0  printf1.o ABSOLUTE
    ../clib/microlib/printf/printf.c         0x00000000   Number         0  printf0.o ABSOLUTE
    ../clib/microlib/printf/printf.c         0x00000000   Number         0  printfb.o ABSOLUTE
    ../clib/microlib/printf/stubs.s          0x00000000   Number         0  stubs.o ABSOLUTE
    ../clib/microlib/stdio/streams.c         0x00000000   Number         0  stdout.o ABSOLUTE
    ../clib/microlib/string/memcpy.c         0x00000000   Number         0  memcpyb.o ABSOLUTE
    ../clib/microlib/string/memcpy.c         0x00000000   Number         0  memcpya.o ABSOLUTE
    ../clib/microlib/string/memset.c         0x00000000   Number         0  memseta.o ABSOLUTE
    ../clib/microlib/string/strlen.c         0x00000000   Number         0  strlen.o ABSOLUTE
    ../clib/microlib/stubs.s                 0x00000000   Number         0  iusefp.o ABSOLUTE
    ../fplib/microlib/f2d.c                  0x00000000   Number         0  f2d.o ABSOLUTE
    ../fplib/microlib/fpadd.c                0x00000000   Number         0  dadd.o ABSOLUTE
    ../fplib/microlib/fpdiv.c                0x00000000   Number         0  ddiv.o ABSOLUTE
    ../fplib/microlib/fpepilogue.c           0x00000000   Number         0  depilogue.o ABSOLUTE
    ../fplib/microlib/fpfix.c                0x00000000   Number         0  dfixul.o ABSOLUTE
    ../fplib/microlib/fpmul.c                0x00000000   Number         0  dmul.o ABSOLUTE
    APP\\app.c                               0x00000000   Number         0  app.o ABSOLUTE
    APP\\app_motor.c                         0x00000000   Number         0  app_motor.o ABSOLUTE
    APP\app.c                                0x00000000   Number         0  app.o ABSOLUTE
    APP\app_motor.c                          0x00000000   Number         0  app_motor.o ABSOLUTE
    DRIVERS\STM32F4xx_HAL_Driver\Src\stm32f4xx_hal.c 0x00000000   Number         0  stm32f4xx_hal.o ABSOLUTE
    DRIVERS\STM32F4xx_HAL_Driver\Src\stm32f4xx_hal_cortex.c 0x00000000   Number         0  stm32f4xx_hal_cortex.o ABSOLUTE
    DRIVERS\STM32F4xx_HAL_Driver\Src\stm32f4xx_hal_dma.c 0x00000000   Number         0  stm32f4xx_hal_dma.o ABSOLUTE
    DRIVERS\STM32F4xx_HAL_Driver\Src\stm32f4xx_hal_dma_ex.c 0x00000000   Number         0  stm32f4xx_hal_dma_ex.o ABSOLUTE
    DRIVERS\STM32F4xx_HAL_Driver\Src\stm32f4xx_hal_gpio.c 0x00000000   Number         0  stm32f4xx_hal_gpio.o ABSOLUTE
    DRIVERS\STM32F4xx_HAL_Driver\Src\stm32f4xx_hal_i2c.c 0x00000000   Number         0  stm32f4xx_hal_i2c.o ABSOLUTE
    DRIVERS\STM32F4xx_HAL_Driver\Src\stm32f4xx_hal_i2c_ex.c 0x00000000   Number         0  stm32f4xx_hal_i2c_ex.o ABSOLUTE
    DRIVERS\STM32F4xx_HAL_Driver\Src\stm32f4xx_hal_rcc.c 0x00000000   Number         0  stm32f4xx_hal_rcc.o ABSOLUTE
    DRIVERS\STM32F4xx_HAL_Driver\Src\stm32f4xx_hal_tim.c 0x00000000   Number         0  stm32f4xx_hal_tim.o ABSOLUTE
    DRIVERS\STM32F4xx_HAL_Driver\Src\stm32f4xx_hal_tim_ex.c 0x00000000   Number         0  stm32f4xx_hal_tim_ex.o ABSOLUTE
    DRIVERS\STM32F4xx_HAL_Driver\Src\stm32f4xx_hal_uart.c 0x00000000   Number         0  stm32f4xx_hal_uart.o ABSOLUTE
    DRIVERS\STM32F4xx_HAL_Driver\Src\stm32f4xx_hal_usart.c 0x00000000   Number         0  stm32f4xx_hal_usart.o ABSOLUTE
    DRIVERS\\STM32F4xx_HAL_Driver\\Src\\stm32f4xx_hal.c 0x00000000   Number         0  stm32f4xx_hal.o ABSOLUTE
    DRIVERS\\STM32F4xx_HAL_Driver\\Src\\stm32f4xx_hal_cortex.c 0x00000000   Number         0  stm32f4xx_hal_cortex.o ABSOLUTE
    DRIVERS\\STM32F4xx_HAL_Driver\\Src\\stm32f4xx_hal_dma.c 0x00000000   Number         0  stm32f4xx_hal_dma.o ABSOLUTE
    DRIVERS\\STM32F4xx_HAL_Driver\\Src\\stm32f4xx_hal_dma_ex.c 0x00000000   Number         0  stm32f4xx_hal_dma_ex.o ABSOLUTE
    DRIVERS\\STM32F4xx_HAL_Driver\\Src\\stm32f4xx_hal_gpio.c 0x00000000   Number         0  stm32f4xx_hal_gpio.o ABSOLUTE
    DRIVERS\\STM32F4xx_HAL_Driver\\Src\\stm32f4xx_hal_i2c.c 0x00000000   Number         0  stm32f4xx_hal_i2c.o ABSOLUTE
    DRIVERS\\STM32F4xx_HAL_Driver\\Src\\stm32f4xx_hal_i2c_ex.c 0x00000000   Number         0  stm32f4xx_hal_i2c_ex.o ABSOLUTE
    DRIVERS\\STM32F4xx_HAL_Driver\\Src\\stm32f4xx_hal_rcc.c 0x00000000   Number         0  stm32f4xx_hal_rcc.o ABSOLUTE
    DRIVERS\\STM32F4xx_HAL_Driver\\Src\\stm32f4xx_hal_tim.c 0x00000000   Number         0  stm32f4xx_hal_tim.o ABSOLUTE
    DRIVERS\\STM32F4xx_HAL_Driver\\Src\\stm32f4xx_hal_tim_ex.c 0x00000000   Number         0  stm32f4xx_hal_tim_ex.o ABSOLUTE
    DRIVERS\\STM32F4xx_HAL_Driver\\Src\\stm32f4xx_hal_uart.c 0x00000000   Number         0  stm32f4xx_hal_uart.o ABSOLUTE
    DRIVERS\\STM32F4xx_HAL_Driver\\Src\\stm32f4xx_hal_usart.c 0x00000000   Number         0  stm32f4xx_hal_usart.o ABSOLUTE
    HARDWARE\\encoder\\encoder.c             0x00000000   Number         0  encoder.o ABSOLUTE
    HARDWARE\\key\\key.c                     0x00000000   Number         0  key.o ABSOLUTE
    HARDWARE\\led\\led.c                     0x00000000   Number         0  led.o ABSOLUTE
    HARDWARE\\motot\\motor.c                 0x00000000   Number         0  motor.o ABSOLUTE
    HARDWARE\\pid\\pid.c                     0x00000000   Number         0  pid.o ABSOLUTE
    HARDWARE\\speed_control\\speed_control.c 0x00000000   Number         0  speed_control.o ABSOLUTE
    HARDWARE\\usart\\usart.c                 0x00000000   Number         0  usart.o ABSOLUTE
    HARDWARE\encoder\encoder.c               0x00000000   Number         0  encoder.o ABSOLUTE
    HARDWARE\key\key.c                       0x00000000   Number         0  key.o ABSOLUTE
    HARDWARE\led\led.c                       0x00000000   Number         0  led.o ABSOLUTE
    HARDWARE\motot\motor.c                   0x00000000   Number         0  motor.o ABSOLUTE
    HARDWARE\pid\pid.c                       0x00000000   Number         0  pid.o ABSOLUTE
    HARDWARE\speed_control\speed_control.c   0x00000000   Number         0  speed_control.o ABSOLUTE
    HARDWARE\usart\usart.c                   0x00000000   Number         0  usart.o ABSOLUTE
    USER\\main.c                             0x00000000   Number         0  main.o ABSOLUTE
    USER\\stm32f4xx_hal_msp.c                0x00000000   Number         0  stm32f4xx_hal_msp.o ABSOLUTE
    USER\\stm32f4xx_it.c                     0x00000000   Number         0  stm32f4xx_it.o ABSOLUTE
    USER\\system_stm32f4xx.c                 0x00000000   Number         0  system_stm32f4xx.o ABSOLUTE
    USER\main.c                              0x00000000   Number         0  main.o ABSOLUTE
    USER\startup_stm32f407xx.s               0x00000000   Number         0  startup_stm32f407xx.o ABSOLUTE
    USER\stm32f4xx_hal_msp.c                 0x00000000   Number         0  stm32f4xx_hal_msp.o ABSOLUTE
    USER\stm32f4xx_it.c                      0x00000000   Number         0  stm32f4xx_it.o ABSOLUTE
    USER\system_stm32f4xx.c                  0x00000000   Number         0  system_stm32f4xx.o ABSOLUTE
    cdrcmple.s                               0x00000000   Number         0  cdrcmple.o ABSOLUTE
    dc.s                                     0x00000000   Number         0  dc.o ABSOLUTE
    handlers.s                               0x00000000   Number         0  handlers.o ABSOLUTE
    init.s                                   0x00000000   Number         0  init.o ABSOLUTE
    RESET                                    0x08000000   Section      392  startup_stm32f407xx.o(RESET)
    .ARM.Collect$$$$00000000                 0x08000188   Section        0  entry.o(.ARM.Collect$$$$00000000)
    .ARM.Collect$$$$00000001                 0x08000188   Section        4  entry2.o(.ARM.Collect$$$$00000001)
    .ARM.Collect$$$$00000004                 0x0800018c   Section        4  entry5.o(.ARM.Collect$$$$00000004)
    .ARM.Collect$$$$00000008                 0x08000190   Section        0  entry7b.o(.ARM.Collect$$$$00000008)
    .ARM.Collect$$$$0000000A                 0x08000190   Section        0  entry8b.o(.ARM.Collect$$$$0000000A)
    .ARM.Collect$$$$0000000B                 0x08000190   Section        8  entry9a.o(.ARM.Collect$$$$0000000B)
    .ARM.Collect$$$$0000000E                 0x08000198   Section        4  entry12b.o(.ARM.Collect$$$$0000000E)
    .ARM.Collect$$$$0000000F                 0x0800019c   Section        0  entry10a.o(.ARM.Collect$$$$0000000F)
    .ARM.Collect$$$$00000011                 0x0800019c   Section        0  entry11a.o(.ARM.Collect$$$$00000011)
    .ARM.Collect$$$$00002712                 0x0800019c   Section        4  entry2.o(.ARM.Collect$$$$00002712)
    __lit__00000000                          0x0800019c   Data           4  entry2.o(.ARM.Collect$$$$00002712)
    .text                                    0x080001a0   Section       36  startup_stm32f407xx.o(.text)
    $v0                                      0x080001a0   Number         0  startup_stm32f407xx.o(.text)
    .text                                    0x080001c4   Section        0  uldiv.o(.text)
    .text                                    0x08000226   Section        0  memcpya.o(.text)
    .text                                    0x0800024a   Section        0  memseta.o(.text)
    .text                                    0x0800026e   Section        0  f2d.o(.text)
    .text                                    0x08000294   Section        0  uidiv.o(.text)
    .text                                    0x080002c0   Section        0  llshl.o(.text)
    .text                                    0x080002de   Section        0  llushr.o(.text)
    .text                                    0x080002fe   Section        0  iusefp.o(.text)
    .text                                    0x080002fe   Section        0  dadd.o(.text)
    .text                                    0x0800044c   Section        0  dmul.o(.text)
    .text                                    0x08000530   Section        0  ddiv.o(.text)
    .text                                    0x0800060e   Section        0  dfixul.o(.text)
    .text                                    0x08000640   Section       48  cdrcmple.o(.text)
    .text                                    0x08000670   Section       36  init.o(.text)
    .text                                    0x08000694   Section        0  llsshr.o(.text)
    .text                                    0x080006b8   Section        0  depilogue.o(.text)
    i.APP_ALL_Init                           0x08000772   Section        0  app.o(i.APP_ALL_Init)
    i.APP_ALL_Start                          0x0800078e   Section        0  app.o(i.APP_ALL_Start)
    i.APP_MOTOR_Ctrl                         0x0800079a   Section        0  app_motor.o(i.APP_MOTOR_Ctrl)
    i.APP_MOTOR_Init                         0x080007c2   Section        0  app_motor.o(i.APP_MOTOR_Init)
    i.APP_MOTOR_Start                        0x080007ce   Section        0  app_motor.o(i.APP_MOTOR_Start)
    i.APP_SetSpeed                           0x080007dc   Section        0  app.o(i.APP_SetSpeed)
    i.BusFault_Handler                       0x080008f8   Section        0  stm32f4xx_it.o(i.BusFault_Handler)
    i.DMA2_Stream5_IRQHandler                0x080008fc   Section        0  stm32f4xx_it.o(i.DMA2_Stream5_IRQHandler)
    i.DMA2_Stream7_IRQHandler                0x0800090c   Section        0  stm32f4xx_it.o(i.DMA2_Stream7_IRQHandler)
    i.DMA_CalcBaseAndBitshift                0x0800091c   Section        0  stm32f4xx_hal_dma.o(i.DMA_CalcBaseAndBitshift)
    DMA_CalcBaseAndBitshift                  0x0800091d   Thumb Code    46  stm32f4xx_hal_dma.o(i.DMA_CalcBaseAndBitshift)
    i.DMA_CheckFifoParam                     0x08000950   Section        0  stm32f4xx_hal_dma.o(i.DMA_CheckFifoParam)
    DMA_CheckFifoParam                       0x08000951   Thumb Code   170  stm32f4xx_hal_dma.o(i.DMA_CheckFifoParam)
    i.DMA_SetConfig                          0x080009fa   Section        0  stm32f4xx_hal_dma.o(i.DMA_SetConfig)
    DMA_SetConfig                            0x080009fb   Thumb Code    44  stm32f4xx_hal_dma.o(i.DMA_SetConfig)
    i.DebugMon_Handler                       0x08000a26   Section        0  stm32f4xx_it.o(i.DebugMon_Handler)
    i.ENCODER_Count                          0x08000a28   Section        0  encoder.o(i.ENCODER_Count)
    i.ENCODER_Init                           0x08000a34   Section        0  encoder.o(i.ENCODER_Init)
    i.ENCODER_Start                          0x08000ab4   Section        0  encoder.o(i.ENCODER_Start)
    i.Error_Handler                          0x08000ac4   Section        0  main.o(i.Error_Handler)
    i.HAL_DMA_Abort                          0x08000aca   Section        0  stm32f4xx_hal_dma.o(i.HAL_DMA_Abort)
    i.HAL_DMA_Abort_IT                       0x08000b76   Section        0  stm32f4xx_hal_dma.o(i.HAL_DMA_Abort_IT)
    i.HAL_DMA_IRQHandler                     0x08000ba0   Section        0  stm32f4xx_hal_dma.o(i.HAL_DMA_IRQHandler)
    i.HAL_DMA_Init                           0x08000de0   Section        0  stm32f4xx_hal_dma.o(i.HAL_DMA_Init)
    i.HAL_DMA_Start_IT                       0x08000ecc   Section        0  stm32f4xx_hal_dma.o(i.HAL_DMA_Start_IT)
    i.HAL_Delay                              0x08000f60   Section        0  stm32f4xx_hal.o(i.HAL_Delay)
    i.HAL_GPIO_Init                          0x08000f88   Section        0  stm32f4xx_hal_gpio.o(i.HAL_GPIO_Init)
    i.HAL_GPIO_ReadPin                       0x0800117c   Section        0  stm32f4xx_hal_gpio.o(i.HAL_GPIO_ReadPin)
    i.HAL_GPIO_WritePin                      0x0800118c   Section        0  stm32f4xx_hal_gpio.o(i.HAL_GPIO_WritePin)
    i.HAL_GetTick                            0x08001198   Section        0  stm32f4xx_hal.o(i.HAL_GetTick)
    i.HAL_IncTick                            0x080011a4   Section        0  stm32f4xx_hal.o(i.HAL_IncTick)
    i.HAL_Init                               0x080011bc   Section        0  stm32f4xx_hal.o(i.HAL_Init)
    i.HAL_InitTick                           0x080011f8   Section        0  stm32f4xx_hal.o(i.HAL_InitTick)
    i.HAL_MspInit                            0x08001244   Section        0  stm32f4xx_hal_msp.o(i.HAL_MspInit)
    i.HAL_NVIC_EnableIRQ                     0x0800128c   Section        0  stm32f4xx_hal_cortex.o(i.HAL_NVIC_EnableIRQ)
    i.HAL_NVIC_SetPriority                   0x080012b4   Section        0  stm32f4xx_hal_cortex.o(i.HAL_NVIC_SetPriority)
    i.HAL_NVIC_SetPriorityGrouping           0x08001330   Section        0  stm32f4xx_hal_cortex.o(i.HAL_NVIC_SetPriorityGrouping)
    i.HAL_RCC_ClockConfig                    0x08001358   Section        0  stm32f4xx_hal_rcc.o(i.HAL_RCC_ClockConfig)
    i.HAL_RCC_GetHCLKFreq                    0x080014dc   Section        0  stm32f4xx_hal_rcc.o(i.HAL_RCC_GetHCLKFreq)
    i.HAL_RCC_GetPCLK1Freq                   0x080014e8   Section        0  stm32f4xx_hal_rcc.o(i.HAL_RCC_GetPCLK1Freq)
    i.HAL_RCC_GetPCLK2Freq                   0x08001508   Section        0  stm32f4xx_hal_rcc.o(i.HAL_RCC_GetPCLK2Freq)
    i.HAL_RCC_GetSysClockFreq                0x08001528   Section        0  stm32f4xx_hal_rcc.o(i.HAL_RCC_GetSysClockFreq)
    i.HAL_RCC_OscConfig                      0x080015d8   Section        0  stm32f4xx_hal_rcc.o(i.HAL_RCC_OscConfig)
    i.HAL_SYSTICK_Config                     0x08001a74   Section        0  stm32f4xx_hal_cortex.o(i.HAL_SYSTICK_Config)
    i.HAL_TIMEx_MasterConfigSynchronization  0x08001aa8   Section        0  stm32f4xx_hal_tim_ex.o(i.HAL_TIMEx_MasterConfigSynchronization)
    i.HAL_TIM_Encoder_Init                   0x08001b5c   Section        0  stm32f4xx_hal_tim.o(i.HAL_TIM_Encoder_Init)
    i.HAL_TIM_Encoder_MspInit                0x08001c24   Section        0  encoder.o(i.HAL_TIM_Encoder_MspInit)
    i.HAL_TIM_Encoder_Start                  0x08001cac   Section        0  stm32f4xx_hal_tim.o(i.HAL_TIM_Encoder_Start)
    i.HAL_TIM_PWM_ConfigChannel              0x08001d78   Section        0  stm32f4xx_hal_tim.o(i.HAL_TIM_PWM_ConfigChannel)
    i.HAL_TIM_PWM_Init                       0x08001e7c   Section        0  stm32f4xx_hal_tim.o(i.HAL_TIM_PWM_Init)
    i.HAL_TIM_PWM_MspInit                    0x08001ee4   Section        0  motor.o(i.HAL_TIM_PWM_MspInit)
    i.HAL_TIM_PWM_Start                      0x08001f68   Section        0  stm32f4xx_hal_tim.o(i.HAL_TIM_PWM_Start)
    i.HAL_TIM_SlaveConfigSynchro             0x08002074   Section        0  stm32f4xx_hal_tim.o(i.HAL_TIM_SlaveConfigSynchro)
    i.HAL_UARTEx_RxEventCallback             0x080020e0   Section        0  stm32f4xx_hal_uart.o(i.HAL_UARTEx_RxEventCallback)
    i.HAL_UART_DMAStop                       0x080020e2   Section        0  stm32f4xx_hal_uart.o(i.HAL_UART_DMAStop)
    i.HAL_UART_ErrorCallback                 0x0800216c   Section        0  stm32f4xx_hal_uart.o(i.HAL_UART_ErrorCallback)
    i.HAL_UART_IRQHandler                    0x08002170   Section        0  stm32f4xx_hal_uart.o(i.HAL_UART_IRQHandler)
    i.HAL_UART_Init                          0x08002478   Section        0  stm32f4xx_hal_uart.o(i.HAL_UART_Init)
    i.HAL_UART_MspInit                       0x080024f0   Section        0  usart.o(i.HAL_UART_MspInit)
    i.HAL_UART_Receive_DMA                   0x08002664   Section        0  stm32f4xx_hal_uart.o(i.HAL_UART_Receive_DMA)
    i.HAL_UART_RxCpltCallback                0x08002690   Section        0  stm32f4xx_hal_uart.o(i.HAL_UART_RxCpltCallback)
    i.HAL_UART_RxHalfCpltCallback            0x08002692   Section        0  stm32f4xx_hal_uart.o(i.HAL_UART_RxHalfCpltCallback)
    i.HAL_UART_Transmit                      0x08002694   Section        0  stm32f4xx_hal_uart.o(i.HAL_UART_Transmit)
    i.HAL_UART_TxCpltCallback                0x08002752   Section        0  stm32f4xx_hal_uart.o(i.HAL_UART_TxCpltCallback)
    i.HardFault_Handler                      0x08002754   Section        0  stm32f4xx_it.o(i.HardFault_Handler)
    i.LED_Init                               0x08002758   Section        0  led.o(i.LED_Init)
    i.MOTOR_Forward                          0x080027bc   Section        0  motor.o(i.MOTOR_Forward)
    i.MOTOR_Init                             0x080027dc   Section        0  motor.o(i.MOTOR_Init)
    i.MOTOR_Reversal                         0x08002870   Section        0  motor.o(i.MOTOR_Reversal)
    i.MOTOR_Start                            0x08002890   Section        0  motor.o(i.MOTOR_Start)
    i.MemManage_Handler                      0x080028a4   Section        0  stm32f4xx_it.o(i.MemManage_Handler)
    i.NMI_Handler                            0x080028a8   Section        0  stm32f4xx_it.o(i.NMI_Handler)
    i.PID_GetOutput                          0x080028ac   Section        0  pid.o(i.PID_GetOutput)
    i.PID_Init                               0x080028b2   Section        0  pid.o(i.PID_Init)
    i.PID_Reset                              0x080028dc   Section        0  pid.o(i.PID_Reset)
    i.PID_SetTarget                          0x08002914   Section        0  pid.o(i.PID_SetTarget)
    i.PID_Update                             0x0800291c   Section        0  pid.o(i.PID_Update)
    i.PWM_Init                               0x08002a0c   Section        0  motor.o(i.PWM_Init)
    i.PWM_SetSeppd                           0x08002aac   Section        0  motor.o(i.PWM_SetSeppd)
    i.PWM_Start                              0x08002ad4   Section        0  motor.o(i.PWM_Start)
    i.PendSV_Handler                         0x08002ae4   Section        0  stm32f4xx_it.o(i.PendSV_Handler)
    i.SEPPD_GetPWM                           0x08002ae8   Section        0  speed_control.o(i.SEPPD_GetPWM)
    i.SPEED_GetCurrentRPM                    0x08002af8   Section        0  speed_control.o(i.SPEED_GetCurrentRPM)
    i.SPEED_GetTargetRPM                     0x08002b04   Section        0  speed_control.o(i.SPEED_GetTargetRPM)
    i.SPEED_Init                             0x08002b10   Section        0  speed_control.o(i.SPEED_Init)
    i.SPEED_SetTarget                        0x08002b50   Section        0  speed_control.o(i.SPEED_SetTarget)
    i.SPEED_Update                           0x08002b78   Section        0  speed_control.o(i.SPEED_Update)
    i.SVC_Handler                            0x08002c48   Section        0  stm32f4xx_it.o(i.SVC_Handler)
    i.SysTick_Handler                        0x08002c4a   Section        0  stm32f4xx_it.o(i.SysTick_Handler)
    i.SystemClock_Config                     0x08002c54   Section        0  main.o(i.SystemClock_Config)
    i.SystemInit                             0x08002d0c   Section        0  system_stm32f4xx.o(i.SystemInit)
    i.TIM_Base_SetConfig                     0x08002d20   Section        0  stm32f4xx_hal_tim.o(i.TIM_Base_SetConfig)
    i.TIM_CCxChannelCmd                      0x08002e00   Section        0  stm32f4xx_hal_tim.o(i.TIM_CCxChannelCmd)
    i.TIM_ETR_SetConfig                      0x08002e22   Section        0  stm32f4xx_hal_tim.o(i.TIM_ETR_SetConfig)
    i.TIM_OC1_SetConfig                      0x08002e38   Section        0  stm32f4xx_hal_tim.o(i.TIM_OC1_SetConfig)
    TIM_OC1_SetConfig                        0x08002e39   Thumb Code   104  stm32f4xx_hal_tim.o(i.TIM_OC1_SetConfig)
    i.TIM_OC2_SetConfig                      0x08002ea8   Section        0  stm32f4xx_hal_tim.o(i.TIM_OC2_SetConfig)
    i.TIM_OC3_SetConfig                      0x08002f24   Section        0  stm32f4xx_hal_tim.o(i.TIM_OC3_SetConfig)
    TIM_OC3_SetConfig                        0x08002f25   Thumb Code   112  stm32f4xx_hal_tim.o(i.TIM_OC3_SetConfig)
    i.TIM_OC4_SetConfig                      0x08002f9c   Section        0  stm32f4xx_hal_tim.o(i.TIM_OC4_SetConfig)
    TIM_OC4_SetConfig                        0x08002f9d   Thumb Code    74  stm32f4xx_hal_tim.o(i.TIM_OC4_SetConfig)
    i.TIM_SlaveTimer_SetConfig               0x08002ff0   Section        0  stm32f4xx_hal_tim.o(i.TIM_SlaveTimer_SetConfig)
    TIM_SlaveTimer_SetConfig                 0x08002ff1   Thumb Code   178  stm32f4xx_hal_tim.o(i.TIM_SlaveTimer_SetConfig)
    i.TIM_TI1_ConfigInputStage               0x080030a2   Section        0  stm32f4xx_hal_tim.o(i.TIM_TI1_ConfigInputStage)
    TIM_TI1_ConfigInputStage                 0x080030a3   Thumb Code    38  stm32f4xx_hal_tim.o(i.TIM_TI1_ConfigInputStage)
    i.TIM_TI2_ConfigInputStage               0x080030c8   Section        0  stm32f4xx_hal_tim.o(i.TIM_TI2_ConfigInputStage)
    TIM_TI2_ConfigInputStage                 0x080030c9   Thumb Code    40  stm32f4xx_hal_tim.o(i.TIM_TI2_ConfigInputStage)
    i.UART_DMAAbortOnError                   0x080030f0   Section        0  stm32f4xx_hal_uart.o(i.UART_DMAAbortOnError)
    UART_DMAAbortOnError                     0x080030f1   Thumb Code    18  stm32f4xx_hal_uart.o(i.UART_DMAAbortOnError)
    i.UART_DMAError                          0x08003102   Section        0  stm32f4xx_hal_uart.o(i.UART_DMAError)
    UART_DMAError                            0x08003103   Thumb Code    80  stm32f4xx_hal_uart.o(i.UART_DMAError)
    i.UART_DMAReceiveCplt                    0x08003152   Section        0  stm32f4xx_hal_uart.o(i.UART_DMAReceiveCplt)
    UART_DMAReceiveCplt                      0x08003153   Thumb Code   180  stm32f4xx_hal_uart.o(i.UART_DMAReceiveCplt)
    i.UART_DMARxHalfCplt                     0x08003206   Section        0  stm32f4xx_hal_uart.o(i.UART_DMARxHalfCplt)
    UART_DMARxHalfCplt                       0x08003207   Thumb Code    36  stm32f4xx_hal_uart.o(i.UART_DMARxHalfCplt)
    i.UART_EndRxTransfer                     0x0800322a   Section        0  stm32f4xx_hal_uart.o(i.UART_EndRxTransfer)
    UART_EndRxTransfer                       0x0800322b   Thumb Code   108  stm32f4xx_hal_uart.o(i.UART_EndRxTransfer)
    i.UART_EndTransmit_IT                    0x08003296   Section        0  stm32f4xx_hal_uart.o(i.UART_EndTransmit_IT)
    UART_EndTransmit_IT                      0x08003297   Thumb Code    32  stm32f4xx_hal_uart.o(i.UART_EndTransmit_IT)
    i.UART_EndTxTransfer                     0x080032b6   Section        0  stm32f4xx_hal_uart.o(i.UART_EndTxTransfer)
    UART_EndTxTransfer                       0x080032b7   Thumb Code    38  stm32f4xx_hal_uart.o(i.UART_EndTxTransfer)
    i.UART_Receive_IT                        0x080032dc   Section        0  stm32f4xx_hal_uart.o(i.UART_Receive_IT)
    UART_Receive_IT                          0x080032dd   Thumb Code   252  stm32f4xx_hal_uart.o(i.UART_Receive_IT)
    i.UART_SetConfig                         0x080033d8   Section        0  stm32f4xx_hal_uart.o(i.UART_SetConfig)
    UART_SetConfig                           0x080033d9   Thumb Code   546  stm32f4xx_hal_uart.o(i.UART_SetConfig)
    i.UART_Start_Receive_DMA                 0x08003604   Section        0  stm32f4xx_hal_uart.o(i.UART_Start_Receive_DMA)
    i.UART_Transmit_IT                       0x080036dc   Section        0  stm32f4xx_hal_uart.o(i.UART_Transmit_IT)
    UART_Transmit_IT                         0x080036dd   Thumb Code    96  stm32f4xx_hal_uart.o(i.UART_Transmit_IT)
    i.UART_WaitOnFlagUntilTimeout            0x0800373c   Section        0  stm32f4xx_hal_uart.o(i.UART_WaitOnFlagUntilTimeout)
    UART_WaitOnFlagUntilTimeout              0x0800373d   Thumb Code   140  stm32f4xx_hal_uart.o(i.UART_WaitOnFlagUntilTimeout)
    i.USART1_IRQHandler                      0x080037c8   Section        0  stm32f4xx_it.o(i.USART1_IRQHandler)
    i.USART_IDLE_Handler                     0x080037dc   Section        0  usart.o(i.USART_IDLE_Handler)
    i.USART_Init                             0x08003860   Section        0  usart.o(i.USART_Init)
    i.UsageFault_Handler                     0x08003894   Section        0  stm32f4xx_it.o(i.UsageFault_Handler)
    i.__0printf                              0x08003898   Section        0  printfa.o(i.__0printf)
    i.__NVIC_GetPriorityGrouping             0x080038b8   Section        0  stm32f4xx_hal_cortex.o(i.__NVIC_GetPriorityGrouping)
    __NVIC_GetPriorityGrouping               0x080038b9   Thumb Code    10  stm32f4xx_hal_cortex.o(i.__NVIC_GetPriorityGrouping)
    i.__NVIC_SetPriority                     0x080038c8   Section        0  stm32f4xx_hal_cortex.o(i.__NVIC_SetPriority)
    __NVIC_SetPriority                       0x080038c9   Thumb Code    32  stm32f4xx_hal_cortex.o(i.__NVIC_SetPriority)
    i.__scatterload_copy                     0x080038f0   Section       14  handlers.o(i.__scatterload_copy)
    i.__scatterload_null                     0x080038fe   Section        2  handlers.o(i.__scatterload_null)
    i.__scatterload_zeroinit                 0x08003900   Section       14  handlers.o(i.__scatterload_zeroinit)
    i._fp_digits                             0x08003910   Section        0  printfa.o(i._fp_digits)
    _fp_digits                               0x08003911   Thumb Code   366  printfa.o(i._fp_digits)
    i._printf_core                           0x08003a94   Section        0  printfa.o(i._printf_core)
    _printf_core                             0x08003a95   Thumb Code  1704  printfa.o(i._printf_core)
    i._printf_post_padding                   0x08004148   Section        0  printfa.o(i._printf_post_padding)
    _printf_post_padding                     0x08004149   Thumb Code    36  printfa.o(i._printf_post_padding)
    i._printf_pre_padding                    0x0800416c   Section        0  printfa.o(i._printf_pre_padding)
    _printf_pre_padding                      0x0800416d   Thumb Code    46  printfa.o(i._printf_pre_padding)
    i.fputc                                  0x0800419c   Section        0  usart.o(i.fputc)
    i.main                                   0x080041b8   Section        0  main.o(i.main)
    .constdata                               0x080042b4   Section       24  system_stm32f4xx.o(.constdata)
    .constdata                               0x080042cc   Section        8  stm32f4xx_hal_dma.o(.constdata)
    flagBitshiftOffset                       0x080042cc   Data           8  stm32f4xx_hal_dma.o(.constdata)
    .data                                    0x20000000   Section       12  main.o(.data)
    key_time                                 0x20000000   Data           4  main.o(.data)
    last_time                                0x20000004   Data           4  main.o(.data)
    print_time                               0x20000008   Data           4  main.o(.data)
    .data                                    0x2000000c   Section        4  system_stm32f4xx.o(.data)
    .data                                    0x20000010   Section        9  stm32f4xx_hal.o(.data)
    .data                                    0x2000001a   Section        2  usart.o(.data)
    .data                                    0x2000001c   Section       12  speed_control.o(.data)
    last_encoder                             0x2000001c   Data           4  speed_control.o(.data)
    current_rpm                              0x20000020   Data           4  speed_control.o(.data)
    target_rpm                               0x20000024   Data           4  speed_control.o(.data)
    .data                                    0x20000028   Section        8  app.o(.data)
    .data                                    0x20000030   Section        4  stdout.o(.data)
    .bss                                     0x20000034   Section       72  encoder.o(.bss)
    .bss                                     0x2000007c   Section       72  motor.o(.bss)
    .bss                                     0x200000c4   Section      776  usart.o(.bss)
    .bss                                     0x200003cc   Section       44  speed_control.o(.bss)
    speed_pid                                0x200003cc   Data          44  speed_control.o(.bss)
    STACK                                    0x200003f8   Section     1024  startup_stm32f407xx.o(STACK)

    Global Symbols

    Symbol Name                              Value     Ov Type        Size  Object(Section)

    BuildAttributes$$THM_ISAv4$E$P$D$K$B$S$7EM$VFPi3$EXTD16$VFPS$VFMA$PE$A:L22UL41UL21$X:L11$S22US41US21$IEEE1$IW$USESV6$~STKCKD$USESV7$~SHL$OSPACE$ROPI$EBA8$MICROLIB$REQ8$PRES8$EABIv2 0x00000000   Number         0  anon$$obj.o ABSOLUTE
    __ARM_use_no_argv                        0x00000000   Number         0  main.o ABSOLUTE
    _printf_a                                0x00000000   Number         0  stubs.o ABSOLUTE
    _printf_c                                0x00000000   Number         0  stubs.o ABSOLUTE
    _printf_charcount                        0x00000000   Number         0  stubs.o ABSOLUTE
    _printf_d                                0x00000000   Number         0  stubs.o ABSOLUTE
    _printf_e                                0x00000000   Number         0  stubs.o ABSOLUTE
    _printf_f                                0x00000000   Number         0  stubs.o ABSOLUTE
    _printf_flags                            0x00000000   Number         0  stubs.o ABSOLUTE
    _printf_fp_dec                           0x00000000   Number         0  stubs.o ABSOLUTE
    _printf_fp_hex                           0x00000000   Number         0  stubs.o ABSOLUTE
    _printf_g                                0x00000000   Number         0  stubs.o ABSOLUTE
    _printf_i                                0x00000000   Number         0  stubs.o ABSOLUTE
    _printf_int_dec                          0x00000000   Number         0  stubs.o ABSOLUTE
    _printf_l                                0x00000000   Number         0  stubs.o ABSOLUTE
    _printf_lc                               0x00000000   Number         0  stubs.o ABSOLUTE
    _printf_ll                               0x00000000   Number         0  stubs.o ABSOLUTE
    _printf_lld                              0x00000000   Number         0  stubs.o ABSOLUTE
    _printf_lli                              0x00000000   Number         0  stubs.o ABSOLUTE
    _printf_llo                              0x00000000   Number         0  stubs.o ABSOLUTE
    _printf_llu                              0x00000000   Number         0  stubs.o ABSOLUTE
    _printf_llx                              0x00000000   Number         0  stubs.o ABSOLUTE
    _printf_longlong_dec                     0x00000000   Number         0  stubs.o ABSOLUTE
    _printf_longlong_hex                     0x00000000   Number         0  stubs.o ABSOLUTE
    _printf_longlong_oct                     0x00000000   Number         0  stubs.o ABSOLUTE
    _printf_ls                               0x00000000   Number         0  stubs.o ABSOLUTE
    _printf_mbtowc                           0x00000000   Number         0  stubs.o ABSOLUTE
    _printf_n                                0x00000000   Number         0  stubs.o ABSOLUTE
    _printf_o                                0x00000000   Number         0  stubs.o ABSOLUTE
    _printf_p                                0x00000000   Number         0  stubs.o ABSOLUTE
    _printf_percent                          0x00000000   Number         0  stubs.o ABSOLUTE
    _printf_pre_padding                      0x00000000   Number         0  stubs.o ABSOLUTE
    _printf_return_value                     0x00000000   Number         0  stubs.o ABSOLUTE
    _printf_s                                0x00000000   Number         0  stubs.o ABSOLUTE
    _printf_sizespec                         0x00000000   Number         0  stubs.o ABSOLUTE
    _printf_str                              0x00000000   Number         0  stubs.o ABSOLUTE
    _printf_truncate_signed                  0x00000000   Number         0  stubs.o ABSOLUTE
    _printf_truncate_unsigned                0x00000000   Number         0  stubs.o ABSOLUTE
    _printf_u                                0x00000000   Number         0  stubs.o ABSOLUTE
    _printf_wc                               0x00000000   Number         0  stubs.o ABSOLUTE
    _printf_wctomb                           0x00000000   Number         0  stubs.o ABSOLUTE
    _printf_widthprec                        0x00000000   Number         0  stubs.o ABSOLUTE
    _printf_x                                0x00000000   Number         0  stubs.o ABSOLUTE
    __arm_fini_                               - Undefined Weak Reference
    __cpp_initialize__aeabi_                  - Undefined Weak Reference
    __cxa_finalize                            - Undefined Weak Reference
    __decompress                              - Undefined Weak Reference
    _clock_init                               - Undefined Weak Reference
    _microlib_exit                            - Undefined Weak Reference
    __Vectors_Size                           0x00000188   Number         0  startup_stm32f407xx.o ABSOLUTE
    __Vectors                                0x08000000   Data           4  startup_stm32f407xx.o(RESET)
    __Vectors_End                            0x08000188   Data           0  startup_stm32f407xx.o(RESET)
    __main                                   0x08000189   Thumb Code     0  entry.o(.ARM.Collect$$$$00000000)
    _main_stk                                0x08000189   Thumb Code     0  entry2.o(.ARM.Collect$$$$00000001)
    _main_scatterload                        0x0800018d   Thumb Code     0  entry5.o(.ARM.Collect$$$$00000004)
    __main_after_scatterload                 0x08000191   Thumb Code     0  entry5.o(.ARM.Collect$$$$00000004)
    _main_clock                              0x08000191   Thumb Code     0  entry7b.o(.ARM.Collect$$$$00000008)
    _main_cpp_init                           0x08000191   Thumb Code     0  entry8b.o(.ARM.Collect$$$$0000000A)
    _main_init                               0x08000191   Thumb Code     0  entry9a.o(.ARM.Collect$$$$0000000B)
    __rt_lib_shutdown_fini                   0x08000199   Thumb Code     0  entry12b.o(.ARM.Collect$$$$0000000E)
    __rt_final_cpp                           0x0800019d   Thumb Code     0  entry10a.o(.ARM.Collect$$$$0000000F)
    __rt_final_exit                          0x0800019d   Thumb Code     0  entry11a.o(.ARM.Collect$$$$00000011)
    Reset_Handler                            0x080001a1   Thumb Code     8  startup_stm32f407xx.o(.text)
    ADC_IRQHandler                           0x080001bb   Thumb Code     0  startup_stm32f407xx.o(.text)
    CAN1_RX0_IRQHandler                      0x080001bb   Thumb Code     0  startup_stm32f407xx.o(.text)
    CAN1_RX1_IRQHandler                      0x080001bb   Thumb Code     0  startup_stm32f407xx.o(.text)
    CAN1_SCE_IRQHandler                      0x080001bb   Thumb Code     0  startup_stm32f407xx.o(.text)
    CAN1_TX_IRQHandler                       0x080001bb   Thumb Code     0  startup_stm32f407xx.o(.text)
    CAN2_RX0_IRQHandler                      0x080001bb   Thumb Code     0  startup_stm32f407xx.o(.text)
    CAN2_RX1_IRQHandler                      0x080001bb   Thumb Code     0  startup_stm32f407xx.o(.text)
    CAN2_SCE_IRQHandler                      0x080001bb   Thumb Code     0  startup_stm32f407xx.o(.text)
    CAN2_TX_IRQHandler                       0x080001bb   Thumb Code     0  startup_stm32f407xx.o(.text)
    DCMI_IRQHandler                          0x080001bb   Thumb Code     0  startup_stm32f407xx.o(.text)
    DMA1_Stream0_IRQHandler                  0x080001bb   Thumb Code     0  startup_stm32f407xx.o(.text)
    DMA1_Stream1_IRQHandler                  0x080001bb   Thumb Code     0  startup_stm32f407xx.o(.text)
    DMA1_Stream2_IRQHandler                  0x080001bb   Thumb Code     0  startup_stm32f407xx.o(.text)
    DMA1_Stream3_IRQHandler                  0x080001bb   Thumb Code     0  startup_stm32f407xx.o(.text)
    DMA1_Stream4_IRQHandler                  0x080001bb   Thumb Code     0  startup_stm32f407xx.o(.text)
    DMA1_Stream5_IRQHandler                  0x080001bb   Thumb Code     0  startup_stm32f407xx.o(.text)
    DMA1_Stream6_IRQHandler                  0x080001bb   Thumb Code     0  startup_stm32f407xx.o(.text)
    DMA1_Stream7_IRQHandler                  0x080001bb   Thumb Code     0  startup_stm32f407xx.o(.text)
    DMA2_Stream0_IRQHandler                  0x080001bb   Thumb Code     0  startup_stm32f407xx.o(.text)
    DMA2_Stream1_IRQHandler                  0x080001bb   Thumb Code     0  startup_stm32f407xx.o(.text)
    DMA2_Stream2_IRQHandler                  0x080001bb   Thumb Code     0  startup_stm32f407xx.o(.text)
    DMA2_Stream3_IRQHandler                  0x080001bb   Thumb Code     0  startup_stm32f407xx.o(.text)
    DMA2_Stream4_IRQHandler                  0x080001bb   Thumb Code     0  startup_stm32f407xx.o(.text)
    DMA2_Stream6_IRQHandler                  0x080001bb   Thumb Code     0  startup_stm32f407xx.o(.text)
    ETH_IRQHandler                           0x080001bb   Thumb Code     0  startup_stm32f407xx.o(.text)
    ETH_WKUP_IRQHandler                      0x080001bb   Thumb Code     0  startup_stm32f407xx.o(.text)
    EXTI0_IRQHandler                         0x080001bb   Thumb Code     0  startup_stm32f407xx.o(.text)
    EXTI15_10_IRQHandler                     0x080001bb   Thumb Code     0  startup_stm32f407xx.o(.text)
    EXTI1_IRQHandler                         0x080001bb   Thumb Code     0  startup_stm32f407xx.o(.text)
    EXTI2_IRQHandler                         0x080001bb   Thumb Code     0  startup_stm32f407xx.o(.text)
    EXTI3_IRQHandler                         0x080001bb   Thumb Code     0  startup_stm32f407xx.o(.text)
    EXTI4_IRQHandler                         0x080001bb   Thumb Code     0  startup_stm32f407xx.o(.text)
    EXTI9_5_IRQHandler                       0x080001bb   Thumb Code     0  startup_stm32f407xx.o(.text)
    FLASH_IRQHandler                         0x080001bb   Thumb Code     0  startup_stm32f407xx.o(.text)
    FMC_IRQHandler                           0x080001bb   Thumb Code     0  startup_stm32f407xx.o(.text)
    FPU_IRQHandler                           0x080001bb   Thumb Code     0  startup_stm32f407xx.o(.text)
    HASH_RNG_IRQHandler                      0x080001bb   Thumb Code     0  startup_stm32f407xx.o(.text)
    I2C1_ER_IRQHandler                       0x080001bb   Thumb Code     0  startup_stm32f407xx.o(.text)
    I2C1_EV_IRQHandler                       0x080001bb   Thumb Code     0  startup_stm32f407xx.o(.text)
    I2C2_ER_IRQHandler                       0x080001bb   Thumb Code     0  startup_stm32f407xx.o(.text)
    I2C2_EV_IRQHandler                       0x080001bb   Thumb Code     0  startup_stm32f407xx.o(.text)
    I2C3_ER_IRQHandler                       0x080001bb   Thumb Code     0  startup_stm32f407xx.o(.text)
    I2C3_EV_IRQHandler                       0x080001bb   Thumb Code     0  startup_stm32f407xx.o(.text)
    OTG_FS_IRQHandler                        0x080001bb   Thumb Code     0  startup_stm32f407xx.o(.text)
    OTG_FS_WKUP_IRQHandler                   0x080001bb   Thumb Code     0  startup_stm32f407xx.o(.text)
    OTG_HS_EP1_IN_IRQHandler                 0x080001bb   Thumb Code     0  startup_stm32f407xx.o(.text)
    OTG_HS_EP1_OUT_IRQHandler                0x080001bb   Thumb Code     0  startup_stm32f407xx.o(.text)
    OTG_HS_IRQHandler                        0x080001bb   Thumb Code     0  startup_stm32f407xx.o(.text)
    OTG_HS_WKUP_IRQHandler                   0x080001bb   Thumb Code     0  startup_stm32f407xx.o(.text)
    PVD_IRQHandler                           0x080001bb   Thumb Code     0  startup_stm32f407xx.o(.text)
    RCC_IRQHandler                           0x080001bb   Thumb Code     0  startup_stm32f407xx.o(.text)
    RTC_Alarm_IRQHandler                     0x080001bb   Thumb Code     0  startup_stm32f407xx.o(.text)
    RTC_WKUP_IRQHandler                      0x080001bb   Thumb Code     0  startup_stm32f407xx.o(.text)
    SDIO_IRQHandler                          0x080001bb   Thumb Code     0  startup_stm32f407xx.o(.text)
    SPI1_IRQHandler                          0x080001bb   Thumb Code     0  startup_stm32f407xx.o(.text)
    SPI2_IRQHandler                          0x080001bb   Thumb Code     0  startup_stm32f407xx.o(.text)
    SPI3_IRQHandler                          0x080001bb   Thumb Code     0  startup_stm32f407xx.o(.text)
    TAMP_STAMP_IRQHandler                    0x080001bb   Thumb Code     0  startup_stm32f407xx.o(.text)
    TIM1_BRK_TIM9_IRQHandler                 0x080001bb   Thumb Code     0  startup_stm32f407xx.o(.text)
    TIM1_CC_IRQHandler                       0x080001bb   Thumb Code     0  startup_stm32f407xx.o(.text)
    TIM1_TRG_COM_TIM11_IRQHandler            0x080001bb   Thumb Code     0  startup_stm32f407xx.o(.text)
    TIM1_UP_TIM10_IRQHandler                 0x080001bb   Thumb Code     0  startup_stm32f407xx.o(.text)
    TIM2_IRQHandler                          0x080001bb   Thumb Code     0  startup_stm32f407xx.o(.text)
    TIM3_IRQHandler                          0x080001bb   Thumb Code     0  startup_stm32f407xx.o(.text)
    TIM4_IRQHandler                          0x080001bb   Thumb Code     0  startup_stm32f407xx.o(.text)
    TIM5_IRQHandler                          0x080001bb   Thumb Code     0  startup_stm32f407xx.o(.text)
    TIM6_DAC_IRQHandler                      0x080001bb   Thumb Code     0  startup_stm32f407xx.o(.text)
    TIM7_IRQHandler                          0x080001bb   Thumb Code     0  startup_stm32f407xx.o(.text)
    TIM8_BRK_TIM12_IRQHandler                0x080001bb   Thumb Code     0  startup_stm32f407xx.o(.text)
    TIM8_CC_IRQHandler                       0x080001bb   Thumb Code     0  startup_stm32f407xx.o(.text)
    TIM8_TRG_COM_TIM14_IRQHandler            0x080001bb   Thumb Code     0  startup_stm32f407xx.o(.text)
    TIM8_UP_TIM13_IRQHandler                 0x080001bb   Thumb Code     0  startup_stm32f407xx.o(.text)
    UART4_IRQHandler                         0x080001bb   Thumb Code     0  startup_stm32f407xx.o(.text)
    UART5_IRQHandler                         0x080001bb   Thumb Code     0  startup_stm32f407xx.o(.text)
    USART2_IRQHandler                        0x080001bb   Thumb Code     0  startup_stm32f407xx.o(.text)
    USART3_IRQHandler                        0x080001bb   Thumb Code     0  startup_stm32f407xx.o(.text)
    USART6_IRQHandler                        0x080001bb   Thumb Code     0  startup_stm32f407xx.o(.text)
    WWDG_IRQHandler                          0x080001bb   Thumb Code     0  startup_stm32f407xx.o(.text)
    __aeabi_uldivmod                         0x080001c5   Thumb Code    98  uldiv.o(.text)
    __aeabi_memcpy                           0x08000227   Thumb Code    36  memcpya.o(.text)
    __aeabi_memcpy4                          0x08000227   Thumb Code     0  memcpya.o(.text)
    __aeabi_memcpy8                          0x08000227   Thumb Code     0  memcpya.o(.text)
    __aeabi_memset                           0x0800024b   Thumb Code    14  memseta.o(.text)
    __aeabi_memset4                          0x0800024b   Thumb Code     0  memseta.o(.text)
    __aeabi_memset8                          0x0800024b   Thumb Code     0  memseta.o(.text)
    __aeabi_memclr                           0x08000259   Thumb Code     4  memseta.o(.text)
    __aeabi_memclr4                          0x08000259   Thumb Code     0  memseta.o(.text)
    __aeabi_memclr8                          0x08000259   Thumb Code     0  memseta.o(.text)
    _memset$wrapper                          0x0800025d   Thumb Code    18  memseta.o(.text)
    __aeabi_f2d                              0x0800026f   Thumb Code    38  f2d.o(.text)
    __aeabi_uidiv                            0x08000295   Thumb Code     0  uidiv.o(.text)
    __aeabi_uidivmod                         0x08000295   Thumb Code    44  uidiv.o(.text)
    __aeabi_llsl                             0x080002c1   Thumb Code    30  llshl.o(.text)
    _ll_shift_l                              0x080002c1   Thumb Code     0  llshl.o(.text)
    __aeabi_llsr                             0x080002df   Thumb Code    32  llushr.o(.text)
    _ll_ushift_r                             0x080002df   Thumb Code     0  llushr.o(.text)
    __I$use$fp                               0x080002ff   Thumb Code     0  iusefp.o(.text)
    __aeabi_dadd                             0x080002ff   Thumb Code   322  dadd.o(.text)
    __aeabi_dsub                             0x08000441   Thumb Code     6  dadd.o(.text)
    __aeabi_drsub                            0x08000447   Thumb Code     6  dadd.o(.text)
    __aeabi_dmul                             0x0800044d   Thumb Code   228  dmul.o(.text)
    __aeabi_ddiv                             0x08000531   Thumb Code   222  ddiv.o(.text)
    __aeabi_d2ulz                            0x0800060f   Thumb Code    48  dfixul.o(.text)
    __aeabi_cdrcmple                         0x08000641   Thumb Code    48  cdrcmple.o(.text)
    __scatterload                            0x08000671   Thumb Code    28  init.o(.text)
    __scatterload_rt2                        0x08000671   Thumb Code     0  init.o(.text)
    __aeabi_lasr                             0x08000695   Thumb Code    36  llsshr.o(.text)
    _ll_sshift_r                             0x08000695   Thumb Code     0  llsshr.o(.text)
    _double_round                            0x080006b9   Thumb Code    30  depilogue.o(.text)
    _double_epilogue                         0x080006d7   Thumb Code   156  depilogue.o(.text)
    APP_ALL_Init                             0x08000773   Thumb Code    28  app.o(i.APP_ALL_Init)
    APP_ALL_Start                            0x0800078f   Thumb Code    12  app.o(i.APP_ALL_Start)
    APP_MOTOR_Ctrl                           0x0800079b   Thumb Code    40  app_motor.o(i.APP_MOTOR_Ctrl)
    APP_MOTOR_Init                           0x080007c3   Thumb Code    12  app_motor.o(i.APP_MOTOR_Init)
    APP_MOTOR_Start                          0x080007cf   Thumb Code    12  app_motor.o(i.APP_MOTOR_Start)
    APP_SetSpeed                             0x080007dd   Thumb Code   206  app.o(i.APP_SetSpeed)
    BusFault_Handler                         0x080008f9   Thumb Code     4  stm32f4xx_it.o(i.BusFault_Handler)
    DMA2_Stream5_IRQHandler                  0x080008fd   Thumb Code    10  stm32f4xx_it.o(i.DMA2_Stream5_IRQHandler)
    DMA2_Stream7_IRQHandler                  0x0800090d   Thumb Code    10  stm32f4xx_it.o(i.DMA2_Stream7_IRQHandler)
    DebugMon_Handler                         0x08000a27   Thumb Code     2  stm32f4xx_it.o(i.DebugMon_Handler)
    ENCODER_Count                            0x08000a29   Thumb Code     8  encoder.o(i.ENCODER_Count)
    ENCODER_Init                             0x08000a35   Thumb Code   118  encoder.o(i.ENCODER_Init)
    ENCODER_Start                            0x08000ab5   Thumb Code    12  encoder.o(i.ENCODER_Start)
    Error_Handler                            0x08000ac5   Thumb Code     6  main.o(i.Error_Handler)
    HAL_DMA_Abort                            0x08000acb   Thumb Code   172  stm32f4xx_hal_dma.o(i.HAL_DMA_Abort)
    HAL_DMA_Abort_IT                         0x08000b77   Thumb Code    40  stm32f4xx_hal_dma.o(i.HAL_DMA_Abort_IT)
    HAL_DMA_IRQHandler                       0x08000ba1   Thumb Code   570  stm32f4xx_hal_dma.o(i.HAL_DMA_IRQHandler)
    HAL_DMA_Init                             0x08000de1   Thumb Code   232  stm32f4xx_hal_dma.o(i.HAL_DMA_Init)
    HAL_DMA_Start_IT                         0x08000ecd   Thumb Code   146  stm32f4xx_hal_dma.o(i.HAL_DMA_Start_IT)
    HAL_Delay                                0x08000f61   Thumb Code    36  stm32f4xx_hal.o(i.HAL_Delay)
    HAL_GPIO_Init                            0x08000f89   Thumb Code   454  stm32f4xx_hal_gpio.o(i.HAL_GPIO_Init)
    HAL_GPIO_ReadPin                         0x0800117d   Thumb Code    16  stm32f4xx_hal_gpio.o(i.HAL_GPIO_ReadPin)
    HAL_GPIO_WritePin                        0x0800118d   Thumb Code    12  stm32f4xx_hal_gpio.o(i.HAL_GPIO_WritePin)
    HAL_GetTick                              0x08001199   Thumb Code     6  stm32f4xx_hal.o(i.HAL_GetTick)
    HAL_IncTick                              0x080011a5   Thumb Code    16  stm32f4xx_hal.o(i.HAL_IncTick)
    HAL_Init                                 0x080011bd   Thumb Code    54  stm32f4xx_hal.o(i.HAL_Init)
    HAL_InitTick                             0x080011f9   Thumb Code    64  stm32f4xx_hal.o(i.HAL_InitTick)
    HAL_MspInit                              0x08001245   Thumb Code    68  stm32f4xx_hal_msp.o(i.HAL_MspInit)
    HAL_NVIC_EnableIRQ                       0x0800128d   Thumb Code    40  stm32f4xx_hal_cortex.o(i.HAL_NVIC_EnableIRQ)
    HAL_NVIC_SetPriority                     0x080012b5   Thumb Code   124  stm32f4xx_hal_cortex.o(i.HAL_NVIC_SetPriority)
    HAL_NVIC_SetPriorityGrouping             0x08001331   Thumb Code    32  stm32f4xx_hal_cortex.o(i.HAL_NVIC_SetPriorityGrouping)
    HAL_RCC_ClockConfig                      0x08001359   Thumb Code   368  stm32f4xx_hal_rcc.o(i.HAL_RCC_ClockConfig)
    HAL_RCC_GetHCLKFreq                      0x080014dd   Thumb Code     6  stm32f4xx_hal_rcc.o(i.HAL_RCC_GetHCLKFreq)
    HAL_RCC_GetPCLK1Freq                     0x080014e9   Thumb Code    22  stm32f4xx_hal_rcc.o(i.HAL_RCC_GetPCLK1Freq)
    HAL_RCC_GetPCLK2Freq                     0x08001509   Thumb Code    22  stm32f4xx_hal_rcc.o(i.HAL_RCC_GetPCLK2Freq)
    HAL_RCC_GetSysClockFreq                  0x08001529   Thumb Code   162  stm32f4xx_hal_rcc.o(i.HAL_RCC_GetSysClockFreq)
    HAL_RCC_OscConfig                        0x080015d9   Thumb Code  1172  stm32f4xx_hal_rcc.o(i.HAL_RCC_OscConfig)
    HAL_SYSTICK_Config                       0x08001a75   Thumb Code    52  stm32f4xx_hal_cortex.o(i.HAL_SYSTICK_Config)
    HAL_TIMEx_MasterConfigSynchronization    0x08001aa9   Thumb Code   150  stm32f4xx_hal_tim_ex.o(i.HAL_TIMEx_MasterConfigSynchronization)
    HAL_TIM_Encoder_Init                     0x08001b5d   Thumb Code   200  stm32f4xx_hal_tim.o(i.HAL_TIM_Encoder_Init)
    HAL_TIM_Encoder_MspInit                  0x08001c25   Thumb Code   122  encoder.o(i.HAL_TIM_Encoder_MspInit)
    HAL_TIM_Encoder_Start                    0x08001cad   Thumb Code   204  stm32f4xx_hal_tim.o(i.HAL_TIM_Encoder_Start)
    HAL_TIM_PWM_ConfigChannel                0x08001d79   Thumb Code   260  stm32f4xx_hal_tim.o(i.HAL_TIM_PWM_ConfigChannel)
    HAL_TIM_PWM_Init                         0x08001e7d   Thumb Code   102  stm32f4xx_hal_tim.o(i.HAL_TIM_PWM_Init)
    HAL_TIM_PWM_MspInit                      0x08001ee5   Thumb Code   120  motor.o(i.HAL_TIM_PWM_MspInit)
    HAL_TIM_PWM_Start                        0x08001f69   Thumb Code   238  stm32f4xx_hal_tim.o(i.HAL_TIM_PWM_Start)
    HAL_TIM_SlaveConfigSynchro               0x08002075   Thumb Code   108  stm32f4xx_hal_tim.o(i.HAL_TIM_SlaveConfigSynchro)
    HAL_UARTEx_RxEventCallback               0x080020e1   Thumb Code     2  stm32f4xx_hal_uart.o(i.HAL_UARTEx_RxEventCallback)
    HAL_UART_DMAStop                         0x080020e3   Thumb Code   138  stm32f4xx_hal_uart.o(i.HAL_UART_DMAStop)
    HAL_UART_ErrorCallback                   0x0800216d   Thumb Code     2  stm32f4xx_hal_uart.o(i.HAL_UART_ErrorCallback)
    HAL_UART_IRQHandler                      0x08002171   Thumb Code   772  stm32f4xx_hal_uart.o(i.HAL_UART_IRQHandler)
    HAL_UART_Init                            0x08002479   Thumb Code   118  stm32f4xx_hal_uart.o(i.HAL_UART_Init)
    HAL_UART_MspInit                         0x080024f1   Thumb Code   344  usart.o(i.HAL_UART_MspInit)
    HAL_UART_Receive_DMA                     0x08002665   Thumb Code    44  stm32f4xx_hal_uart.o(i.HAL_UART_Receive_DMA)
    HAL_UART_RxCpltCallback                  0x08002691   Thumb Code     2  stm32f4xx_hal_uart.o(i.HAL_UART_RxCpltCallback)
    HAL_UART_RxHalfCpltCallback              0x08002693   Thumb Code     2  stm32f4xx_hal_uart.o(i.HAL_UART_RxHalfCpltCallback)
    HAL_UART_Transmit                        0x08002695   Thumb Code   190  stm32f4xx_hal_uart.o(i.HAL_UART_Transmit)
    HAL_UART_TxCpltCallback                  0x08002753   Thumb Code     2  stm32f4xx_hal_uart.o(i.HAL_UART_TxCpltCallback)
    HardFault_Handler                        0x08002755   Thumb Code     4  stm32f4xx_it.o(i.HardFault_Handler)
    LED_Init                                 0x08002759   Thumb Code    92  led.o(i.LED_Init)
    MOTOR_Forward                            0x080027bd   Thumb Code    26  motor.o(i.MOTOR_Forward)
    MOTOR_Init                               0x080027dd   Thumb Code   138  motor.o(i.MOTOR_Init)
    MOTOR_Reversal                           0x08002871   Thumb Code    26  motor.o(i.MOTOR_Reversal)
    MOTOR_Start                              0x08002891   Thumb Code    14  motor.o(i.MOTOR_Start)
    MemManage_Handler                        0x080028a5   Thumb Code     4  stm32f4xx_it.o(i.MemManage_Handler)
    NMI_Handler                              0x080028a9   Thumb Code     4  stm32f4xx_it.o(i.NMI_Handler)
    PID_GetOutput                            0x080028ad   Thumb Code     6  pid.o(i.PID_GetOutput)
    PID_Init                                 0x080028b3   Thumb Code    40  pid.o(i.PID_Init)
    PID_Reset                                0x080028dd   Thumb Code    50  pid.o(i.PID_Reset)
    PID_SetTarget                            0x08002915   Thumb Code     6  pid.o(i.PID_SetTarget)
    PID_Update                               0x0800291d   Thumb Code   234  pid.o(i.PID_Update)
    PWM_Init                                 0x08002a0d   Thumb Code   152  motor.o(i.PWM_Init)
    PWM_SetSeppd                             0x08002aad   Thumb Code    34  motor.o(i.PWM_SetSeppd)
    PWM_Start                                0x08002ad5   Thumb Code    12  motor.o(i.PWM_Start)
    PendSV_Handler                           0x08002ae5   Thumb Code     2  stm32f4xx_it.o(i.PendSV_Handler)
    SEPPD_GetPWM                             0x08002ae9   Thumb Code    10  speed_control.o(i.SEPPD_GetPWM)
    SPEED_GetCurrentRPM                      0x08002af9   Thumb Code     8  speed_control.o(i.SPEED_GetCurrentRPM)
    SPEED_GetTargetRPM                       0x08002b05   Thumb Code     8  speed_control.o(i.SPEED_GetTargetRPM)
    SPEED_Init                               0x08002b11   Thumb Code    40  speed_control.o(i.SPEED_Init)
    SPEED_SetTarget                          0x08002b51   Thumb Code    32  speed_control.o(i.SPEED_SetTarget)
    SPEED_Update                             0x08002b79   Thumb Code   176  speed_control.o(i.SPEED_Update)
    SVC_Handler                              0x08002c49   Thumb Code     2  stm32f4xx_it.o(i.SVC_Handler)
    SysTick_Handler                          0x08002c4b   Thumb Code     8  stm32f4xx_it.o(i.SysTick_Handler)
    SystemClock_Config                       0x08002c55   Thumb Code   174  main.o(i.SystemClock_Config)
    SystemInit                               0x08002d0d   Thumb Code    14  system_stm32f4xx.o(i.SystemInit)
    TIM_Base_SetConfig                       0x08002d21   Thumb Code   178  stm32f4xx_hal_tim.o(i.TIM_Base_SetConfig)
    TIM_CCxChannelCmd                        0x08002e01   Thumb Code    34  stm32f4xx_hal_tim.o(i.TIM_CCxChannelCmd)
    TIM_ETR_SetConfig                        0x08002e23   Thumb Code    22  stm32f4xx_hal_tim.o(i.TIM_ETR_SetConfig)
    TIM_OC2_SetConfig                        0x08002ea9   Thumb Code   114  stm32f4xx_hal_tim.o(i.TIM_OC2_SetConfig)
    UART_Start_Receive_DMA                   0x08003605   Thumb Code   202  stm32f4xx_hal_uart.o(i.UART_Start_Receive_DMA)
    USART1_IRQHandler                        0x080037c9   Thumb Code    14  stm32f4xx_it.o(i.USART1_IRQHandler)
    USART_IDLE_Handler                       0x080037dd   Thumb Code   112  usart.o(i.USART_IDLE_Handler)
    USART_Init                               0x08003861   Thumb Code    44  usart.o(i.USART_Init)
    UsageFault_Handler                       0x08003895   Thumb Code     4  stm32f4xx_it.o(i.UsageFault_Handler)
    __0printf                                0x08003899   Thumb Code    22  printfa.o(i.__0printf)
    __1printf                                0x08003899   Thumb Code     0  printfa.o(i.__0printf)
    __2printf                                0x08003899   Thumb Code     0  printfa.o(i.__0printf)
    __c89printf                              0x08003899   Thumb Code     0  printfa.o(i.__0printf)
    printf                                   0x08003899   Thumb Code     0  printfa.o(i.__0printf)
    __scatterload_copy                       0x080038f1   Thumb Code    14  handlers.o(i.__scatterload_copy)
    __scatterload_null                       0x080038ff   Thumb Code     2  handlers.o(i.__scatterload_null)
    __scatterload_zeroinit                   0x08003901   Thumb Code    14  handlers.o(i.__scatterload_zeroinit)
    fputc                                    0x0800419d   Thumb Code    22  usart.o(i.fputc)
    main                                     0x080041b9   Thumb Code   182  main.o(i.main)
    AHBPrescTable                            0x080042b4   Data          16  system_stm32f4xx.o(.constdata)
    APBPrescTable                            0x080042c4   Data           8  system_stm32f4xx.o(.constdata)
    Region$$Table$$Base                      0x080042d4   Number         0  anon$$obj.o(Region$$Table)
    Region$$Table$$Limit                     0x080042f4   Number         0  anon$$obj.o(Region$$Table)
    SystemCoreClock                          0x2000000c   Data           4  system_stm32f4xx.o(.data)
    uwTick                                   0x20000010   Data           4  stm32f4xx_hal.o(.data)
    uwTickPrio                               0x20000014   Data           4  stm32f4xx_hal.o(.data)
    uwTickFreq                               0x20000018   Data           1  stm32f4xx_hal.o(.data)
    usart_rx_len                             0x2000001a   Data           2  usart.o(.data)
    key_value                                0x20000028   Data           1  app.o(.data)
    speed_value                              0x2000002c   Data           4  app.o(.data)
    __stdout                                 0x20000030   Data           4  stdout.o(.data)
    htim3                                    0x20000034   Data          72  encoder.o(.bss)
    htim1                                    0x2000007c   Data          72  motor.o(.bss)
    huart1                                   0x200000c4   Data          72  usart.o(.bss)
    hdma_usart1_tx                           0x2000010c   Data          96  usart.o(.bss)
    hdma_usart1_rx                           0x2000016c   Data          96  usart.o(.bss)
    usart_rx_dma_buffer                      0x200001cc   Data         256  usart.o(.bss)
    usart_rx_data                            0x200002cc   Data         256  usart.o(.bss)
    __initial_sp                             0x200007f8   Data           0  startup_stm32f407xx.o(STACK)



==============================================================================

Memory Map of the image

  Image Entry point : 0x080001a1

  Load Region LR_1 (Base: 0x08000000, Size: 0x00004328, Max: 0xffffffff, ABSOLUTE)

    Execution Region ER_RO (Exec base: 0x08000000, Load base: 0x08000000, Size: 0x000042f4, Max: 0xffffffff, ABSOLUTE)

    Exec Addr    Load Addr    Size         Type   Attr      Idx    E Section Name        Object

    0x08000000   0x08000000   0x00000188   Data   RO          316    RESET               startup_stm32f407xx.o
    0x08000188   0x08000188   0x00000000   Code   RO         2951  * .ARM.Collect$$$$00000000  mc_w.l(entry.o)
    0x08000188   0x08000188   0x00000004   Code   RO         3227    .ARM.Collect$$$$00000001  mc_w.l(entry2.o)
    0x0800018c   0x0800018c   0x00000004   Code   RO         3230    .ARM.Collect$$$$00000004  mc_w.l(entry5.o)
    0x08000190   0x08000190   0x00000000   Code   RO         3232    .ARM.Collect$$$$00000008  mc_w.l(entry7b.o)
    0x08000190   0x08000190   0x00000000   Code   RO         3234    .ARM.Collect$$$$0000000A  mc_w.l(entry8b.o)
    0x08000190   0x08000190   0x00000008   Code   RO         3235    .ARM.Collect$$$$0000000B  mc_w.l(entry9a.o)
    0x08000198   0x08000198   0x00000004   Code   RO         3242    .ARM.Collect$$$$0000000E  mc_w.l(entry12b.o)
    0x0800019c   0x0800019c   0x00000000   Code   RO         3237    .ARM.Collect$$$$0000000F  mc_w.l(entry10a.o)
    0x0800019c   0x0800019c   0x00000000   Code   RO         3239    .ARM.Collect$$$$00000011  mc_w.l(entry11a.o)
    0x0800019c   0x0800019c   0x00000004   Code   RO         3228    .ARM.Collect$$$$00002712  mc_w.l(entry2.o)
    0x080001a0   0x080001a0   0x00000024   Code   RO          317  * .text               startup_stm32f407xx.o
    0x080001c4   0x080001c4   0x00000062   Code   RO         2954    .text               mc_w.l(uldiv.o)
    0x08000226   0x08000226   0x00000024   Code   RO         2956    .text               mc_w.l(memcpya.o)
    0x0800024a   0x0800024a   0x00000024   Code   RO         2958    .text               mc_w.l(memseta.o)
    0x0800026e   0x0800026e   0x00000026   Code   RO         3225    .text               mf_w.l(f2d.o)
    0x08000294   0x08000294   0x0000002c   Code   RO         3244    .text               mc_w.l(uidiv.o)
    0x080002c0   0x080002c0   0x0000001e   Code   RO         3246    .text               mc_w.l(llshl.o)
    0x080002de   0x080002de   0x00000020   Code   RO         3248    .text               mc_w.l(llushr.o)
    0x080002fe   0x080002fe   0x00000000   Code   RO         3250    .text               mc_w.l(iusefp.o)
    0x080002fe   0x080002fe   0x0000014e   Code   RO         3251    .text               mf_w.l(dadd.o)
    0x0800044c   0x0800044c   0x000000e4   Code   RO         3253    .text               mf_w.l(dmul.o)
    0x08000530   0x08000530   0x000000de   Code   RO         3255    .text               mf_w.l(ddiv.o)
    0x0800060e   0x0800060e   0x00000030   Code   RO         3257    .text               mf_w.l(dfixul.o)
    0x0800063e   0x0800063e   0x00000002   PAD
    0x08000640   0x08000640   0x00000030   Code   RO         3259    .text               mf_w.l(cdrcmple.o)
    0x08000670   0x08000670   0x00000024   Code   RO         3261    .text               mc_w.l(init.o)
    0x08000694   0x08000694   0x00000024   Code   RO         3263    .text               mc_w.l(llsshr.o)
    0x080006b8   0x080006b8   0x000000ba   Code   RO         3265    .text               mf_w.l(depilogue.o)
    0x08000772   0x08000772   0x0000001c   Code   RO         2851    i.APP_ALL_Init      app.o
    0x0800078e   0x0800078e   0x0000000c   Code   RO         2852    i.APP_ALL_Start     app.o
    0x0800079a   0x0800079a   0x00000028   Code   RO         2908    i.APP_MOTOR_Ctrl    app_motor.o
    0x080007c2   0x080007c2   0x0000000c   Code   RO         2909    i.APP_MOTOR_Init    app_motor.o
    0x080007ce   0x080007ce   0x0000000c   Code   RO         2910    i.APP_MOTOR_Start   app_motor.o
    0x080007da   0x080007da   0x00000002   PAD
    0x080007dc   0x080007dc   0x0000011c   Code   RO         2855    i.APP_SetSpeed      app.o
    0x080008f8   0x080008f8   0x00000004   Code   RO          187    i.BusFault_Handler  stm32f4xx_it.o
    0x080008fc   0x080008fc   0x00000010   Code   RO          188    i.DMA2_Stream5_IRQHandler  stm32f4xx_it.o
    0x0800090c   0x0800090c   0x00000010   Code   RO          189    i.DMA2_Stream7_IRQHandler  stm32f4xx_it.o
    0x0800091c   0x0800091c   0x00000034   Code   RO         2232    i.DMA_CalcBaseAndBitshift  stm32f4xx_hal_dma.o
    0x08000950   0x08000950   0x000000aa   Code   RO         2233    i.DMA_CheckFifoParam  stm32f4xx_hal_dma.o
    0x080009fa   0x080009fa   0x0000002c   Code   RO         2234    i.DMA_SetConfig     stm32f4xx_hal_dma.o
    0x08000a26   0x08000a26   0x00000002   Code   RO          190    i.DebugMon_Handler  stm32f4xx_it.o
    0x08000a28   0x08000a28   0x0000000c   Code   RO         2398    i.ENCODER_Count     encoder.o
    0x08000a34   0x08000a34   0x00000080   Code   RO         2400    i.ENCODER_Init      encoder.o
    0x08000ab4   0x08000ab4   0x00000010   Code   RO         2401    i.ENCODER_Start     encoder.o
    0x08000ac4   0x08000ac4   0x00000006   Code   RO            4    i.Error_Handler     main.o
    0x08000aca   0x08000aca   0x000000ac   Code   RO         2235    i.HAL_DMA_Abort     stm32f4xx_hal_dma.o
    0x08000b76   0x08000b76   0x00000028   Code   RO         2236    i.HAL_DMA_Abort_IT  stm32f4xx_hal_dma.o
    0x08000b9e   0x08000b9e   0x00000002   PAD
    0x08000ba0   0x08000ba0   0x00000240   Code   RO         2240    i.HAL_DMA_IRQHandler  stm32f4xx_hal_dma.o
    0x08000de0   0x08000de0   0x000000ec   Code   RO         2241    i.HAL_DMA_Init      stm32f4xx_hal_dma.o
    0x08000ecc   0x08000ecc   0x00000092   Code   RO         2245    i.HAL_DMA_Start_IT  stm32f4xx_hal_dma.o
    0x08000f5e   0x08000f5e   0x00000002   PAD
    0x08000f60   0x08000f60   0x00000028   Code   RO          331    i.HAL_Delay         stm32f4xx_hal.o
    0x08000f88   0x08000f88   0x000001f4   Code   RO         1638    i.HAL_GPIO_Init     stm32f4xx_hal_gpio.o
    0x0800117c   0x0800117c   0x00000010   Code   RO         1640    i.HAL_GPIO_ReadPin  stm32f4xx_hal_gpio.o
    0x0800118c   0x0800118c   0x0000000c   Code   RO         1642    i.HAL_GPIO_WritePin  stm32f4xx_hal_gpio.o
    0x08001198   0x08001198   0x0000000c   Code   RO          337    i.HAL_GetTick       stm32f4xx_hal.o
    0x080011a4   0x080011a4   0x00000018   Code   RO          343    i.HAL_IncTick       stm32f4xx_hal.o
    0x080011bc   0x080011bc   0x0000003c   Code   RO          344    i.HAL_Init          stm32f4xx_hal.o
    0x080011f8   0x080011f8   0x0000004c   Code   RO          345    i.HAL_InitTick      stm32f4xx_hal.o
    0x08001244   0x08001244   0x00000048   Code   RO          163    i.HAL_MspInit       stm32f4xx_hal_msp.o
    0x0800128c   0x0800128c   0x00000028   Code   RO         1709    i.HAL_NVIC_EnableIRQ  stm32f4xx_hal_cortex.o
    0x080012b4   0x080012b4   0x0000007c   Code   RO         1715    i.HAL_NVIC_SetPriority  stm32f4xx_hal_cortex.o
    0x08001330   0x08001330   0x00000028   Code   RO         1716    i.HAL_NVIC_SetPriorityGrouping  stm32f4xx_hal_cortex.o
    0x08001358   0x08001358   0x00000184   Code   RO          550    i.HAL_RCC_ClockConfig  stm32f4xx_hal_rcc.o
    0x080014dc   0x080014dc   0x0000000c   Code   RO          555    i.HAL_RCC_GetHCLKFreq  stm32f4xx_hal_rcc.o
    0x080014e8   0x080014e8   0x00000020   Code   RO          557    i.HAL_RCC_GetPCLK1Freq  stm32f4xx_hal_rcc.o
    0x08001508   0x08001508   0x00000020   Code   RO          558    i.HAL_RCC_GetPCLK2Freq  stm32f4xx_hal_rcc.o
    0x08001528   0x08001528   0x000000b0   Code   RO          559    i.HAL_RCC_GetSysClockFreq  stm32f4xx_hal_rcc.o
    0x080015d8   0x080015d8   0x0000049c   Code   RO          562    i.HAL_RCC_OscConfig  stm32f4xx_hal_rcc.o
    0x08001a74   0x08001a74   0x00000034   Code   RO         1720    i.HAL_SYSTICK_Config  stm32f4xx_hal_cortex.o
    0x08001aa8   0x08001aa8   0x000000b4   Code   RO         1387    i.HAL_TIMEx_MasterConfigSynchronization  stm32f4xx_hal_tim_ex.o
    0x08001b5c   0x08001b5c   0x000000c8   Code   RO          674    i.HAL_TIM_Encoder_Init  stm32f4xx_hal_tim.o
    0x08001c24   0x08001c24   0x00000088   Code   RO         2403    i.HAL_TIM_Encoder_MspInit  encoder.o
    0x08001cac   0x08001cac   0x000000cc   Code   RO          677    i.HAL_TIM_Encoder_Start  stm32f4xx_hal_tim.o
    0x08001d78   0x08001d78   0x00000104   Code   RO          725    i.HAL_TIM_PWM_ConfigChannel  stm32f4xx_hal_tim.o
    0x08001e7c   0x08001e7c   0x00000066   Code   RO          728    i.HAL_TIM_PWM_Init  stm32f4xx_hal_tim.o
    0x08001ee2   0x08001ee2   0x00000002   PAD
    0x08001ee4   0x08001ee4   0x00000084   Code   RO         2557    i.HAL_TIM_PWM_MspInit  motor.o
    0x08001f68   0x08001f68   0x0000010c   Code   RO          733    i.HAL_TIM_PWM_Start  stm32f4xx_hal_tim.o
    0x08002074   0x08002074   0x0000006c   Code   RO          742    i.HAL_TIM_SlaveConfigSynchro  stm32f4xx_hal_tim.o
    0x080020e0   0x080020e0   0x00000002   Code   RO         1871    i.HAL_UARTEx_RxEventCallback  stm32f4xx_hal_uart.o
    0x080020e2   0x080020e2   0x0000008a   Code   RO         1883    i.HAL_UART_DMAStop  stm32f4xx_hal_uart.o
    0x0800216c   0x0800216c   0x00000002   Code   RO         1885    i.HAL_UART_ErrorCallback  stm32f4xx_hal_uart.o
    0x0800216e   0x0800216e   0x00000002   PAD
    0x08002170   0x08002170   0x00000308   Code   RO         1888    i.HAL_UART_IRQHandler  stm32f4xx_hal_uart.o
    0x08002478   0x08002478   0x00000076   Code   RO         1889    i.HAL_UART_Init     stm32f4xx_hal_uart.o
    0x080024ee   0x080024ee   0x00000002   PAD
    0x080024f0   0x080024f0   0x00000174   Code   RO         2653    i.HAL_UART_MspInit  usart.o
    0x08002664   0x08002664   0x0000002c   Code   RO         1893    i.HAL_UART_Receive_DMA  stm32f4xx_hal_uart.o
    0x08002690   0x08002690   0x00000002   Code   RO         1895    i.HAL_UART_RxCpltCallback  stm32f4xx_hal_uart.o
    0x08002692   0x08002692   0x00000002   Code   RO         1896    i.HAL_UART_RxHalfCpltCallback  stm32f4xx_hal_uart.o
    0x08002694   0x08002694   0x000000be   Code   RO         1897    i.HAL_UART_Transmit  stm32f4xx_hal_uart.o
    0x08002752   0x08002752   0x00000002   Code   RO         1900    i.HAL_UART_TxCpltCallback  stm32f4xx_hal_uart.o
    0x08002754   0x08002754   0x00000004   Code   RO          191    i.HardFault_Handler  stm32f4xx_it.o
    0x08002758   0x08002758   0x00000064   Code   RO         2499    i.LED_Init          led.o
    0x080027bc   0x080027bc   0x00000020   Code   RO         2558    i.MOTOR_Forward     motor.o
    0x080027dc   0x080027dc   0x00000094   Code   RO         2559    i.MOTOR_Init        motor.o
    0x08002870   0x08002870   0x00000020   Code   RO         2560    i.MOTOR_Reversal    motor.o
    0x08002890   0x08002890   0x00000014   Code   RO         2561    i.MOTOR_Start       motor.o
    0x080028a4   0x080028a4   0x00000004   Code   RO          192    i.MemManage_Handler  stm32f4xx_it.o
    0x080028a8   0x080028a8   0x00000004   Code   RO          193    i.NMI_Handler       stm32f4xx_it.o
    0x080028ac   0x080028ac   0x00000006   Code   RO         2731    i.PID_GetOutput     pid.o
    0x080028b2   0x080028b2   0x00000028   Code   RO         2732    i.PID_Init          pid.o
    0x080028da   0x080028da   0x00000002   PAD
    0x080028dc   0x080028dc   0x00000038   Code   RO         2733    i.PID_Reset         pid.o
    0x08002914   0x08002914   0x00000006   Code   RO         2734    i.PID_SetTarget     pid.o
    0x0800291a   0x0800291a   0x00000002   PAD
    0x0800291c   0x0800291c   0x000000f0   Code   RO         2735    i.PID_Update        pid.o
    0x08002a0c   0x08002a0c   0x000000a0   Code   RO         2563    i.PWM_Init          motor.o
    0x08002aac   0x08002aac   0x00000028   Code   RO         2565    i.PWM_SetSeppd      motor.o
    0x08002ad4   0x08002ad4   0x00000010   Code   RO         2566    i.PWM_Start         motor.o
    0x08002ae4   0x08002ae4   0x00000002   Code   RO          194    i.PendSV_Handler    stm32f4xx_it.o
    0x08002ae6   0x08002ae6   0x00000002   PAD
    0x08002ae8   0x08002ae8   0x00000010   Code   RO         2782    i.SEPPD_GetPWM      speed_control.o
    0x08002af8   0x08002af8   0x0000000c   Code   RO         2783    i.SPEED_GetCurrentRPM  speed_control.o
    0x08002b04   0x08002b04   0x0000000c   Code   RO         2784    i.SPEED_GetTargetRPM  speed_control.o
    0x08002b10   0x08002b10   0x00000040   Code   RO         2785    i.SPEED_Init        speed_control.o
    0x08002b50   0x08002b50   0x00000028   Code   RO         2786    i.SPEED_SetTarget   speed_control.o
    0x08002b78   0x08002b78   0x000000d0   Code   RO         2787    i.SPEED_Update      speed_control.o
    0x08002c48   0x08002c48   0x00000002   Code   RO          195    i.SVC_Handler       stm32f4xx_it.o
    0x08002c4a   0x08002c4a   0x00000008   Code   RO          196    i.SysTick_Handler   stm32f4xx_it.o
    0x08002c52   0x08002c52   0x00000002   PAD
    0x08002c54   0x08002c54   0x000000b8   Code   RO            5    i.SystemClock_Config  main.o
    0x08002d0c   0x08002d0c   0x00000014   Code   RO          281    i.SystemInit        system_stm32f4xx.o
    0x08002d20   0x08002d20   0x000000e0   Code   RO          746    i.TIM_Base_SetConfig  stm32f4xx_hal_tim.o
    0x08002e00   0x08002e00   0x00000022   Code   RO          747    i.TIM_CCxChannelCmd  stm32f4xx_hal_tim.o
    0x08002e22   0x08002e22   0x00000016   Code   RO          757    i.TIM_ETR_SetConfig  stm32f4xx_hal_tim.o
    0x08002e38   0x08002e38   0x00000070   Code   RO          759    i.TIM_OC1_SetConfig  stm32f4xx_hal_tim.o
    0x08002ea8   0x08002ea8   0x0000007c   Code   RO          760    i.TIM_OC2_SetConfig  stm32f4xx_hal_tim.o
    0x08002f24   0x08002f24   0x00000078   Code   RO          761    i.TIM_OC3_SetConfig  stm32f4xx_hal_tim.o
    0x08002f9c   0x08002f9c   0x00000054   Code   RO          762    i.TIM_OC4_SetConfig  stm32f4xx_hal_tim.o
    0x08002ff0   0x08002ff0   0x000000b2   Code   RO          763    i.TIM_SlaveTimer_SetConfig  stm32f4xx_hal_tim.o
    0x080030a2   0x080030a2   0x00000026   Code   RO          764    i.TIM_TI1_ConfigInputStage  stm32f4xx_hal_tim.o
    0x080030c8   0x080030c8   0x00000028   Code   RO          766    i.TIM_TI2_ConfigInputStage  stm32f4xx_hal_tim.o
    0x080030f0   0x080030f0   0x00000012   Code   RO         1902    i.UART_DMAAbortOnError  stm32f4xx_hal_uart.o
    0x08003102   0x08003102   0x00000050   Code   RO         1903    i.UART_DMAError     stm32f4xx_hal_uart.o
    0x08003152   0x08003152   0x000000b4   Code   RO         1904    i.UART_DMAReceiveCplt  stm32f4xx_hal_uart.o
    0x08003206   0x08003206   0x00000024   Code   RO         1906    i.UART_DMARxHalfCplt  stm32f4xx_hal_uart.o
    0x0800322a   0x0800322a   0x0000006c   Code   RO         1912    i.UART_EndRxTransfer  stm32f4xx_hal_uart.o
    0x08003296   0x08003296   0x00000020   Code   RO         1913    i.UART_EndTransmit_IT  stm32f4xx_hal_uart.o
    0x080032b6   0x080032b6   0x00000026   Code   RO         1914    i.UART_EndTxTransfer  stm32f4xx_hal_uart.o
    0x080032dc   0x080032dc   0x000000fc   Code   RO         1915    i.UART_Receive_IT   stm32f4xx_hal_uart.o
    0x080033d8   0x080033d8   0x0000022c   Code   RO         1916    i.UART_SetConfig    stm32f4xx_hal_uart.o
    0x08003604   0x08003604   0x000000d8   Code   RO         1917    i.UART_Start_Receive_DMA  stm32f4xx_hal_uart.o
    0x080036dc   0x080036dc   0x00000060   Code   RO         1919    i.UART_Transmit_IT  stm32f4xx_hal_uart.o
    0x0800373c   0x0800373c   0x0000008c   Code   RO         1920    i.UART_WaitOnFlagUntilTimeout  stm32f4xx_hal_uart.o
    0x080037c8   0x080037c8   0x00000014   Code   RO          197    i.USART1_IRQHandler  stm32f4xx_it.o
    0x080037dc   0x080037dc   0x00000084   Code   RO         2656    i.USART_IDLE_Handler  usart.o
    0x08003860   0x08003860   0x00000034   Code   RO         2657    i.USART_Init        usart.o
    0x08003894   0x08003894   0x00000004   Code   RO          198    i.UsageFault_Handler  stm32f4xx_it.o
    0x08003898   0x08003898   0x00000020   Code   RO         3197    i.__0printf         mc_w.l(printfa.o)
    0x080038b8   0x080038b8   0x00000010   Code   RO         1722    i.__NVIC_GetPriorityGrouping  stm32f4xx_hal_cortex.o
    0x080038c8   0x080038c8   0x00000028   Code   RO         1723    i.__NVIC_SetPriority  stm32f4xx_hal_cortex.o
    0x080038f0   0x080038f0   0x0000000e   Code   RO         3269    i.__scatterload_copy  mc_w.l(handlers.o)
    0x080038fe   0x080038fe   0x00000002   Code   RO         3270    i.__scatterload_null  mc_w.l(handlers.o)
    0x08003900   0x08003900   0x0000000e   Code   RO         3271    i.__scatterload_zeroinit  mc_w.l(handlers.o)
    0x0800390e   0x0800390e   0x00000002   PAD
    0x08003910   0x08003910   0x00000184   Code   RO         3204    i._fp_digits        mc_w.l(printfa.o)
    0x08003a94   0x08003a94   0x000006b4   Code   RO         3205    i._printf_core      mc_w.l(printfa.o)
    0x08004148   0x08004148   0x00000024   Code   RO         3206    i._printf_post_padding  mc_w.l(printfa.o)
    0x0800416c   0x0800416c   0x0000002e   Code   RO         3207    i._printf_pre_padding  mc_w.l(printfa.o)
    0x0800419a   0x0800419a   0x00000002   PAD
    0x0800419c   0x0800419c   0x0000001c   Code   RO         2660    i.fputc             usart.o
    0x080041b8   0x080041b8   0x000000fc   Code   RO            6    i.main              main.o
    0x080042b4   0x080042b4   0x00000018   Data   RO          282    .constdata          system_stm32f4xx.o
    0x080042cc   0x080042cc   0x00000008   Data   RO         2247    .constdata          stm32f4xx_hal_dma.o
    0x080042d4   0x080042d4   0x00000020   Data   RO         3267    Region$$Table       anon$$obj.o


    Execution Region ER_RW (Exec base: 0x20000000, Load base: 0x080042f4, Size: 0x00000034, Max: 0xffffffff, ABSOLUTE)

    Exec Addr    Load Addr    Size         Type   Attr      Idx    E Section Name        Object

    0x20000000   0x080042f4   0x0000000c   Data   RW            7    .data               main.o
    0x2000000c   0x08004300   0x00000004   Data   RW          283    .data               system_stm32f4xx.o
    0x20000010   0x08004304   0x00000009   Data   RW          351    .data               stm32f4xx_hal.o
    0x20000019   0x0800430d   0x00000001   PAD
    0x2000001a   0x0800430e   0x00000002   Data   RW         2662    .data               usart.o
    0x2000001c   0x08004310   0x0000000c   Data   RW         2789    .data               speed_control.o
    0x20000028   0x0800431c   0x00000008   Data   RW         2856    .data               app.o
    0x20000030   0x08004324   0x00000004   Data   RW         3243    .data               mc_w.l(stdout.o)


    Execution Region ER_ZI (Exec base: 0x20000034, Load base: 0x08004328, Size: 0x000007c4, Max: 0xffffffff, ABSOLUTE)

    Exec Addr    Load Addr    Size         Type   Attr      Idx    E Section Name        Object

    0x20000034        -       0x00000048   Zero   RW         2404    .bss                encoder.o
    0x2000007c        -       0x00000048   Zero   RW         2568    .bss                motor.o
    0x200000c4        -       0x00000308   Zero   RW         2661    .bss                usart.o
    0x200003cc        -       0x0000002c   Zero   RW         2788    .bss                speed_control.o
    0x200003f8        -       0x00000400   Zero   RW          314    STACK               startup_stm32f407xx.o


==============================================================================

Image component sizes


      Code (inc. data)   RO Data    RW Data    ZI Data      Debug   Object Name

       324         78          0          8          0       1690   app.o
        64          0          0          0          0       1484   app_motor.o
       292         32          0          0         72       2741   encoder.o
       100          8          0          0          0        787   led.o
       442         80          0         12          0     693756   main.o
       580         58          0          0         72       4728   motor.o
       348         12          0          0          0       3552   pid.o
       352         78          0         12         44       4116   speed_control.o
        36          8        392          0       1024        796   startup_stm32f407xx.o
       212         36          0          9          0       9173   stm32f4xx_hal.o
       312         22          0          0          0      34143   stm32f4xx_hal_cortex.o
      1436         16          8          0          0       6782   stm32f4xx_hal_dma.o
       528         46          0          0          0       2671   stm32f4xx_hal_gpio.o
        72          4          0          0          0        778   stm32f4xx_hal_msp.o
      1820         84          0          0          0       5444   stm32f4xx_hal_rcc.o
      2118        120          0          0          0      12980   stm32f4xx_hal_tim.o
       180         30          0          0          0       1312   stm32f4xx_hal_tim_ex.o
      3028         28          0          0          0      16965   stm32f4xx_hal_uart.o
        86         18          0          0          0       5306   stm32f4xx_it.o
        20          6         24          4          0       1091   system_stm32f4xx.o
       584         62          0          2        776       3191   usart.o

    ----------------------------------------------------------------------
     12954        826        456         48       1988     813486   Object Totals
         0          0         32          0          0          0   (incl. Generated)
        20          0          0          1          0          0   (incl. Padding)

    ----------------------------------------------------------------------

      Code (inc. data)   RO Data    RW Data    ZI Data      Debug   Library Member Name

         0          0          0          0          0          0   entry.o
         0          0          0          0          0          0   entry10a.o
         0          0          0          0          0          0   entry11a.o
         4          0          0          0          0          0   entry12b.o
         8          4          0          0          0          0   entry2.o
         4          0          0          0          0          0   entry5.o
         0          0          0          0          0          0   entry7b.o
         0          0          0          0          0          0   entry8b.o
         8          4          0          0          0          0   entry9a.o
        30          0          0          0          0          0   handlers.o
        36          8          0          0          0         68   init.o
         0          0          0          0          0          0   iusefp.o
        30          0          0          0          0         68   llshl.o
        36          0          0          0          0         68   llsshr.o
        32          0          0          0          0         68   llushr.o
        36          0          0          0          0         68   memcpya.o
        36          0          0          0          0        108   memseta.o
      2218         90          0          0          0        464   printfa.o
         0          0          0          4          0          0   stdout.o
        44          0          0          0          0         80   uidiv.o
        98          0          0          0          0         92   uldiv.o
        48          0          0          0          0         68   cdrcmple.o
       334          0          0          0          0        148   dadd.o
       222          0          0          0          0        100   ddiv.o
       186          0          0          0          0        176   depilogue.o
        48          0          0          0          0         68   dfixul.o
       228          0          0          0          0         96   dmul.o
        38          0          0          0          0         68   f2d.o

    ----------------------------------------------------------------------
      3730        106          0          4          0       1808   Library Totals
         6          0          0          0          0          0   (incl. Padding)

    ----------------------------------------------------------------------

      Code (inc. data)   RO Data    RW Data    ZI Data      Debug   Library Name

      2620        106          0          4          0       1084   mc_w.l
      1104          0          0          0          0        724   mf_w.l

    ----------------------------------------------------------------------
      3730        106          0          4          0       1808   Library Totals

    ----------------------------------------------------------------------

==============================================================================


      Code (inc. data)   RO Data    RW Data    ZI Data      Debug   

     16684        932        456         52       1988     803814   Grand Totals
     16684        932        456         52       1988     803814   ELF Image Totals
     16684        932        456         52          0          0   ROM Totals

==============================================================================

    Total RO  Size (Code + RO Data)                17140 (  16.74kB)
    Total RW  Size (RW Data + ZI Data)              2040 (   1.99kB)
    Total ROM Size (Code + RO Data + RW Data)      17192 (  16.79kB)

==============================================================================

